Archive member included because of file (symbol)

/home/houxd/prog/NXP/S32DS_ARM_v2.0/S32DS/arm_ewl2/lib/armv7e-m/fpu/libc99.a(printf.o)
                              ./src/main.o (printf)
/home/houxd/prog/NXP/S32DS_ARM_v2.0/S32DS/arm_ewl2/lib/armv7e-m/fpu/libc99.a(snprintf.o)
                              ./src/main.o (snprintf)
/home/houxd/prog/NXP/S32DS_ARM_v2.0/S32DS/arm_ewl2/lib/armv7e-m/fpu/libc99.a(sprintf.o)
                              ./bl/SPI_MSD0_Driver.o (sprintf)
/home/houxd/prog/NXP/S32DS_ARM_v2.0/S32DS/arm_ewl2/lib/armv7e-m/fpu/libc99.a(sscanf.o)
                              ./src/main.o (sscanf)
/home/houxd/prog/NXP/S32DS_ARM_v2.0/S32DS/arm_ewl2/lib/armv7e-m/fpu/libc99.a(vprintf.o)
                              ./src/main.o (vprintf)
/home/houxd/prog/NXP/S32DS_ARM_v2.0/S32DS/arm_ewl2/lib/armv7e-m/fpu/libc99.a(vsnprintf.o)
                              /home/houxd/prog/NXP/S32DS_ARM_v2.0/S32DS/arm_ewl2/lib/armv7e-m/fpu/libc99.a(snprintf.o) (vsnprintf)
/home/houxd/prog/NXP/S32DS_ARM_v2.0/S32DS/arm_ewl2/lib/armv7e-m/fpu/libc99.a(vsscanf.o)
                              /home/houxd/prog/NXP/S32DS_ARM_v2.0/S32DS/arm_ewl2/lib/armv7e-m/fpu/libc99.a(sscanf.o) (vsscanf)
/home/houxd/prog/NXP/S32DS_ARM_v2.0/S32DS/arm_ewl2/lib/armv7e-m/fpu/libc99.a(exit.o)
                              /home/houxd/prog/NXP/S32DS_ARM_v2.0/S32DS/arm_ewl2/lib/armv7e-m/fpu/__arm_start-hosted.o (exit)
/home/houxd/prog/NXP/S32DS_ARM_v2.0/S32DS/arm_ewl2/lib/armv7e-m/fpu/libc99.a(memcpy.o)
                              ./src/convert.o (memcpy)
/home/houxd/prog/NXP/S32DS_ARM_v2.0/S32DS/arm_ewl2/lib/armv7e-m/fpu/libc99.a(memset.o)
                              /home/houxd/prog/NXP/S32DS_ARM_v2.0/S32DS/arm_ewl2/lib/armv7e-m/fpu/__arm_start-hosted.o (memset)
/home/houxd/prog/NXP/S32DS_ARM_v2.0/S32DS/arm_ewl2/lib/armv7e-m/fpu/libc99.a(strchr.o)
                              ./src/convert.o (strchr)
/home/houxd/prog/NXP/S32DS_ARM_v2.0/S32DS/arm_ewl2/lib/armv7e-m/fpu/libc99.a(strcmp.o)
                              ./src/main.o (strcmp)
/home/houxd/prog/NXP/S32DS_ARM_v2.0/S32DS/arm_ewl2/lib/armv7e-m/fpu/libc99.a(strcpy.o)
                              ./src/main.o (strcpy)
/home/houxd/prog/NXP/S32DS_ARM_v2.0/S32DS/arm_ewl2/lib/armv7e-m/fpu/libc99.a(strlen.o)
                              ./src/main.o (strlen)
/home/houxd/prog/NXP/S32DS_ARM_v2.0/S32DS/arm_ewl2/lib/armv7e-m/fpu/libc99.a(strspn.o)
                              ./src/main.o (strspn)
/home/houxd/prog/NXP/S32DS_ARM_v2.0/S32DS/arm_ewl2/lib/armv7e-m/fpu/libc99.a(fgetwc.o)
                              /home/houxd/prog/NXP/S32DS_ARM_v2.0/S32DS/arm_ewl2/lib/armv7e-m/fpu/libc99.a(printf.o) (getwc)
/home/houxd/prog/NXP/S32DS_ARM_v2.0/S32DS/arm_ewl2/lib/armv7e-m/fpu/libc99.a(fwide.o)
                              /home/houxd/prog/NXP/S32DS_ARM_v2.0/S32DS/arm_ewl2/lib/armv7e-m/fpu/libc99.a(printf.o) (fwide)
/home/houxd/prog/NXP/S32DS_ARM_v2.0/S32DS/arm_ewl2/lib/armv7e-m/fpu/libc99.a(__wgetchar.o)
                              /home/houxd/prog/NXP/S32DS_ARM_v2.0/S32DS/arm_ewl2/lib/armv7e-m/fpu/libc99.a(fgetwc.o) (__fgetwc)
/home/houxd/prog/NXP/S32DS_ARM_v2.0/S32DS/arm_ewl2/lib/armv7e-m/fpu/libc99.a(__printformat.o)
                              /home/houxd/prog/NXP/S32DS_ARM_v2.0/S32DS/arm_ewl2/lib/armv7e-m/fpu/libc99.a(printf.o) (__pformatter)
/home/houxd/prog/NXP/S32DS_ARM_v2.0/S32DS/arm_ewl2/lib/armv7e-m/fpu/libc99.a(__scanformat.o)
                              /home/houxd/prog/NXP/S32DS_ARM_v2.0/S32DS/arm_ewl2/lib/armv7e-m/fpu/libc99.a(vsscanf.o) (__sformatter)
/home/houxd/prog/NXP/S32DS_ARM_v2.0/S32DS/arm_ewl2/lib/armv7e-m/fpu/libc99.a(ctype_aeabi.o)
                              /home/houxd/prog/NXP/S32DS_ARM_v2.0/S32DS/arm_ewl2/lib/armv7e-m/fpu/libc99.a(__scanformat.o) (isspace)
/home/houxd/prog/NXP/S32DS_ARM_v2.0/S32DS/arm_ewl2/lib/armv7e-m/fpu/libc99.a(secure_error.o)
                              /home/houxd/prog/NXP/S32DS_ARM_v2.0/S32DS/arm_ewl2/lib/armv7e-m/fpu/libc99.a(__printformat.o) (__ewl_runtime_constraint_violation_s)
/home/houxd/prog/NXP/S32DS_ARM_v2.0/S32DS/arm_ewl2/lib/armv7e-m/fpu/libc99.a(ansi_files.o)
                              /home/houxd/prog/NXP/S32DS_ARM_v2.0/S32DS/arm_ewl2/lib/armv7e-m/fpu/libc99.a(printf.o) (__files)
/home/houxd/prog/NXP/S32DS_ARM_v2.0/S32DS/arm_ewl2/lib/armv7e-m/fpu/libc99.a(fflush.o)
                              /home/houxd/prog/NXP/S32DS_ARM_v2.0/S32DS/arm_ewl2/lib/armv7e-m/fpu/libc99.a(ansi_files.o) (fflush)
/home/houxd/prog/NXP/S32DS_ARM_v2.0/S32DS/arm_ewl2/lib/armv7e-m/fpu/libc99.a(fread.o)
                              /home/houxd/prog/NXP/S32DS_ARM_v2.0/S32DS/arm_ewl2/lib/armv7e-m/fpu/libc99.a(__wgetchar.o) (__fread)
/home/houxd/prog/NXP/S32DS_ARM_v2.0/S32DS/arm_ewl2/lib/armv7e-m/fpu/libc99.a(fwrite.o)
                              /home/houxd/prog/NXP/S32DS_ARM_v2.0/S32DS/arm_ewl2/lib/armv7e-m/fpu/libc99.a(printf.o) (__FileWrite)
/home/houxd/prog/NXP/S32DS_ARM_v2.0/S32DS/arm_ewl2/lib/armv7e-m/fpu/libc99.a(__strtold.o)
[...]
Memory Configuration

Name             Origin             Length             Attributes
m_interrupts     0x00000000         0x00000400         xr
m_flash_config   0x00000400         0x00000010         xr
m_text           0x00000410         0x0007fbf0         xr
m_data           0x1fff8000         0x00008000         rw
m_data_2         0x20000000         0x00007000         rw
*default*        0x00000000         0xffffffff

Linker script and memory map

LOAD /home/houxd/prog/NXP/S32DS_ARM_v2.0/S32DS/arm_ewl2/lib/armv7e-m/fpu/__arm_start-hosted.o
LOAD ./src/main.o
LOAD ./src/convert.o
LOAD ./fatfs/unicode.o
LOAD ./fatfs/ff.o
LOAD ./fatfs/diskio.o
LOAD ./fatfs/ccsbcs.o
LOAD ./bl/timelib.o
LOAD ./bl/softonewire.o
LOAD ./bl/softi2c.o
LOAD ./bl/ds3231.o
LOAD ./bl/ds2411.o
LOAD ./bl/clocks_and_modes.o
LOAD ./bl/bl.o
LOAD ./bl/SPI_MSD0_Driver.o
LOAD ./bl/LPUART.o
LOAD ./bl/FlexCAN.o
LOAD ./Project_Settings/Startup_Code/system_S32K144.o
LOAD ./Project_Settings/Startup_Code/startup_S32K144.o
LOAD ./Project_Settings/Startup_Code/startup.o
LOAD ./FreeRTOS/portable/MemMang/heap_2.o
LOAD ./FreeRTOS/portable/GCC/ARM_CM4F/port.o
LOAD ./FreeRTOS/timers.o
LOAD ./FreeRTOS/tasks.o
LOAD ./FreeRTOS/queue.o
LOAD ./FreeRTOS/list.o
LOAD ./FreeRTOS/event_groups.o
LOAD ./FreeRTOS/croutine.o
LOAD /home/houxd/prog/NXP/S32DS_ARM_v2.0/S32DS/arm_ewl2/lib/armv7e-m/fpu/libstdc++.a
LOAD /home/houxd/prog/NXP/S32DS_ARM_v2.0/S32DS/arm_ewl2/lib/armv7e-m/fpu/libm.a
START GROUP
LOAD /home/houxd/prog/NXP/S32DS_ARM_v2.0/S32DS/arm_ewl2/lib/armv7e-m/fpu/libc99.a
LOAD /home/houxd/prog/NXP/S32DS_ARM_v2.0/S32DS/arm_ewl2/lib/armv7e-m/fpu/libstdc++.a
LOAD /home/houxd/prog/NXP/S32DS_ARM_v2.0/S32DS/arm_ewl2/lib/armv7e-m/fpu/libm.a
LOAD /home/houxd/prog/NXP/S32DS_ARM_v2.0/Cross_Tools/gcc-arm-none-eabi-4_9/bin/../lib/gcc/arm-none-eabi/4.9.3/armv7e-m/fpu/libgcc.a
LOAD /home/houxd/prog/NXP/S32DS_ARM_v2.0/S32DS/arm_ewl2/lib/armv7e-m/fpu/librt.a
LOAD /home/houxd/prog/NXP/S32DS_ARM_v2.0/S32DS/arm_ewl2/lib/armv7e-m/fpu/libsupc++.a
LOAD /home/houxd/prog/NXP/S32DS_ARM_v2.0/S32DS/arm_ewl2/lib/armv7e-m/fpu/libhosted.a
END GROUP
LOAD /home/houxd/prog/NXP/S32DS_ARM_v2.0/S32DS/arm_ewl2/lib/armv7e-m/fpu/__arm_end-hosted.o
                0x00000400                HEAP_SIZE = DEFINED (__heap_size__)?__heap_size__:0x400
                0x00000400                STACK_SIZE = DEFINED (__stack_size__)?__stack_size__:0x400
                0x00000400                M_VECTOR_RAM_SIZE = DEFINED (__flash_vector_table__)?0x0:0x400

.interrupts     0x00000000      0x400
                0x00000000                __VECTOR_TABLE = .
                0x00000000                . = ALIGN (0x4)
 *(.isr_vector)
 .isr_vector    0x00000000      0x400 ./Project_Settings/Startup_Code/startup_S32K144.o
                0x00000000                __isr_vector
                0x00000400                . = ALIGN (0x4)

.flash_config   0x00000400       0x10
                0x00000400                . = ALIGN (0x4)
 *(.FlashConfig)
 .FlashConfig   0x00000400       0x10 ./Project_Settings/Startup_Code/startup_S32K144.o
                0x00000410                . = ALIGN (0x4)

.text           0x00000410     0x4e78
                0x00000410                . = ALIGN (0x4)
 *(.text)
 .text          0x00000410       0x44 ./Project_Settings/Startup_Code/startup_S32K144.o
                0x00000410                Reset_Handler
                0x00000450                Reserved54_IRQHandler
                0x00000450                DebugMon_Handler
                0x00000450                Reserved88_IRQHandler
                0x00000450                CAN0_ORed_IRQHandler
                0x00000450                HardFault_Handler
                0x00000450                Reserved86_IRQHandler
                0x00000450                Reserved103_IRQHandler
                0x00000450                FTM2_Ovf_Reload_IRQHandler
                0x00000450                Reserved50_IRQHandler
                0x00000450                FTFC_Fault_IRQHandler
                0x00000450                FTM0_Ch6_Ch7_IRQHandler
                0x00000450                Reserved114_IRQHandler
                0x00000450                NMI_Handler
                0x00000450                Reserved89_IRQHandler
                0x00000450                ERM_double_fault_IRQHandler
                0x00000450                DMA2_IRQHandler
                0x00000450                Reserved59_IRQHandler
                0x00000450                LPIT0_Ch0_IRQHandler
                0x00000450                Reserved99_IRQHandler
                0x00000450                FTM3_Ch6_Ch7_IRQHandler
                0x00000450                CAN2_ORed_0_15_MB_IRQHandler
                0x00000450                LPIT0_Ch3_IRQHandler
                0x00000450                Reserved92_IRQHandler
                0x00000450                FTM0_Ch4_Ch5_IRQHandler
                0x00000450                CAN1_Error_IRQHandler
                0x00000450                FTM3_Ch0_Ch1_IRQHandler
                0x00000450                SWI_IRQHandler
                0x00000450                ADC0_IRQHandler
                0x00000450                FTM2_Ch4_Ch5_IRQHandler
                0x00000450                UsageFault_Handler
                0x00000450                FTM0_Ovf_Reload_IRQHandler
                0x00000450                DefaultISR
                0x00000450                DMA9_IRQHandler
                0x00000450                Reserved58_IRQHandler
                0x00000450                CAN1_ORed_0_15_MB_IRQHandler
                0x00000450                FTM1_Ch2_Ch3_IRQHandler
                0x00000450                DMA14_IRQHandler
                0x00000450                Reserved82_IRQHandler
                0x00000450                CAN0_ORed_16_31_MB_IRQHandler
                0x00000450                LPI2C0_Slave_IRQHandler
                0x00000450                Reserved71_IRQHandler
                0x00000450                PORTD_IRQHandler
                0x00000450                Reserved69_IRQHandler
                0x00000450                PORTB_IRQHandler
                0x00000450                Reserved70_IRQHandler
                0x00000450                ADC1_IRQHandler
                0x00000450                FTM2_Ch2_Ch3_IRQHandler
                0x00000450                Reserved53_IRQHandler
                0x00000450                DMA5_IRQHandler
                0x00000450                RTC_IRQHandler
                0x00000450                PDB0_IRQHandler
                0x00000450                FTM2_Ch6_Ch7_IRQHandler
                0x00000450                FTM3_Ch2_Ch3_IRQHandler
                0x00000450                FTM2_Ch0_Ch1_IRQHandler
                0x00000450                LPSPI1_IRQHandler
                0x00000450                RTC_Seconds_IRQHandler
                0x00000450                CAN2_ORed_IRQHandler
                0x00000450                Reserved72_IRQHandler
                0x00000450                Reserved110_IRQHandler
                0x00000450                DMA11_IRQHandler
                0x00000450                Reserved107_IRQHandler
                0x00000450                Read_Collision_IRQHandler
                0x00000450                CAN2_Error_IRQHandler
                0x00000450                FTFC_IRQHandler
                0x00000450                DMA7_IRQHandler
                0x00000450                FTM1_Ch6_Ch7_IRQHandler
                0x00000450                Reserved105_IRQHandler
                0x00000450                LPIT0_Ch1_IRQHandler
                0x00000450                FTM1_Ch4_Ch5_IRQHandler
                0x00000450                FTM3_Ovf_Reload_IRQHandler
                0x00000450                LPSPI0_IRQHandler
                0x00000450                WDOG_EWM_IRQHandler
                0x00000450                MemManage_Handler
                0x00000450                Reserved90_IRQHandler
                0x00000450                Reserved83_IRQHandler
                0x00000450                FTM0_Fault_IRQHandler
                0x00000450                Reserved48_IRQHandler
                0x00000450                ERM_single_fault_IRQHandler
                0x00000450                FTM2_Fault_IRQHandler
                0x00000450                FTM0_Ch2_Ch3_IRQHandler
                0x00000450                DMA13_IRQHandler
                0x00000450                FTM0_Ch0_Ch1_IRQHandler
                0x00000450                FTM3_Fault_IRQHandler
                0x00000450                RCM_IRQHandler
                0x00000450                DMA3_IRQHandler
                0x00000450                Reserved100_IRQHandler
                0x00000450                DMA0_IRQHandler
                0x00000450                Reserved91_IRQHandler
                0x00000450                CAN1_ORed_IRQHandler
                0x00000450                DMA15_IRQHandler
                0x00000450                SCG_IRQHandler
                0x00000450                PDB1_IRQHandler
                0x00000450                Reserved81_IRQHandler
                0x00000450                Reserved46_IRQHandler
                0x00000450                Reserved45_IRQHandler
                0x00000450                CAN0_Error_IRQHandler
                0x00000450                Reserved112_IRQHandler
                0x00000450                LPI2C0_Master_IRQHandler
                0x00000450                DMA4_IRQHandler
                0x00000450                FTM1_Fault_IRQHandler
                0x00000450                Reserved106_IRQHandler
                0x00000450                DMA_Error_IRQHandler
                0x00000450                LVD_LVW_IRQHandler
                0x00000450                LPIT0_Ch2_IRQHandler
                0x00000450                PORTA_IRQHandler
                0x00000450                MCM_IRQHandler
                0x00000450                LPSPI2_IRQHandler
                0x00000450                DMA12_IRQHandler
                0x00000450                FTM3_Ch4_Ch5_IRQHandler
                0x00000450                CAN0_ORed_0_15_MB_IRQHandler
                0x00000450                PORTE_IRQHandler
                0x00000450                LPTMR0_IRQHandler
                0x00000450                BusFault_Handler
                0x00000450                Reserved87_IRQHandler
                0x00000450                FTM1_Ovf_Reload_IRQHandler
                0x00000450                DMA8_IRQHandler
                0x00000450                Reserved93_IRQHandler
                0x00000450                DMA10_IRQHandler
                0x00000450                CAN0_Wake_Up_IRQHandler
                0x00000450                CMP0_IRQHandler
                0x00000450                Reserved52_IRQHandler
                0x00000450                PORTC_IRQHandler
                0x00000450                DMA6_IRQHandler
                0x00000450                FTM1_Ch0_Ch1_IRQHandler
                0x00000450                FLEXIO_IRQHandler
                0x00000450                DMA1_IRQHandler
                0x00000450                Reserved113_IRQHandler
 .text          0x00000454      0x370 /home/houxd/prog/NXP/S32DS_ARM_v2.0/Cross_Tools/gcc-arm-none-eabi-4_9/bin/../lib/gcc/arm-none-eabi/4.9.3/armv7e-m/fpu/libgcc.a(_arm_addsubdf3.o)
                0x00000454                __aeabi_drsub
                0x0000045c                __aeabi_dsub
                0x0000045c                __subdf3
                0x00000460                __adddf3
                0x00000460                __aeabi_dadd
                0x000006d8                __aeabi_ui2d
                0x000006d8                __floatunsidf
                0x000006f8                __floatsidf
                0x000006f8                __aeabi_i2d
                0x0000071c                __extendsfdf2
                0x0000071c                __aeabi_f2d
                0x00000758                __aeabi_ul2d
                0x00000758                __floatundidf
                0x00000768                __floatdidf
                0x00000768                __aeabi_l2d
 .text          0x000007c4      0x424 /home/houxd/prog/NXP/S32DS_ARM_v2.0/Cross_Tools/gcc-arm-none-eabi-4_9/bin/../lib/gcc/arm-none-eabi/4.9.3/armv7e-m/fpu/libgcc.a(_arm_muldivdf3.o)
                0x000007c4                __aeabi_dmul
                0x000007c4                __muldf3
                0x00000a18                __aeabi_ddiv
                0x00000a18                __divdf3
 .text          0x00000be8      0x110 /home/houxd/prog/NXP/S32DS_ARM_v2.0/Cross_Tools/gcc-arm-none-eabi-4_9/bin/../lib/gcc/arm-none-eabi/4.9.3/armv7e-m/fpu/libgcc.a(_arm_cmpdf2.o)
                0x00000be8                __gtdf2
                0x00000be8                __gedf2
                0x00000bf0                __ltdf2
                0x00000bf0                __ledf2
                0x00000bf8                __cmpdf2
                0x00000bf8                __eqdf2
                0x00000bf8                __nedf2
                0x00000c74                __aeabi_cdrcmple
                0x00000c84                __aeabi_cdcmple
                0x00000c84                __aeabi_cdcmpeq
                0x00000c94                __aeabi_dcmpeq
                0x00000ca8                __aeabi_dcmplt
                0x00000cbc                __aeabi_dcmple
                0x00000cd0                __aeabi_dcmpge
                0x00000ce4                __aeabi_dcmpgt
 .text          0x00000cf8       0x50 /home/houxd/prog/NXP/S32DS_ARM_v2.0/Cross_Tools/gcc-arm-none-eabi-4_9/bin/../lib/gcc/arm-none-eabi/4.9.3/armv7e-m/fpu/libgcc.a(_arm_fixdfsi.o)
                0x00000cf8                __fixdfsi
                0x00000cf8                __aeabi_d2iz
 .text          0x00000d48       0x30 /home/houxd/prog/NXP/S32DS_ARM_v2.0/Cross_Tools/gcc-arm-none-eabi-4_9/bin/../lib/gcc/arm-none-eabi/4.9.3/armv7e-m/fpu/libgcc.a(_aeabi_uldivmod.o)
                0x00000d48                __aeabi_uldivmod
 .text          0x00000d78       0x60 /home/houxd/prog/NXP/S32DS_ARM_v2.0/Cross_Tools/gcc-arm-none-eabi-4_9/bin/../lib/gcc/arm-none-eabi/4.9.3/armv7e-m/fpu/libgcc.a(bpabi.o)
                0x00000d78                __gnu_ldivmod_helper
                0x00000da8                __gnu_uldivmod_helper
 .text          0x00000dd8        0x4 /home/houxd/prog/NXP/S32DS_ARM_v2.0/Cross_Tools/gcc-arm-none-eabi-4_9/bin/../lib/gcc/arm-none-eabi/4.9.3/armv7e-m/fpu/libgcc.a(_dvmd_tls.o)
                0x00000dd8                __aeabi_ldiv0
                0x00000dd8                __aeabi_idiv0
 .text          0x00000ddc      0x29c /home/houxd/prog/NXP/S32DS_ARM_v2.0/Cross_Tools/gcc-arm-none-eabi-4_9/bin/../lib/gcc/arm-none-eabi/4.9.3/armv7e-m/fpu/libgcc.a(_divdi3.o)
                0x00000ddc                __divdi3
 .text          0x00001078      0x26c /home/houxd/prog/NXP/S32DS_ARM_v2.0/Cross_Tools/gcc-arm-none-eabi-4_9/bin/../lib/gcc/arm-none-eabi/4.9.3/armv7e-m/fpu/libgcc.a(_udivdi3.o)
                0x00001078                __udivdi3
 *(.text*)
 .text.os_printf
                0x000012e4       0x48 ./src/main.o
                0x000012e4                os_printf
 .text.UartRxIRQHandler
                0x0000132c       0x58 ./src/main.o
                0x0000132c                UartRxIRQHandler
 .text.nic_io_init
                0x00001384       0x70 ./src/main.o
                0x00001384                nic_io_init
 .text.vApplicationStackOverflowHook
                0x000013f4       0x1c ./src/main.o
                0x000013f4                vApplicationStackOverflowHook
 .text.int2asc  0x00001410       0x4c ./src/convert.o
                0x00001410                int2asc
 .text.hx_dumphex
                0x0000145c       0x6c ./src/convert.o
                0x0000145c                hx_dumphex
 .text.hx_dumphex2str
                0x000014c8       0x30 ./src/convert.o
                0x000014c8                hx_dumphex2str
 .text.ds2411_dir
                0x000014f8       0x38 ./bl/softonewire.o
                0x000014f8                ds2411_dir
 .text.ds2411_line
                0x00001530       0x38 ./bl/softonewire.o
                0x00001530                ds2411_line
 .text.ds2411_line_val
                0x00001568       0x1c ./bl/softonewire.o
                0x00001568                ds2411_line_val
 .text.IO_INIT  0x00001584        0xc ./bl/softonewire.o
                0x00001584                IO_INIT
 .text.IO_DIR   0x00001590       0x1c ./bl/softonewire.o
                0x00001590                IO_DIR
 .text.WRITE_IO
                0x000015ac       0x2c ./bl/softonewire.o
                0x000015ac                WRITE_IO
 .text.READ_IO_VAL
                0x000015d8       0x28 ./bl/softonewire.o
                0x000015d8                READ_IO_VAL
 .text.onewire_delay_us
                0x00001600       0x34 ./bl/softonewire.o
 .text.onewrie_reset
                0x00001634       0x4c ./bl/softonewire.o
                0x00001634                onewrie_reset
 .text.onewrite_write_bit
                0x00001680       0x58 ./bl/softonewire.o
                0x00001680                onewrite_write_bit
 .text.onewire_read_bit
                0x000016d8       0x44 ./bl/softonewire.o
                0x000016d8                onewire_read_bit
 .text.onewire_write_byte
                0x0000171c       0x3c ./bl/softonewire.o
                0x0000171c                onewire_write_byte
 .text.onewire_read_byte
                0x00001758       0x48 ./bl/softonewire.o
                0x00001758                onewire_read_byte
 .text.softi2c_init_io
                0x000017a0       0x1c ./bl/softi2c.o
                0x000017a0                softi2c_init_io
 .text.SET_SCL  0x000017bc       0x1c ./bl/ds3231.o
                0x000017bc                SET_SCL
 .text.CLR_SCL  0x000017d8       0x1c ./bl/ds3231.o
                0x000017d8                CLR_SCL
 .text.SET_SDA  0x000017f4       0x1c ./bl/ds3231.o
                0x000017f4                SET_SDA
 .text.CLR_SDA  0x00001810       0x1c ./bl/ds3231.o
                0x00001810                CLR_SDA
 .text.SCL_OUT  0x0000182c       0x1c ./bl/ds3231.o
                0x0000182c                SCL_OUT
 .text.SCL_IN   0x00001848       0x1c ./bl/ds3231.o
                0x00001848                SCL_IN
 .text.SDA_OUT  0x00001864       0x1c ./bl/ds3231.o
                0x00001864                SDA_OUT
 .text.SDA_IN   0x00001880       0x1c ./bl/ds3231.o
                0x00001880                SDA_IN
 .text.SDA_VAL  0x0000189c       0x1c ./bl/ds3231.o
                0x0000189c                SDA_VAL
 .text.ds3231_init
                0x000018b8       0x14 ./bl/ds3231.o
                0x000018b8                ds3231_init
 .text.calc_crc8
                0x000018cc       0x80 ./bl/ds2411.o
                0x000018cc                calc_crc8
 .text.ds2411_getsn
                0x0000194c       0x68 ./bl/ds2411.o
                0x0000194c                ds2411_getsn
 .text.main     0x000019b4       0x5c ./bl/ds2411.o
                0x000019b4                main
 .text.SOSC_init_8MHz
                0x00001a10       0x4c ./bl/clocks_and_modes.o
                0x00001a10                SOSC_init_8MHz
 .text.SPLL_init_160MHz
                0x00001a5c       0x64 ./bl/clocks_and_modes.o
                0x00001a5c                SPLL_init_160MHz
 .text.NormalRUNmode_80MHz
                0x00001ac0       0x2c ./bl/clocks_and_modes.o
                0x00001ac0                NormalRUNmode_80MHz
 .text.WDOG_disable
                0x00001aec       0x2c ./bl/bl.o
                0x00001aec                WDOG_disable
 .text.NVIC_init_IRQs
                0x00001b18       0x58 ./bl/bl.o
                0x00001b18                NVIC_init_IRQs
 .text.PORT_init
                0x00001b70      0x208 ./bl/bl.o
                0x00001b70                PORT_init
 .text.vApplicationTickHook
                0x00001d78       0x24 ./bl/bl.o
                0x00001d78                vApplicationTickHook
 .text.LPUART0_RxTx_IRQHandler
                0x00001d9c       0x20 ./bl/LPUART.o
                0x00001d9c                LPUART0_RxTx_IRQHandler
 .text.LPUART1_RxTx_IRQHandler
                0x00001dbc       0x20 ./bl/LPUART.o
                0x00001dbc                LPUART1_RxTx_IRQHandler
 .text.LPUART2_RxTx_IRQHandler
                0x00001ddc       0x20 ./bl/LPUART.o
                0x00001ddc                LPUART2_RxTx_IRQHandler
 .text.SystemInit
                0x00001dfc       0x58 ./Project_Settings/Startup_Code/system_S32K144.o
                0x00001dfc                SystemInit
 .text.init_data_bss
                0x00001e54       0xf4 ./Project_Settings/Startup_Code/startup.o
                0x00001e54                init_data_bss
 .text.SVC_Handler
                0x00001f48       0x20 ./FreeRTOS/portable/GCC/ARM_CM4F/port.o
                0x00001f48                SVC_Handler
 .text.vPortEnterCritical
                0x00001f68       0x5c ./FreeRTOS/portable/GCC/ARM_CM4F/port.o
                0x00001f68                vPortEnterCritical
 .text.vPortExitCritical
                0x00001fc4       0x4c ./FreeRTOS/portable/GCC/ARM_CM4F/port.o
                0x00001fc4                vPortExitCritical
 .text.PendSV_Handler
                0x00002010       0x60 ./FreeRTOS/portable/GCC/ARM_CM4F/port.o
                0x00002010                PendSV_Handler
 .text.SysTick_Handler
                0x00002070       0x44 ./FreeRTOS/portable/GCC/ARM_CM4F/port.o
                0x00002070                SysTick_Handler
 .text.vPortValidateInterruptPriority
                0x000020b4       0x78 ./FreeRTOS/portable/GCC/ARM_CM4F/port.o
                0x000020b4                vPortValidateInterruptPriority
 .text.vTaskSuspendAll
                0x0000212c       0x1c ./FreeRTOS/tasks.o
                0x0000212c                vTaskSuspendAll
 .text.xTaskResumeAll
                0x00002148      0x110 ./FreeRTOS/tasks.o
                0x00002148                xTaskResumeAll
 .text.xTaskIncrementTick
                0x00002258      0x14c ./FreeRTOS/tasks.o
                0x00002258                xTaskIncrementTick
 .text.vTaskSwitchContext
                0x000023a4       0xd0 ./FreeRTOS/tasks.o
                0x000023a4                vTaskSwitchContext
 .text.vTaskPlaceOnEventList
                0x00002474       0x9c ./FreeRTOS/tasks.o
                0x00002474                vTaskPlaceOnEventList
 .text.xTaskRemoveFromEventList
                0x00002510       0xc8 ./FreeRTOS/tasks.o
                0x00002510                xTaskRemoveFromEventList
 .text.vTaskSetTimeOutState
                0x000025d8       0x44 ./FreeRTOS/tasks.o
                0x000025d8                vTaskSetTimeOutState
 .text.xTaskCheckForTimeOut
                0x0000261c       0xbc ./FreeRTOS/tasks.o
                0x0000261c                xTaskCheckForTimeOut
 .text.vTaskMissedYield
                0x000026d8       0x18 ./FreeRTOS/tasks.o
                0x000026d8                vTaskMissedYield
 .text.prvAddCurrentTaskToDelayedList
                0x000026f0       0x6c ./FreeRTOS/tasks.o
 .text.prvResetNextTaskUnblockTime
                0x0000275c       0x48 ./FreeRTOS/tasks.o
 .text.xTaskGetSchedulerState
                0x000027a4       0x3c ./FreeRTOS/tasks.o
                0x000027a4                xTaskGetSchedulerState
 .text.vTaskPriorityInherit
                0x000027e0       0xf0 ./FreeRTOS/tasks.o
                0x000027e0                vTaskPriorityInherit
 .text.xTaskPriorityDisinherit
                0x000028d0      0x10c ./FreeRTOS/tasks.o
                0x000028d0                xTaskPriorityDisinherit
 .text.pvTaskIncrementMutexHeldCount
                0x000029dc       0x28 ./FreeRTOS/tasks.o
                0x000029dc                pvTaskIncrementMutexHeldCount
 .text.xQueueGenericSend
                0x00002a04      0x1c0 ./FreeRTOS/queue.o
                0x00002a04                xQueueGenericSend
 .text.xQueueGenericSendFromISR
                0x00002bc4      0x118 ./FreeRTOS/queue.o
                0x00002bc4                xQueueGenericSendFromISR
 .text.xQueueGenericReceive
                0x00002cdc      0x1e0 ./FreeRTOS/queue.o
                0x00002cdc                xQueueGenericReceive
 .text.prvCopyDataToQueue
                0x00002ebc       0xdc ./FreeRTOS/queue.o
 .text.prvCopyDataFromQueue
                0x00002f98       0x4c ./FreeRTOS/queue.o
 .text.prvUnlockQueue
                0x00002fe4       0x98 ./FreeRTOS/queue.o
 .text.prvIsQueueEmpty
                0x0000307c       0x2c ./FreeRTOS/queue.o
 .text.prvIsQueueFull
                0x000030a8       0x30 ./FreeRTOS/queue.o
 .text.vListInsertEnd
                0x000030d8       0x48 ./FreeRTOS/list.o
                0x000030d8                vListInsertEnd
 .text.vListInsert
                0x00003120       0x70 ./FreeRTOS/list.o
                0x00003120                vListInsert
 .text.uxListRemove
                0x00003190       0x54 ./FreeRTOS/list.o
                0x00003190                uxListRemove
 .text.printf   0x000031e4       0x3c /home/houxd/prog/NXP/S32DS_ARM_v2.0/S32DS/arm_ewl2/lib/armv7e-m/fpu/libc99.a(printf.o)
                0x000031e4                printf
 .text.vprintf  0x00003220       0x38 /home/houxd/prog/NXP/S32DS_ARM_v2.0/S32DS/arm_ewl2/lib/armv7e-m/fpu/libc99.a(vprintf.o)
                0x00003220                vprintf
 .text.exit     0x00003258       0x38 /home/houxd/prog/NXP/S32DS_ARM_v2.0/S32DS/arm_ewl2/lib/armv7e-m/fpu/libc99.a(exit.o)
                0x00003258                exit
 .text.memcpy   0x00003290       0x16 /home/houxd/prog/NXP/S32DS_ARM_v2.0/S32DS/arm_ewl2/lib/armv7e-m/fpu/libc99.a(memcpy.o)
                0x00003290                memcpy
 .text.strchr   0x000032a6       0x1a /home/houxd/prog/NXP/S32DS_ARM_v2.0/S32DS/arm_ewl2/lib/armv7e-m/fpu/libc99.a(strchr.o)
                0x000032a6                strchr
 .text.strcpy   0x000032c0       0x12 /home/houxd/prog/NXP/S32DS_ARM_v2.0/S32DS/arm_ewl2/lib/armv7e-m/fpu/libc99.a(strcpy.o)
                0x000032c0                strcpy
 .text.strlen   0x000032d2        0xe /home/houxd/prog/NXP/S32DS_ARM_v2.0/S32DS/arm_ewl2/lib/armv7e-m/fpu/libc99.a(strlen.o)
                0x000032d2                strlen
 .text.fwide    0x000032e0       0x34 /home/houxd/prog/NXP/S32DS_ARM_v2.0/S32DS/arm_ewl2/lib/armv7e-m/fpu/libc99.a(fwide.o)
                0x000032e0                fwide
 .text.long2str.isra.0
                0x00003314      0x19e /home/houxd/prog/NXP/S32DS_ARM_v2.0/S32DS/arm_ewl2/lib/armv7e-m/fpu/libc99.a(__printformat.o)
 .text.longlong2str.isra.1
                0x000034b2      0x20e /home/houxd/prog/NXP/S32DS_ARM_v2.0/S32DS/arm_ewl2/lib/armv7e-m/fpu/libc99.a(__printformat.o)
 .text.double2hex.isra.2
                0x000036c0      0x234 /home/houxd/prog/NXP/S32DS_ARM_v2.0/S32DS/arm_ewl2/lib/armv7e-m/fpu/libc99.a(__printformat.o)
 .text.__pformatter
                0x000038f4      0x9b8 /home/houxd/prog/NXP/S32DS_ARM_v2.0/S32DS/arm_ewl2/lib/armv7e-m/fpu/libc99.a(__printformat.o)
                0x000038f4                __pformatter
 .text.isupper  0x000042ac       0x1c /home/houxd/prog/NXP/S32DS_ARM_v2.0/S32DS/arm_ewl2/lib/armv7e-m/fpu/libc99.a(ctype_aeabi.o)
                0x000042ac                isupper
 .text.__ewl_runtime_constraint_violation_s
                0x000042c8       0x10 /home/houxd/prog/NXP/S32DS_ARM_v2.0/S32DS/arm_ewl2/lib/armv7e-m/fpu/libc99.a(secure_error.o)
                0x000042c8                __ewl_runtime_constraint_violation_s
 .text.__fwrite
                0x000042d8      0x16c /home/houxd/prog/NXP/S32DS_ARM_v2.0/S32DS/arm_ewl2/lib/armv7e-m/fpu/libc99.a(fwrite.o)
                0x000042d8                __fwrite
 .text.__FileWrite
                0x00004444       0x1a /home/houxd/prog/NXP/S32DS_ARM_v2.0/S32DS/arm_ewl2/lib/armv7e-m/fpu/libc99.a(fwrite.o)
                0x00004444                __FileWrite
 *fill*         0x0000445e        0x2 
 .text.abort    0x00004460       0x24 /home/houxd/prog/NXP/S32DS_ARM_v2.0/S32DS/arm_ewl2/lib/armv7e-m/fpu/libc99.a(abort.o)
                0x00004460                abort
 .text.wcstombs
                0x00004484       0x42 /home/houxd/prog/NXP/S32DS_ARM_v2.0/S32DS/arm_ewl2/lib/armv7e-m/fpu/libc99.a(mbstowcs_s.o)
                0x00004484                wcstombs
 .text.__wctomb_noconv
                0x000044c6       0x12 /home/houxd/prog/NXP/S32DS_ARM_v2.0/S32DS/arm_ewl2/lib/armv7e-m/fpu/libc99.a(wctomb.o)
                0x000044c6                __wctomb_noconv
 .text.wctomb   0x000044d8        0x4 /home/houxd/prog/NXP/S32DS_ARM_v2.0/S32DS/arm_ewl2/lib/armv7e-m/fpu/libc99.a(wctomb.o)
                0x000044d8                wctomb
 .text.memchr   0x000044dc       0x1c /home/houxd/prog/NXP/S32DS_ARM_v2.0/S32DS/arm_ewl2/lib/armv7e-m/fpu/libc99.a(memchr.o)
                0x000044dc                memchr
 .text.__memrchr
                0x000044f8       0x1c /home/houxd/prog/NXP/S32DS_ARM_v2.0/S32DS/arm_ewl2/lib/armv7e-m/fpu/libc99.a(__memrchr.o)
                0x000044f8                __memrchr
 .text.strncpy  0x00004514       0x26 /home/houxd/prog/NXP/S32DS_ARM_v2.0/S32DS/arm_ewl2/lib/armv7e-m/fpu/libc99.a(strncpy.o)
                0x00004514                strncpy
 *fill*         0x0000453a        0x2 
 .text.raise    0x0000453c       0x38 /home/houxd/prog/NXP/S32DS_ARM_v2.0/S32DS/arm_ewl2/lib/armv7e-m/fpu/libc99.a(raise.o)
                0x0000453c                raise
 .text.__prep_buffer
                0x00004574       0x16 /home/houxd/prog/NXP/S32DS_ARM_v2.0/S32DS/arm_ewl2/lib/armv7e-m/fpu/libc99.a(__buffer_io.o)
                0x00004574                __prep_buffer
 .text.__flush_buffer
                0x0000458a       0x34 /home/houxd/prog/NXP/S32DS_ARM_v2.0/S32DS/arm_ewl2/lib/armv7e-m/fpu/libc99.a(__buffer_io.o)
                0x0000458a                __flush_buffer
 *fill*         0x000045be        0x2 
 .text.__num2dec
                0x000045c0      0x220 /home/houxd/prog/NXP/S32DS_ARM_v2.0/S32DS/arm_ewl2/lib/armv7e-m/fpu/libm.a(ansi_fp.o)
                0x000045c0                __num2dec
 .text.__round_decimal
                0x000047e0       0x98 /home/houxd/prog/NXP/S32DS_ARM_v2.0/S32DS/arm_ewl2/lib/armv7e-m/fpu/libm.a(ansi_fp.o)
                0x000047e0                __round_decimal
 .text.__signbitd
                0x00004878        0x8 /home/houxd/prog/NXP/S32DS_ARM_v2.0/S32DS/arm_ewl2/lib/armv7e-m/fpu/libm.a(math_api.o)
                0x00004878                __signbitd
 .text.__fpclassifyd
                0x00004880       0x44 /home/houxd/prog/NXP/S32DS_ARM_v2.0/S32DS/arm_ewl2/lib/armv7e-m/fpu/libm.a(math_api.o)
                0x00004880                __fpclassifyd
 .text.frexp    0x000048c4       0x70 /home/houxd/prog/NXP/S32DS_ARM_v2.0/S32DS/arm_ewl2/lib/armv7e-m/fpu/libm.a(s_frexp.o)
                0x000048c4                frexp
 .text.__fini_cpp
                0x00004934       0x34 /home/houxd/prog/NXP/S32DS_ARM_v2.0/S32DS/arm_ewl2/lib/armv7e-m/fpu/librt.a(gcc_ctor_dtor.o)
                0x00004934                __fini_cpp
 .text._ExitProcess
                0x00004968        0x2 /home/houxd/prog/NXP/S32DS_ARM_v2.0/S32DS/arm_ewl2/lib/armv7e-m/fpu/librt.a(gcc_ctor_dtor.o)
                0x00004968                _ExitProcess
 *fill*         0x0000496a        0x2 
 .text.__destroy_global_chain
                0x0000496c       0x18 /home/houxd/prog/NXP/S32DS_ARM_v2.0/S32DS/arm_ewl2/lib/armv7e-m/fpu/librt.a(__arm_eabi_init.o)
                0x0000496c                __destroy_global_chain
 .text.sys_writec
                0x00004984        0xe /home/houxd/prog/NXP/S32DS_ARM_v2.0/S32DS/arm_ewl2/lib/armv7e-m/fpu/libhosted.a(semihosted_console_io.o)
                0x00004984                sys_writec
 .text.sys_readc
                0x00004992       0x10 /home/houxd/prog/NXP/S32DS_ARM_v2.0/S32DS/arm_ewl2/lib/armv7e-m/fpu/libhosted.a(semihosted_console_io.o)
                0x00004992                sys_readc
 .text.__read_console
                0x000049a2       0x1a /home/houxd/prog/NXP/S32DS_ARM_v2.0/S32DS/arm_ewl2/lib/armv7e-m/fpu/libhosted.a(semihosted_console_io.o)
                0x000049a2                __read_console
 .text.__write_console
                0x000049bc       0x18 /home/houxd/prog/NXP/S32DS_ARM_v2.0/S32DS/arm_ewl2/lib/armv7e-m/fpu/libhosted.a(semihosted_console_io.o)
                0x000049bc                __write_console
 .text.__close_console
                0x000049d4        0x4 /home/houxd/prog/NXP/S32DS_ARM_v2.0/S32DS/arm_ewl2/lib/armv7e-m/fpu/libhosted.a(semihosted_console_io.o)
                0x000049d4                __close_console
 .text.sys_write
                0x000049d8        0xe /home/houxd/prog/NXP/S32DS_ARM_v2.0/S32DS/arm_ewl2/lib/armv7e-m/fpu/libhosted.a(semihosted_file_io.o)
                0x000049d8                sys_write
 .text.__write_file
                0x000049e6       0x1e /home/houxd/prog/NXP/S32DS_ARM_v2.0/S32DS/arm_ewl2/lib/armv7e-m/fpu/libhosted.a(semihosted_file_io.o)
                0x000049e6                __write_file
 .text.sys_read
                0x00004a04        0xe /home/houxd/prog/NXP/S32DS_ARM_v2.0/S32DS/arm_ewl2/lib/armv7e-m/fpu/libhosted.a(semihosted_file_io.o)
                0x00004a04                sys_read
 .text.__read_file
                0x00004a12       0x34 /home/houxd/prog/NXP/S32DS_ARM_v2.0/S32DS/arm_ewl2/lib/armv7e-m/fpu/libhosted.a(semihosted_file_io.o)
                0x00004a12                __read_file
 *(.rodata)
 *fill*         0x00004a46        0x2 
 .rodata        0x00004a48      0x663 ./src/main.o
 *fill*         0x000050ab        0x1 
 .rodata        0x000050ac        0xc ./bl/ds2411.o
 *(.rodata*)
 .rodata.I2C0   0x000050b8       0x28 ./bl/ds3231.o
                0x000050b8                I2C0
 .rodata.str1.1
                0x000050e0       0x14 /home/houxd/prog/NXP/S32DS_ARM_v2.0/S32DS/arm_ewl2/lib/armv7e-m/fpu/libc99.a(__printformat.o)
                                 0x25 (size before relaxing)
 .rodata.str4.4
                0x000050f4        0x4 /home/houxd/prog/NXP/S32DS_ARM_v2.0/S32DS/arm_ewl2/lib/armv7e-m/fpu/libc99.a(__printformat.o)
 .rodata.__aeabi_ctype_table_C
                0x000050f8      0x101 /home/houxd/prog/NXP/S32DS_ARM_v2.0/S32DS/arm_ewl2/lib/armv7e-m/fpu/libc99.a(ctype_aeabi.o)
                0x000050f8                __aeabi_ctype_table_C
 *fill*         0x000051f9        0x7 
 .rodata.digit_values
                0x00005200       0x40 /home/houxd/prog/NXP/S32DS_ARM_v2.0/S32DS/arm_ewl2/lib/armv7e-m/fpu/libm.a(ansi_fp.o)
 .rodata.bit_values
                0x00005240       0x48 /home/houxd/prog/NXP/S32DS_ARM_v2.0/S32DS/arm_ewl2/lib/armv7e-m/fpu/libm.a(ansi_fp.o)
 *(.glue_7)
 .glue_7        0x00000000        0x0 linker stubs
 *(.glue_7t)
 .glue_7t       0x00000000        0x0 linker stubs
 *(.eh_frame)
 *(.init)
 *(.fini)
                0x00005288                . = ALIGN (0x4)

.vfp11_veneer   0x00005288        0x0
 .vfp11_veneer  0x00000000        0x0 linker stubs

.v4_bx          0x00005288        0x0
 .v4_bx         0x00000000        0x0 linker stubs

.iplt           0x00005288        0x0
 .iplt          0x00000000        0x0 /home/houxd/prog/NXP/S32DS_ARM_v2.0/S32DS/arm_ewl2/lib/armv7e-m/fpu/__arm_start-hosted.o

.ARM.extab
 *(.ARM.extab* .gnu.linkonce.armextab.*)

.ARM            0x00005288        0x8
                0x00005288                __exidx_start = .
 *(.ARM.exidx*)
 .ARM.exidx     0x00005288        0x8 /home/houxd/prog/NXP/S32DS_ARM_v2.0/Cross_Tools/gcc-arm-none-eabi-4_9/bin/../lib/gcc/arm-none-eabi/4.9.3/armv7e-m/fpu/libgcc.a(_divdi3.o)
 .ARM.exidx     0x00005290        0x0 /home/houxd/prog/NXP/S32DS_ARM_v2.0/Cross_Tools/gcc-arm-none-eabi-4_9/bin/../lib/gcc/arm-none-eabi/4.9.3/armv7e-m/fpu/libgcc.a(_udivdi3.o)
                                  0x8 (size before relaxing)
                0x00005290                __exidx_end = .

.rel.dyn        0x00005290        0x0
 .rel.iplt      0x00000000        0x0 /home/houxd/prog/NXP/S32DS_ARM_v2.0/S32DS/arm_ewl2/lib/armv7e-m/fpu/__arm_start-hosted.o

.ctors          0x00005290        0x0
                0x00005290                __CTOR_LIST__ = .
 *crtbegin.o(.ctors)
 *crtbegin?.o(.ctors)
 *(EXCLUDE_FILE(*crtend.o *crtend?.o) .ctors)
 *(SORT(.ctors.*))
 *(.ctors)
                0x00005290                __CTOR_END__ = .

.dtors          0x00005290        0x0
                0x00005290                __DTOR_LIST__ = .
 *crtbegin.o(.dtors)
 *crtbegin?.o(.dtors)
 *(EXCLUDE_FILE(*crtend.o *crtend?.o) .dtors)
 *(SORT(.dtors.*))
 *(.dtors)
                0x00005290                __DTOR_END__ = .

.preinit_array  0x00005290        0x0
                0x00005290                PROVIDE (__preinit_array_start, .)
 *(.preinit_array*)
                0x00005290                PROVIDE (__preinit_array_end, .)

.init_array     0x00005290        0x0
                0x00005290                PROVIDE (__init_array_start, .)
 *(SORT(.init_array.*))
 *(.init_array*)
                0x00005290                PROVIDE (__init_array_end, .)

.fini_array     0x00005290        0x0
                0x00005290                PROVIDE (__fini_array_start, .)
 *(SORT(.fini_array.*))
 *(.fini_array*)
                0x00005290                PROVIDE (__fini_array_end, .)
                0x00005290                __etext = .
                0x00005290                __DATA_ROM = .

.interrupts_ram
                0x1fff8000      0x400
                0x1fff8000                . = ALIGN (0x4)
                0x1fff8000                __VECTOR_RAM__ = .
                0x1fff8000                __interrupts_ram_start__ = .
 *(.m_interrupts_ram)
                0x1fff8400                . = (. + M_VECTOR_RAM_SIZE)
 *fill*         0x1fff8000      0x400 
                0x1fff8400                . = ALIGN (0x4)
                0x1fff8400                __interrupts_ram_end__ = .
                0x1fff8000                __VECTOR_RAM = DEFINED (__flash_vector_table__)?ORIGIN (m_interrupts):__VECTOR_RAM__
                0x00000400                __RAM_VECTOR_TABLE_SIZE = DEFINED (__flash_vector_table__)?0x0:(__interrupts_ram_end__ - __interrupts_ram_start__)

.data           0x1fff8400       0xec load address 0x00005290
                0x1fff8400                . = ALIGN (0x4)
                0x1fff8400                __DATA_RAM = .
                0x1fff8400                __data_start__ = .
 *(.data)
 *(.data*)
 .data.uxCriticalNesting
                0x1fff8400        0x4 ./FreeRTOS/portable/GCC/ARM_CM4F/port.o
 .data.__files  0x1fff8404       0xe4 /home/houxd/prog/NXP/S32DS_ARM_v2.0/S32DS/arm_ewl2/lib/armv7e-m/fpu/libc99.a(ansi_files.o)
                0x1fff8404                __files
 .data._ZN10__cxxabiv119__terminate_handlerE
                0x1fff84e8        0x4 /home/houxd/prog/NXP/S32DS_ARM_v2.0/S32DS/arm_ewl2/lib/armv7e-m/fpu/librt.a(cxxabi_terminate_override.o)
                0x1fff84e8                __cxxabiv1::__terminate_handler
 *(.jcr*)
                0x1fff84ec                . = ALIGN (0x4)
                0x1fff84ec                __data_end__ = .
                0x0000537c                __DATA_END = (__DATA_ROM + (__data_end__ - __data_start__))
                0x0000537c                __CODE_ROM = __DATA_END

.igot.plt       0x1fff84ec        0x0 load address 0x0000537c
 .igot.plt      0x00000000        0x0 /home/houxd/prog/NXP/S32DS_ARM_v2.0/S32DS/arm_ewl2/lib/armv7e-m/fpu/__arm_start-hosted.o

.code           0x1fff84ec        0x0 load address 0x0000537c
                0x1fff84ec                . = ALIGN (0x4)
                0x1fff84ec                __CODE_RAM = .
                0x1fff84ec                __code_start__ = .
 *(.code_ram)
                0x1fff84ec                . = ALIGN (0x4)
                0x1fff84ec                __code_end__ = .
                0x0000537c                __CODE_END = (__CODE_ROM + (__code_end__ - __code_start__))

.customSectionBlock
 *(.customSection)

.bss            0x20000000      0x204
                0x20000000                . = ALIGN (0x4)
                0x20000000                __BSS_START = .
                0x20000000                __bss_start__ = .
 *(.bss)
 *(.bss*)
 .bss.prt_mutex
                0x20000000        0x4 ./src/main.o
 .bss.uartQueueTbl
                0x20000004        0xc ./src/main.o
 .bss.__timelib_tick_count
                0x20000010        0x8 ./bl/timelib.o
                0x20000010                __timelib_tick_count
 .bss.ucMaxSysCallPriority
                0x20000018        0x1 ./FreeRTOS/portable/GCC/ARM_CM4F/port.o
 *fill*         0x20000019        0x3 
 .bss.ulMaxPRIGROUPValue
                0x2000001c        0x4 ./FreeRTOS/portable/GCC/ARM_CM4F/port.o
 .bss.pxCurrentTCB
                0x20000020        0x4 ./FreeRTOS/tasks.o
                0x20000020                pxCurrentTCB
 .bss.pxReadyTasksLists
                0x20000024       0xa0 ./FreeRTOS/tasks.o
 .bss.pxDelayedTaskList
                0x200000c4        0x4 ./FreeRTOS/tasks.o
 .bss.pxOverflowDelayedTaskList
                0x200000c8        0x4 ./FreeRTOS/tasks.o
 .bss.xPendingReadyList
                0x200000cc       0x14 ./FreeRTOS/tasks.o
 .bss.xSuspendedTaskList
                0x200000e0       0x14 ./FreeRTOS/tasks.o
 .bss.uxCurrentNumberOfTasks
                0x200000f4        0x4 ./FreeRTOS/tasks.o
 .bss.xTickCount
                0x200000f8        0x4 ./FreeRTOS/tasks.o
 .bss.uxTopReadyPriority
                0x200000fc        0x4 ./FreeRTOS/tasks.o
 .bss.xSchedulerRunning
                0x20000100        0x4 ./FreeRTOS/tasks.o
 .bss.uxPendedTicks
                0x20000104        0x4 ./FreeRTOS/tasks.o
 .bss.xYieldPending
                0x20000108        0x4 ./FreeRTOS/tasks.o
 .bss.xNumOfOverflows
                0x2000010c        0x4 ./FreeRTOS/tasks.o
 .bss.xNextTaskUnblockTime
                0x20000110        0x4 ./FreeRTOS/tasks.o
 .bss.uxSchedulerSuspended
                0x20000114        0x4 ./FreeRTOS/tasks.o
 .bss.__stdio_exit
                0x20000118        0x4 /home/houxd/prog/NXP/S32DS_ARM_v2.0/S32DS/arm_ewl2/lib/armv7e-m/fpu/libc99.a(exit.o)
                0x20000118                __stdio_exit
 .bss.__console_exit
                0x2000011c        0x4 /home/houxd/prog/NXP/S32DS_ARM_v2.0/S32DS/arm_ewl2/lib/armv7e-m/fpu/libc99.a(exit.o)
                0x2000011c                __console_exit
 .bss.__ewl_constraint_handler
                0x20000120        0x4 /home/houxd/prog/NXP/S32DS_ARM_v2.0/S32DS/arm_ewl2/lib/armv7e-m/fpu/libc99.a(secure_error.o)
 .bss.__global_destructor_chain
                0x20000124        0x4 /home/houxd/prog/NXP/S32DS_ARM_v2.0/S32DS/arm_ewl2/lib/armv7e-m/fpu/librt.a(__arm_eabi_init.o)
                0x20000124                __global_destructor_chain
 *(COMMON)
 COMMON         0x20000128       0xc0 /home/houxd/prog/NXP/S32DS_ARM_v2.0/S32DS/arm_ewl2/lib/armv7e-m/fpu/libc99.a(ansi_files.o)
                0x20000128                stdout_buff
                0x20000168                stdin_buff
                0x200001a8                stderr_buff
 COMMON         0x200001e8       0x1c /home/houxd/prog/NXP/S32DS_ARM_v2.0/S32DS/arm_ewl2/lib/armv7e-m/fpu/libc99.a(signal.o)
                0x200001e8                signal_funcs
                0x20000204                . = ALIGN (0x4)
                0x20000204                __bss_end__ = .
                0x20000204                __BSS_END = .

.heap           0x20000204      0x404
                0x20000208                . = ALIGN (0x8)
 *fill*         0x20000204        0x4 
                0x20000208                __end__ = .
                0x20000208                PROVIDE (end, .)
                0x20000208                PROVIDE (_end, .)
                0x20000208                PROVIDE (__end, .)
                0x20000208                __HeapBase = .
                0x20000608                . = (. + HEAP_SIZE)
 *fill*         0x20000208      0x400 
                0x20000608                __HeapLimit = .
                0x20000608                __heap_limit = .

.stack          0x20000608      0x400
                0x20000608                . = ALIGN (0x8)
                0x20000a08                . = (. + STACK_SIZE)
 *fill*         0x20000608      0x400 
                0x20007000                __StackTop = (ORIGIN (m_data_2) + 0x7000)
                0x20006c00                __StackLimit = (__StackTop - STACK_SIZE)
                0x20007000                PROVIDE (__stack, __StackTop)

.ARM.attributes
                0x00000000       0x37
 *(.ARM.attributes)
 .ARM.attributes
                0x00000000       0x39 ./src/main.o
 .ARM.attributes
                0x00000039       0x39 ./src/convert.o
 .ARM.attributes
                0x00000072       0x39 ./bl/timelib.o
 .ARM.attributes
                0x000000ab       0x39 ./bl/softonewire.o
 .ARM.attributes
                0x000000e4       0x39 ./bl/softi2c.o
 .ARM.attributes
                0x0000011d       0x39 ./bl/ds3231.o
 .ARM.attributes
                0x00000156       0x39 ./bl/ds2411.o
 .ARM.attributes
                0x0000018f       0x39 ./bl/clocks_and_modes.o
 .ARM.attributes
                0x000001c8       0x39 ./bl/bl.o
 .ARM.attributes
                0x00000201       0x39 ./bl/LPUART.o
 .ARM.attributes
                0x0000023a       0x39 ./Project_Settings/Startup_Code/system_S32K144.o
 .ARM.attributes
                0x00000273       0x1f ./Project_Settings/Startup_Code/startup_S32K144.o
 .ARM.attributes
                0x00000292       0x39 ./Project_Settings/Startup_Code/startup.o
 .ARM.attributes
                0x000002cb       0x39 ./FreeRTOS/portable/GCC/ARM_CM4F/port.o
 .ARM.attributes
                0x00000304       0x39 ./FreeRTOS/tasks.o
 .ARM.attributes
                0x0000033d       0x39 ./FreeRTOS/queue.o
 .ARM.attributes
                0x00000376       0x39 ./FreeRTOS/list.o
 .ARM.attributes
                0x000003af       0x39 /home/houxd/prog/NXP/S32DS_ARM_v2.0/S32DS/arm_ewl2/lib/armv7e-m/fpu/libc99.a(printf.o)
 .ARM.attributes
                0x000003e8       0x39 /home/houxd/prog/NXP/S32DS_ARM_v2.0/S32DS/arm_ewl2/lib/armv7e-m/fpu/libc99.a(vprintf.o)
 .ARM.attributes
                0x00000421       0x39 /home/houxd/prog/NXP/S32DS_ARM_v2.0/S32DS/arm_ewl2/lib/armv7e-m/fpu/libc99.a(exit.o)
 .ARM.attributes
                0x0000045a       0x39 /home/houxd/prog/NXP/S32DS_ARM_v2.0/S32DS/arm_ewl2/lib/armv7e-m/fpu/libc99.a(memcpy.o)
 .ARM.attributes
                0x00000493       0x39 /home/houxd/prog/NXP/S32DS_ARM_v2.0/S32DS/arm_ewl2/lib/armv7e-m/fpu/libc99.a(strchr.o)
 .ARM.attributes
                0x000004cc       0x39 /home/houxd/prog/NXP/S32DS_ARM_v2.0/S32DS/arm_ewl2/lib/armv7e-m/fpu/libc99.a(strcpy.o)
 .ARM.attributes
                0x00000505       0x39 /home/houxd/prog/NXP/S32DS_ARM_v2.0/S32DS/arm_ewl2/lib/armv7e-m/fpu/libc99.a(strlen.o)
 .ARM.attributes
                0x0000053e       0x39 /home/houxd/prog/NXP/S32DS_ARM_v2.0/S32DS/arm_ewl2/lib/armv7e-m/fpu/libc99.a(fwide.o)
 .ARM.attributes
                0x00000577       0x39 /home/houxd/prog/NXP/S32DS_ARM_v2.0/S32DS/arm_ewl2/lib/armv7e-m/fpu/libc99.a(__printformat.o)
 .ARM.attributes
                0x000005b0       0x39 /home/houxd/prog/NXP/S32DS_ARM_v2.0/S32DS/arm_ewl2/lib/armv7e-m/fpu/libc99.a(ctype_aeabi.o)
 .ARM.attributes
                0x000005e9       0x39 /home/houxd/prog/NXP/S32DS_ARM_v2.0/S32DS/arm_ewl2/lib/armv7e-m/fpu/libc99.a(secure_error.o)
 .ARM.attributes
                0x00000622       0x39 /home/houxd/prog/NXP/S32DS_ARM_v2.0/S32DS/arm_ewl2/lib/armv7e-m/fpu/libc99.a(ansi_files.o)
 .ARM.attributes
                0x0000065b       0x39 /home/houxd/prog/NXP/S32DS_ARM_v2.0/S32DS/arm_ewl2/lib/armv7e-m/fpu/libc99.a(fwrite.o)
 .ARM.attributes
                0x00000694       0x39 /home/houxd/prog/NXP/S32DS_ARM_v2.0/S32DS/arm_ewl2/lib/armv7e-m/fpu/libc99.a(abort.o)
 .ARM.attributes
                0x000006cd       0x39 /home/houxd/prog/NXP/S32DS_ARM_v2.0/S32DS/arm_ewl2/lib/armv7e-m/fpu/libc99.a(mbstowcs_s.o)
 .ARM.attributes
                0x00000706       0x39 /home/houxd/prog/NXP/S32DS_ARM_v2.0/S32DS/arm_ewl2/lib/armv7e-m/fpu/libc99.a(wctomb.o)
 .ARM.attributes
                0x0000073f       0x39 /home/houxd/prog/NXP/S32DS_ARM_v2.0/S32DS/arm_ewl2/lib/armv7e-m/fpu/libc99.a(memchr.o)
 .ARM.attributes
                0x00000778       0x39 /home/houxd/prog/NXP/S32DS_ARM_v2.0/S32DS/arm_ewl2/lib/armv7e-m/fpu/libc99.a(__memrchr.o)
 .ARM.attributes
                0x000007b1       0x39 /home/houxd/prog/NXP/S32DS_ARM_v2.0/S32DS/arm_ewl2/lib/armv7e-m/fpu/libc99.a(strncpy.o)
 .ARM.attributes
                0x000007ea       0x39 /home/houxd/prog/NXP/S32DS_ARM_v2.0/S32DS/arm_ewl2/lib/armv7e-m/fpu/libc99.a(raise.o)
 .ARM.attributes
                0x00000823       0x39 /home/houxd/prog/NXP/S32DS_ARM_v2.0/S32DS/arm_ewl2/lib/armv7e-m/fpu/libc99.a(signal.o)
 .ARM.attributes
                0x0000085c       0x39 /home/houxd/prog/NXP/S32DS_ARM_v2.0/S32DS/arm_ewl2/lib/armv7e-m/fpu/libc99.a(__buffer_io.o)
 .ARM.attributes
                0x00000895       0x39 /home/houxd/prog/NXP/S32DS_ARM_v2.0/S32DS/arm_ewl2/lib/armv7e-m/fpu/libm.a(ansi_fp.o)
 .ARM.attributes
                0x000008ce       0x39 /home/houxd/prog/NXP/S32DS_ARM_v2.0/S32DS/arm_ewl2/lib/armv7e-m/fpu/libm.a(math_api.o)
 .ARM.attributes
                0x00000907       0x39 /home/houxd/prog/NXP/S32DS_ARM_v2.0/S32DS/arm_ewl2/lib/armv7e-m/fpu/libm.a(s_frexp.o)
 .ARM.attributes
                0x00000940       0x22 /home/houxd/prog/NXP/S32DS_ARM_v2.0/Cross_Tools/gcc-arm-none-eabi-4_9/bin/../lib/gcc/arm-none-eabi/4.9.3/armv7e-m/fpu/libgcc.a(_arm_addsubdf3.o)
 .ARM.attributes
                0x00000962       0x22 /home/houxd/prog/NXP/S32DS_ARM_v2.0/Cross_Tools/gcc-arm-none-eabi-4_9/bin/../lib/gcc/arm-none-eabi/4.9.3/armv7e-m/fpu/libgcc.a(_arm_muldivdf3.o)
 .ARM.attributes
                0x00000984       0x22 /home/houxd/prog/NXP/S32DS_ARM_v2.0/Cross_Tools/gcc-arm-none-eabi-4_9/bin/../lib/gcc/arm-none-eabi/4.9.3/armv7e-m/fpu/libgcc.a(_arm_cmpdf2.o)
 .ARM.attributes
                0x000009a6       0x22 /home/houxd/prog/NXP/S32DS_ARM_v2.0/Cross_Tools/gcc-arm-none-eabi-4_9/bin/../lib/gcc/arm-none-eabi/4.9.3/armv7e-m/fpu/libgcc.a(_arm_fixdfsi.o)
 .ARM.attributes
                0x000009c8       0x22 /home/houxd/prog/NXP/S32DS_ARM_v2.0/Cross_Tools/gcc-arm-none-eabi-4_9/bin/../lib/gcc/arm-none-eabi/4.9.3/armv7e-m/fpu/libgcc.a(_aeabi_uldivmod.o)
 .ARM.attributes
                0x000009ea       0x34 /home/houxd/prog/NXP/S32DS_ARM_v2.0/Cross_Tools/gcc-arm-none-eabi-4_9/bin/../lib/gcc/arm-none-eabi/4.9.3/armv7e-m/fpu/libgcc.a(bpabi.o)
 .ARM.attributes
                0x00000a1e       0x22 /home/houxd/prog/NXP/S32DS_ARM_v2.0/Cross_Tools/gcc-arm-none-eabi-4_9/bin/../lib/gcc/arm-none-eabi/4.9.3/armv7e-m/fpu/libgcc.a(_dvmd_tls.o)
 .ARM.attributes
                0x00000a40       0x34 /home/houxd/prog/NXP/S32DS_ARM_v2.0/Cross_Tools/gcc-arm-none-eabi-4_9/bin/../lib/gcc/arm-none-eabi/4.9.3/armv7e-m/fpu/libgcc.a(_divdi3.o)
 .ARM.attributes
                0x00000a74       0x34 /home/houxd/prog/NXP/S32DS_ARM_v2.0/Cross_Tools/gcc-arm-none-eabi-4_9/bin/../lib/gcc/arm-none-eabi/4.9.3/armv7e-m/fpu/libgcc.a(_udivdi3.o)
 .ARM.attributes
                0x00000aa8       0x39 /home/houxd/prog/NXP/S32DS_ARM_v2.0/S32DS/arm_ewl2/lib/armv7e-m/fpu/librt.a(gcc_ctor_dtor.o)
 .ARM.attributes
                0x00000ae1       0x39 /home/houxd/prog/NXP/S32DS_ARM_v2.0/S32DS/arm_ewl2/lib/armv7e-m/fpu/librt.a(__arm_eabi_init.o)
 .ARM.attributes
                0x00000b1a       0x39 /home/houxd/prog/NXP/S32DS_ARM_v2.0/S32DS/arm_ewl2/lib/armv7e-m/fpu/librt.a(cxxabi_terminate_override.o)
 .ARM.attributes
                0x00000b53       0x39 /home/houxd/prog/NXP/S32DS_ARM_v2.0/S32DS/arm_ewl2/lib/armv7e-m/fpu/libhosted.a(semihosted_console_io.o)
 .ARM.attributes
                0x00000b8c       0x39 /home/houxd/prog/NXP/S32DS_ARM_v2.0/S32DS/arm_ewl2/lib/armv7e-m/fpu/libhosted.a(semihosted_file_io.o)
                0x00000001                ASSERT ((__StackLimit >= __HeapLimit), region m_data_2 overflowed with stack and heap)
OUTPUT(dp1000.elf elf32-littlearm)

.debug_info     0x00000000     0xdd89
 .debug_info    0x00000000     0x1415 ./src/main.o
 .debug_info    0x00001415      0xee3 ./src/convert.o
 .debug_info    0x000022f8      0x41e ./bl/timelib.o
 .debug_info    0x00002716      0x358 ./bl/softonewire.o
 .debug_info    0x00002a6e      0x3ce ./bl/softi2c.o
 .debug_info    0x00002e3c      0x39b ./bl/ds3231.o
 .debug_info    0x000031d7      0x284 ./bl/ds2411.o
 .debug_info    0x0000345b      0x269 ./bl/clocks_and_modes.o
 .debug_info    0x000036c4      0x7cb ./bl/bl.o
 .debug_info    0x00003e8f      0x251 ./bl/LPUART.o
 .debug_info    0x000040e0      0x500 ./Project_Settings/Startup_Code/system_S32K144.o
 .debug_info    0x000045e0       0x8b ./Project_Settings/Startup_Code/startup_S32K144.o
 .debug_info    0x0000466b      0x3eb ./Project_Settings/Startup_Code/startup.o
 .debug_info    0x00004a56      0x512 ./FreeRTOS/portable/GCC/ARM_CM4F/port.o
 .debug_info    0x00004f68     0x1a87 ./FreeRTOS/tasks.o
 .debug_info    0x000069ef      0xf95 ./FreeRTOS/queue.o
 .debug_info    0x00007984      0x28f ./FreeRTOS/list.o
 .debug_info    0x00007c13      0x3e7 /home/houxd/prog/NXP/S32DS_ARM_v2.0/S32DS/arm_ewl2/lib/armv7e-m/fpu/libc99.a(printf.o)
 .debug_info    0x00007ffa      0x3e8 /home/houxd/prog/NXP/S32DS_ARM_v2.0/S32DS/arm_ewl2/lib/armv7e-m/fpu/libc99.a(vprintf.o)
 .debug_info    0x000083e2      0x111 /home/houxd/prog/NXP/S32DS_ARM_v2.0/S32DS/arm_ewl2/lib/armv7e-m/fpu/libc99.a(exit.o)
 .debug_info    0x000084f3      0x111 /home/houxd/prog/NXP/S32DS_ARM_v2.0/S32DS/arm_ewl2/lib/armv7e-m/fpu/libc99.a(memcpy.o)
 .debug_info    0x00008604      0x106 /home/houxd/prog/NXP/S32DS_ARM_v2.0/S32DS/arm_ewl2/lib/armv7e-m/fpu/libc99.a(strchr.o)
 .debug_info    0x0000870a      0x10e /home/houxd/prog/NXP/S32DS_ARM_v2.0/S32DS/arm_ewl2/lib/armv7e-m/fpu/libc99.a(strcpy.o)
 .debug_info    0x00008818       0xeb /home/houxd/prog/NXP/S32DS_ARM_v2.0/S32DS/arm_ewl2/lib/armv7e-m/fpu/libc99.a(strlen.o)
 .debug_info    0x00008903      0x4cc /home/houxd/prog/NXP/S32DS_ARM_v2.0/S32DS/arm_ewl2/lib/armv7e-m/fpu/libc99.a(fwide.o)
 .debug_info    0x00008dcf      0xe0e /home/houxd/prog/NXP/S32DS_ARM_v2.0/S32DS/arm_ewl2/lib/armv7e-m/fpu/libc99.a(__printformat.o)
 .debug_info    0x00009bdd      0x306 /home/houxd/prog/NXP/S32DS_ARM_v2.0/S32DS/arm_ewl2/lib/armv7e-m/fpu/libc99.a(ctype_aeabi.o)
 .debug_info    0x00009ee3      0x248 /home/houxd/prog/NXP/S32DS_ARM_v2.0/S32DS/arm_ewl2/lib/armv7e-m/fpu/libc99.a(secure_error.o)
 .debug_info    0x0000a12b      0x514 /home/houxd/prog/NXP/S32DS_ARM_v2.0/S32DS/arm_ewl2/lib/armv7e-m/fpu/libc99.a(ansi_files.o)
 .debug_info    0x0000a63f      0x659 /home/houxd/prog/NXP/S32DS_ARM_v2.0/S32DS/arm_ewl2/lib/armv7e-m/fpu/libc99.a(fwrite.o)
 .debug_info    0x0000ac98       0xb2 /home/houxd/prog/NXP/S32DS_ARM_v2.0/S32DS/arm_ewl2/lib/armv7e-m/fpu/libc99.a(abort.o)
 .debug_info    0x0000ad4a      0x570 /home/houxd/prog/NXP/S32DS_ARM_v2.0/S32DS/arm_ewl2/lib/armv7e-m/fpu/libc99.a(mbstowcs_s.o)
 .debug_info    0x0000b2ba      0x3e5 /home/houxd/prog/NXP/S32DS_ARM_v2.0/S32DS/arm_ewl2/lib/armv7e-m/fpu/libc99.a(wctomb.o)
 .debug_info    0x0000b69f      0x121 /home/houxd/prog/NXP/S32DS_ARM_v2.0/S32DS/arm_ewl2/lib/armv7e-m/fpu/libc99.a(memchr.o)
 .debug_info    0x0000b7c0      0x116 /home/houxd/prog/NXP/S32DS_ARM_v2.0/S32DS/arm_ewl2/lib/armv7e-m/fpu/libc99.a(__memrchr.o)
 .debug_info    0x0000b8d6      0x108 /home/houxd/prog/NXP/S32DS_ARM_v2.0/S32DS/arm_ewl2/lib/armv7e-m/fpu/libc99.a(strncpy.o)
 .debug_info    0x0000b9de      0x108 /home/houxd/prog/NXP/S32DS_ARM_v2.0/S32DS/arm_ewl2/lib/armv7e-m/fpu/libc99.a(raise.o)
 .debug_info    0x0000bae6      0x124 /home/houxd/prog/NXP/S32DS_ARM_v2.0/S32DS/arm_ewl2/lib/armv7e-m/fpu/libc99.a(signal.o)
 .debug_info    0x0000bc0a      0x492 /home/houxd/prog/NXP/S32DS_ARM_v2.0/S32DS/arm_ewl2/lib/armv7e-m/fpu/libc99.a(__buffer_io.o)
 .debug_info    0x0000c09c      0x51d /home/houxd/prog/NXP/S32DS_ARM_v2.0/S32DS/arm_ewl2/lib/armv7e-m/fpu/libm.a(ansi_fp.o)
 .debug_info    0x0000c5b9      0x30c /home/houxd/prog/NXP/S32DS_ARM_v2.0/S32DS/arm_ewl2/lib/armv7e-m/fpu/libm.a(math_api.o)
 .debug_info    0x0000c8c5      0x1a1 /home/houxd/prog/NXP/S32DS_ARM_v2.0/S32DS/arm_ewl2/lib/armv7e-m/fpu/libm.a(s_frexp.o)
 .debug_info    0x0000ca66      0x14a /home/houxd/prog/NXP/S32DS_ARM_v2.0/S32DS/arm_ewl2/lib/armv7e-m/fpu/librt.a(gcc_ctor_dtor.o)
 .debug_info    0x0000cbb0      0x2dc /home/houxd/prog/NXP/S32DS_ARM_v2.0/S32DS/arm_ewl2/lib/armv7e-m/fpu/librt.a(__arm_eabi_init.o)
 .debug_info    0x0000ce8c       0x62 /home/houxd/prog/NXP/S32DS_ARM_v2.0/S32DS/arm_ewl2/lib/armv7e-m/fpu/librt.a(cxxabi_terminate_override.o)
 .debug_info    0x0000ceee      0x232 /home/houxd/prog/NXP/S32DS_ARM_v2.0/S32DS/arm_ewl2/lib/armv7e-m/fpu/libhosted.a(semihosted_console_io.o)
 .debug_info    0x0000d120      0xc69 /home/houxd/prog/NXP/S32DS_ARM_v2.0/S32DS/arm_ewl2/lib/armv7e-m/fpu/libhosted.a(semihosted_file_io.o)

.debug_abbrev   0x00000000     0x35de
 .debug_abbrev  0x00000000      0x375 ./src/main.o
 .debug_abbrev  0x00000375      0x173 ./src/convert.o
 .debug_abbrev  0x000004e8      0x120 ./bl/timelib.o
 .debug_abbrev  0x00000608      0x168 ./bl/softonewire.o
 .debug_abbrev  0x00000770      0x126 ./bl/softi2c.o
 .debug_abbrev  0x00000896      0x186 ./bl/ds3231.o
 .debug_abbrev  0x00000a1c      0x13a ./bl/ds2411.o
 .debug_abbrev  0x00000b56       0xc2 ./bl/clocks_and_modes.o
 .debug_abbrev  0x00000c18      0x187 ./bl/bl.o
 .debug_abbrev  0x00000d9f      0x114 ./bl/LPUART.o
 .debug_abbrev  0x00000eb3      0x118 ./Project_Settings/Startup_Code/system_S32K144.o
 .debug_abbrev  0x00000fcb       0x14 ./Project_Settings/Startup_Code/startup_S32K144.o
 .debug_abbrev  0x00000fdf      0x101 ./Project_Settings/Startup_Code/startup.o
 .debug_abbrev  0x000010e0      0x1c0 ./FreeRTOS/portable/GCC/ARM_CM4F/port.o
 .debug_abbrev  0x000012a0      0x276 ./FreeRTOS/tasks.o
 .debug_abbrev  0x00001516      0x1d7 ./FreeRTOS/queue.o
 .debug_abbrev  0x000016ed       0xc1 ./FreeRTOS/list.o
 .debug_abbrev  0x000017ae      0x12b /home/houxd/prog/NXP/S32DS_ARM_v2.0/S32DS/arm_ewl2/lib/armv7e-m/fpu/libc99.a(printf.o)
 .debug_abbrev  0x000018d9      0x126 /home/houxd/prog/NXP/S32DS_ARM_v2.0/S32DS/arm_ewl2/lib/armv7e-m/fpu/libc99.a(vprintf.o)
 .debug_abbrev  0x000019ff       0x91 /home/houxd/prog/NXP/S32DS_ARM_v2.0/S32DS/arm_ewl2/lib/armv7e-m/fpu/libc99.a(exit.o)
 .debug_abbrev  0x00001a90       0x95 /home/houxd/prog/NXP/S32DS_ARM_v2.0/S32DS/arm_ewl2/lib/armv7e-m/fpu/libc99.a(memcpy.o)
 .debug_abbrev  0x00001b25       0x89 /home/houxd/prog/NXP/S32DS_ARM_v2.0/S32DS/arm_ewl2/lib/armv7e-m/fpu/libc99.a(strchr.o)
 .debug_abbrev  0x00001bae       0x96 /home/houxd/prog/NXP/S32DS_ARM_v2.0/S32DS/arm_ewl2/lib/armv7e-m/fpu/libc99.a(strcpy.o)
 .debug_abbrev  0x00001c44       0x7a /home/houxd/prog/NXP/S32DS_ARM_v2.0/S32DS/arm_ewl2/lib/armv7e-m/fpu/libc99.a(strlen.o)
 .debug_abbrev  0x00001cbe      0x179 /home/houxd/prog/NXP/S32DS_ARM_v2.0/S32DS/arm_ewl2/lib/armv7e-m/fpu/libc99.a(fwide.o)
 .debug_abbrev  0x00001e37      0x28e /home/houxd/prog/NXP/S32DS_ARM_v2.0/S32DS/arm_ewl2/lib/armv7e-m/fpu/libc99.a(__printformat.o)
 .debug_abbrev  0x000020c5       0x85 /home/houxd/prog/NXP/S32DS_ARM_v2.0/S32DS/arm_ewl2/lib/armv7e-m/fpu/libc99.a(ctype_aeabi.o)
 .debug_abbrev  0x0000214a      0x140 /home/houxd/prog/NXP/S32DS_ARM_v2.0/S32DS/arm_ewl2/lib/armv7e-m/fpu/libc99.a(secure_error.o)
 .debug_abbrev  0x0000228a      0x107 /home/houxd/prog/NXP/S32DS_ARM_v2.0/S32DS/arm_ewl2/lib/armv7e-m/fpu/libc99.a(ansi_files.o)
 .debug_abbrev  0x00002391      0x181 /home/houxd/prog/NXP/S32DS_ARM_v2.0/S32DS/arm_ewl2/lib/armv7e-m/fpu/libc99.a(fwrite.o)
 .debug_abbrev  0x00002512       0x5c /home/houxd/prog/NXP/S32DS_ARM_v2.0/S32DS/arm_ewl2/lib/armv7e-m/fpu/libc99.a(abort.o)
 .debug_abbrev  0x0000256e      0x132 /home/houxd/prog/NXP/S32DS_ARM_v2.0/S32DS/arm_ewl2/lib/armv7e-m/fpu/libc99.a(mbstowcs_s.o)
 .debug_abbrev  0x000026a0      0x126 /home/houxd/prog/NXP/S32DS_ARM_v2.0/S32DS/arm_ewl2/lib/armv7e-m/fpu/libc99.a(wctomb.o)
 .debug_abbrev  0x000027c6       0x95 /home/houxd/prog/NXP/S32DS_ARM_v2.0/S32DS/arm_ewl2/lib/armv7e-m/fpu/libc99.a(memchr.o)
 .debug_abbrev  0x0000285b       0x95 /home/houxd/prog/NXP/S32DS_ARM_v2.0/S32DS/arm_ewl2/lib/armv7e-m/fpu/libc99.a(__memrchr.o)
 .debug_abbrev  0x000028f0       0x89 /home/houxd/prog/NXP/S32DS_ARM_v2.0/S32DS/arm_ewl2/lib/armv7e-m/fpu/libc99.a(strncpy.o)
 .debug_abbrev  0x00002979       0xa6 /home/houxd/prog/NXP/S32DS_ARM_v2.0/S32DS/arm_ewl2/lib/armv7e-m/fpu/libc99.a(raise.o)
 .debug_abbrev  0x00002a1f       0xc6 /home/houxd/prog/NXP/S32DS_ARM_v2.0/S32DS/arm_ewl2/lib/armv7e-m/fpu/libc99.a(signal.o)
 .debug_abbrev  0x00002ae5      0x142 /home/houxd/prog/NXP/S32DS_ARM_v2.0/S32DS/arm_ewl2/lib/armv7e-m/fpu/libc99.a(__buffer_io.o)
 .debug_abbrev  0x00002c27      0x15d /home/houxd/prog/NXP/S32DS_ARM_v2.0/S32DS/arm_ewl2/lib/armv7e-m/fpu/libm.a(ansi_fp.o)
 .debug_abbrev  0x00002d84       0xf7 /home/houxd/prog/NXP/S32DS_ARM_v2.0/S32DS/arm_ewl2/lib/armv7e-m/fpu/libm.a(math_api.o)
 .debug_abbrev  0x00002e7b       0xce /home/houxd/prog/NXP/S32DS_ARM_v2.0/S32DS/arm_ewl2/lib/armv7e-m/fpu/libm.a(s_frexp.o)
 .debug_abbrev  0x00002f49       0xae /home/houxd/prog/NXP/S32DS_ARM_v2.0/S32DS/arm_ewl2/lib/armv7e-m/fpu/librt.a(gcc_ctor_dtor.o)
 .debug_abbrev  0x00002ff7      0x1e2 /home/houxd/prog/NXP/S32DS_ARM_v2.0/S32DS/arm_ewl2/lib/armv7e-m/fpu/librt.a(__arm_eabi_init.o)
 .debug_abbrev  0x000031d9       0x55 /home/houxd/prog/NXP/S32DS_ARM_v2.0/S32DS/arm_ewl2/lib/armv7e-m/fpu/librt.a(cxxabi_terminate_override.o)
 .debug_abbrev  0x0000322e      0x137 /home/houxd/prog/NXP/S32DS_ARM_v2.0/S32DS/arm_ewl2/lib/armv7e-m/fpu/libhosted.a(semihosted_console_io.o)
 .debug_abbrev  0x00003365      0x279 /home/houxd/prog/NXP/S32DS_ARM_v2.0/S32DS/arm_ewl2/lib/armv7e-m/fpu/libhosted.a(semihosted_file_io.o)

.debug_aranges  0x00000000      0xfb0
 .debug_aranges
                0x00000000      0x138 ./src/main.o
 .debug_aranges
                0x00000138      0x190 ./src/convert.o
 .debug_aranges
                0x000002c8       0x58 ./bl/timelib.o
 .debug_aranges
                0x00000320       0x80 ./bl/softonewire.o
 .debug_aranges
                0x000003a0       0x78 ./bl/softi2c.o
 .debug_aranges
                0x00000418       0x80 ./bl/ds3231.o
 .debug_aranges
                0x00000498       0x30 ./bl/ds2411.o
 .debug_aranges
                0x000004c8       0x30 ./bl/clocks_and_modes.o
 .debug_aranges
                0x000004f8       0x58 ./bl/bl.o
 .debug_aranges
                0x00000550       0x48 ./bl/LPUART.o
 .debug_aranges
                0x00000598       0x30 ./Project_Settings/Startup_Code/system_S32K144.o
 .debug_aranges
                0x000005c8       0x20 ./Project_Settings/Startup_Code/startup_S32K144.o
 .debug_aranges
                0x000005e8       0x20 ./Project_Settings/Startup_Code/startup.o
 .debug_aranges
                0x00000608       0x80 ./FreeRTOS/portable/GCC/ARM_CM4F/port.o
 .debug_aranges
                0x00000688      0x1a8 ./FreeRTOS/tasks.o
 .debug_aranges
                0x00000830       0xc8 ./FreeRTOS/queue.o
 .debug_aranges
                0x000008f8       0x40 ./FreeRTOS/list.o
 .debug_aranges
                0x00000938       0x28 /home/houxd/prog/NXP/S32DS_ARM_v2.0/S32DS/arm_ewl2/lib/armv7e-m/fpu/libc99.a(printf.o)
 .debug_aranges
                0x00000960       0x28 /home/houxd/prog/NXP/S32DS_ARM_v2.0/S32DS/arm_ewl2/lib/armv7e-m/fpu/libc99.a(vprintf.o)
 .debug_aranges
                0x00000988       0x28 /home/houxd/prog/NXP/S32DS_ARM_v2.0/S32DS/arm_ewl2/lib/armv7e-m/fpu/libc99.a(exit.o)
 .debug_aranges
                0x000009b0       0x20 /home/houxd/prog/NXP/S32DS_ARM_v2.0/S32DS/arm_ewl2/lib/armv7e-m/fpu/libc99.a(memcpy.o)
 .debug_aranges
                0x000009d0       0x20 /home/houxd/prog/NXP/S32DS_ARM_v2.0/S32DS/arm_ewl2/lib/armv7e-m/fpu/libc99.a(strchr.o)
 .debug_aranges
                0x000009f0       0x20 /home/houxd/prog/NXP/S32DS_ARM_v2.0/S32DS/arm_ewl2/lib/armv7e-m/fpu/libc99.a(strcpy.o)
 .debug_aranges
                0x00000a10       0x20 /home/houxd/prog/NXP/S32DS_ARM_v2.0/S32DS/arm_ewl2/lib/armv7e-m/fpu/libc99.a(strlen.o)
 .debug_aranges
                0x00000a30       0x30 /home/houxd/prog/NXP/S32DS_ARM_v2.0/S32DS/arm_ewl2/lib/armv7e-m/fpu/libc99.a(fwide.o)
 .debug_aranges
                0x00000a60       0x48 /home/houxd/prog/NXP/S32DS_ARM_v2.0/S32DS/arm_ewl2/lib/armv7e-m/fpu/libc99.a(__printformat.o)
 .debug_aranges
                0x00000aa8       0x88 /home/houxd/prog/NXP/S32DS_ARM_v2.0/S32DS/arm_ewl2/lib/armv7e-m/fpu/libc99.a(ctype_aeabi.o)
 .debug_aranges
                0x00000b30       0x40 /home/houxd/prog/NXP/S32DS_ARM_v2.0/S32DS/arm_ewl2/lib/armv7e-m/fpu/libc99.a(secure_error.o)
 .debug_aranges
                0x00000b70       0x28 /home/houxd/prog/NXP/S32DS_ARM_v2.0/S32DS/arm_ewl2/lib/armv7e-m/fpu/libc99.a(ansi_files.o)
 .debug_aranges
                0x00000b98       0x38 /home/houxd/prog/NXP/S32DS_ARM_v2.0/S32DS/arm_ewl2/lib/armv7e-m/fpu/libc99.a(fwrite.o)
 .debug_aranges
                0x00000bd0       0x20 /home/houxd/prog/NXP/S32DS_ARM_v2.0/S32DS/arm_ewl2/lib/armv7e-m/fpu/libc99.a(abort.o)
 .debug_aranges
                0x00000bf0       0x38 /home/houxd/prog/NXP/S32DS_ARM_v2.0/S32DS/arm_ewl2/lib/armv7e-m/fpu/libc99.a(mbstowcs_s.o)
 .debug_aranges
                0x00000c28       0x30 /home/houxd/prog/NXP/S32DS_ARM_v2.0/S32DS/arm_ewl2/lib/armv7e-m/fpu/libc99.a(wctomb.o)
 .debug_aranges
                0x00000c58       0x20 /home/houxd/prog/NXP/S32DS_ARM_v2.0/S32DS/arm_ewl2/lib/armv7e-m/fpu/libc99.a(memchr.o)
 .debug_aranges
                0x00000c78       0x20 /home/houxd/prog/NXP/S32DS_ARM_v2.0/S32DS/arm_ewl2/lib/armv7e-m/fpu/libc99.a(__memrchr.o)
 .debug_aranges
                0x00000c98       0x20 /home/houxd/prog/NXP/S32DS_ARM_v2.0/S32DS/arm_ewl2/lib/armv7e-m/fpu/libc99.a(strncpy.o)
 .debug_aranges
                0x00000cb8       0x20 /home/houxd/prog/NXP/S32DS_ARM_v2.0/S32DS/arm_ewl2/lib/armv7e-m/fpu/libc99.a(raise.o)
 .debug_aranges
                0x00000cd8       0x20 /home/houxd/prog/NXP/S32DS_ARM_v2.0/S32DS/arm_ewl2/lib/armv7e-m/fpu/libc99.a(signal.o)
 .debug_aranges
                0x00000cf8       0x30 /home/houxd/prog/NXP/S32DS_ARM_v2.0/S32DS/arm_ewl2/lib/armv7e-m/fpu/libc99.a(__buffer_io.o)
 .debug_aranges
                0x00000d28       0x30 /home/houxd/prog/NXP/S32DS_ARM_v2.0/S32DS/arm_ewl2/lib/armv7e-m/fpu/libm.a(ansi_fp.o)
 .debug_aranges
                0x00000d58       0x60 /home/houxd/prog/NXP/S32DS_ARM_v2.0/S32DS/arm_ewl2/lib/armv7e-m/fpu/libm.a(math_api.o)
 .debug_aranges
                0x00000db8       0x20 /home/houxd/prog/NXP/S32DS_ARM_v2.0/S32DS/arm_ewl2/lib/armv7e-m/fpu/libm.a(s_frexp.o)
 .debug_aranges
                0x00000dd8       0x30 /home/houxd/prog/NXP/S32DS_ARM_v2.0/S32DS/arm_ewl2/lib/armv7e-m/fpu/librt.a(gcc_ctor_dtor.o)
 .debug_aranges
                0x00000e08       0x60 /home/houxd/prog/NXP/S32DS_ARM_v2.0/S32DS/arm_ewl2/lib/armv7e-m/fpu/librt.a(__arm_eabi_init.o)
 .debug_aranges
                0x00000e68       0x18 /home/houxd/prog/NXP/S32DS_ARM_v2.0/S32DS/arm_ewl2/lib/armv7e-m/fpu/librt.a(cxxabi_terminate_override.o)
 .debug_aranges
                0x00000e80       0x50 /home/houxd/prog/NXP/S32DS_ARM_v2.0/S32DS/arm_ewl2/lib/armv7e-m/fpu/libhosted.a(semihosted_console_io.o)
 .debug_aranges
                0x00000ed0       0xe0 /home/houxd/prog/NXP/S32DS_ARM_v2.0/S32DS/arm_ewl2/lib/armv7e-m/fpu/libhosted.a(semihosted_file_io.o)

.debug_ranges   0x00000000      0x818
 .debug_ranges  0x00000000      0x128 ./src/main.o
 .debug_ranges  0x00000128      0x180 ./src/convert.o
 .debug_ranges  0x000002a8       0x48 ./bl/timelib.o
 .debug_ranges  0x000002f0       0x70 ./bl/softonewire.o
 .debug_ranges  0x00000360       0x68 ./bl/softi2c.o
 .debug_ranges  0x000003c8       0x70 ./bl/ds3231.o
 .debug_ranges  0x00000438       0x20 ./bl/ds2411.o
 .debug_ranges  0x00000458       0x20 ./bl/clocks_and_modes.o
 .debug_ranges  0x00000478       0x48 ./bl/bl.o
 .debug_ranges  0x000004c0       0x38 ./bl/LPUART.o
 .debug_ranges  0x000004f8       0x20 ./Project_Settings/Startup_Code/system_S32K144.o
 .debug_ranges  0x00000518       0x10 ./Project_Settings/Startup_Code/startup.o
 .debug_ranges  0x00000528       0x70 ./FreeRTOS/portable/GCC/ARM_CM4F/port.o
 .debug_ranges  0x00000598      0x198 ./FreeRTOS/tasks.o
 .debug_ranges  0x00000730       0xb8 ./FreeRTOS/queue.o
 .debug_ranges  0x000007e8       0x30 ./FreeRTOS/list.o

.debug_macro    0x00000000    0x1fffe
 .debug_macro   0x00000000      0x29f ./src/main.o
 .debug_macro   0x0000029f      0x886 ./src/main.o
 .debug_macro   0x00000b25       0x52 ./src/main.o
 .debug_macro   0x00000b77       0xa0 ./src/main.o
 .debug_macro   0x00000c17       0x16 ./src/main.o
 .debug_macro   0x00000c2d       0x64 ./src/main.o
 .debug_macro   0x00000c91      0x185 ./src/main.o
 .debug_macro   0x00000e16      0x140 ./src/main.o
 .debug_macro   0x00000f56       0x16 ./src/main.o
 .debug_macro   0x00000f6c       0x28 ./src/main.o
 .debug_macro   0x00000f94       0x10 ./src/main.o
 .debug_macro   0x00000fa4       0x16 ./src/main.o
 .debug_macro   0x00000fba       0x16 ./src/main.o
 .debug_macro   0x00000fd0       0x16 ./src/main.o
 .debug_macro   0x00000fe6       0x8b ./src/main.o
 .debug_macro   0x00001071       0x22 ./src/main.o
 .debug_macro   0x00001093       0x10 ./src/main.o
 .debug_macro   0x000010a3       0x20 ./src/main.o
 .debug_macro   0x000010c3       0x10 ./src/main.o
 .debug_macro   0x000010d3       0x19 ./src/main.o
 .debug_macro   0x000010ec       0x9d ./src/main.o
 .debug_macro   0x00001189      0x1af ./src/main.o
 .debug_macro   0x00001338     0xdf8d ./src/main.o
 .debug_macro   0x0000f2c5      0x175 ./src/main.o
 .debug_macro   0x0000f43a      0x15d ./src/main.o
 .debug_macro   0x0000f597       0xe4 ./src/main.o
 .debug_macro   0x0000f67b       0x10 ./src/main.o
 .debug_macro   0x0000f68b       0x1f ./src/main.o
 .debug_macro   0x0000f6aa      0x345 ./src/main.o
 .debug_macro   0x0000f9ef       0xc0 ./src/main.o
 .debug_macro   0x0000faaf       0x8c ./src/main.o
 .debug_macro   0x0000fb3b       0xb0 ./src/main.o
 .debug_macro   0x0000fbeb       0x7f ./src/main.o
 .debug_macro   0x0000fc6a       0xa0 ./src/main.o
 .debug_macro   0x0000fd0a       0x97 ./src/main.o
 .debug_macro   0x0000fda1       0xe7 ./src/main.o
 .debug_macro   0x0000fe88       0xd2 ./src/main.o
 .debug_macro   0x0000ff5a       0x1c ./src/main.o
 .debug_macro   0x0000ff76      0x177 ./src/convert.o
 .debug_macro   0x000100ed      0x15b ./src/convert.o
 .debug_macro   0x00010248       0x58 ./src/convert.o
 .debug_macro   0x000102a0       0xcc ./src/convert.o
 .debug_macro   0x0001036c      0x13e ./bl/timelib.o
 .debug_macro   0x000104aa       0x16 ./bl/timelib.o
 .debug_macro   0x000104c0      0x123 ./bl/softonewire.o
 .debug_macro   0x000105e3     0xdfa2 ./bl/softonewire.o
 .debug_macro   0x0001e585       0xa7 ./bl/softi2c.o
 .debug_macro   0x0001e62c      0x217 ./bl/ds3231.o
 .debug_macro   0x0001e843       0x10 ./bl/ds3231.o
 .debug_macro   0x0001e853      0x183 ./bl/ds2411.o
 .debug_macro   0x0001e9d6       0xb0 ./bl/clocks_and_modes.o
 .debug_macro   0x0001ea86      0x18a ./bl/bl.o
 .debug_macro   0x0001ec10       0xb4 ./bl/LPUART.o
 .debug_macro   0x0001ecc4       0xe9 ./Project_Settings/Startup_Code/system_S32K144.o
 .debug_macro   0x0001edad       0x10 ./Project_Settings/Startup_Code/system_S32K144.o
 .debug_macro   0x0001edbd       0x73 ./Project_Settings/Startup_Code/system_S32K144.o
 .debug_macro   0x0001ee30      0x978 ./Project_Settings/Startup_Code/system_S32K144.o
 .debug_macro   0x0001f7a8       0x22 ./Project_Settings/Startup_Code/system_S32K144.o
 .debug_macro   0x0001f7ca       0x22 ./Project_Settings/Startup_Code/system_S32K144.o
 .debug_macro   0x0001f7ec       0xea ./Project_Settings/Startup_Code/startup.o
 .debug_macro   0x0001f8d6      0x1f5 ./FreeRTOS/portable/GCC/ARM_CM4F/port.o
 .debug_macro   0x0001facb      0x207 ./FreeRTOS/tasks.o
 .debug_macro   0x0001fcd2       0x16 ./FreeRTOS/tasks.o
 .debug_macro   0x0001fce8      0x1cb ./FreeRTOS/queue.o
 .debug_macro   0x0001feb3      0x14b ./FreeRTOS/list.o

.debug_line     0x00000000     0x7705
 .debug_line    0x00000000      0xbb7 ./src/main.o
 .debug_line    0x00000bb7      0x7ad ./src/convert.o
 .debug_line    0x00001364      0x35d ./bl/timelib.o
 .debug_line    0x000016c1      0x38e ./bl/softonewire.o
 .debug_line    0x00001a4f      0x2b6 ./bl/softi2c.o
 .debug_line    0x00001d05      0x3d4 ./bl/ds3231.o
 .debug_line    0x000020d9      0x354 ./bl/ds2411.o
 .debug_line    0x0000242d      0x23a ./bl/clocks_and_modes.o
 .debug_line    0x00002667      0x381 ./bl/bl.o
 .debug_line    0x000029e8      0x253 ./bl/LPUART.o
 .debug_line    0x00002c3b      0x2b0 ./Project_Settings/Startup_Code/system_S32K144.o
 .debug_line    0x00002eeb       0x83 ./Project_Settings/Startup_Code/startup_S32K144.o
 .debug_line    0x00002f6e      0x273 ./Project_Settings/Startup_Code/startup.o
 .debug_line    0x000031e1      0x5ea ./FreeRTOS/portable/GCC/ARM_CM4F/port.o
 .debug_line    0x000037cb      0xf69 ./FreeRTOS/tasks.o
 .debug_line    0x00004734      0xaea ./FreeRTOS/queue.o
 .debug_line    0x0000521e      0x47d ./FreeRTOS/list.o
 .debug_line    0x0000569b       0xe2 /home/houxd/prog/NXP/S32DS_ARM_v2.0/S32DS/arm_ewl2/lib/armv7e-m/fpu/libc99.a(printf.o)
 .debug_line    0x0000577d       0xde /home/houxd/prog/NXP/S32DS_ARM_v2.0/S32DS/arm_ewl2/lib/armv7e-m/fpu/libc99.a(vprintf.o)
 .debug_line    0x0000585b       0xa4 /home/houxd/prog/NXP/S32DS_ARM_v2.0/S32DS/arm_ewl2/lib/armv7e-m/fpu/libc99.a(exit.o)
 .debug_line    0x000058ff       0x88 /home/houxd/prog/NXP/S32DS_ARM_v2.0/S32DS/arm_ewl2/lib/armv7e-m/fpu/libc99.a(memcpy.o)
 .debug_line    0x00005987       0x7c /home/houxd/prog/NXP/S32DS_ARM_v2.0/S32DS/arm_ewl2/lib/armv7e-m/fpu/libc99.a(strchr.o)
 .debug_line    0x00005a03       0x7c /home/houxd/prog/NXP/S32DS_ARM_v2.0/S32DS/arm_ewl2/lib/armv7e-m/fpu/libc99.a(strcpy.o)
 .debug_line    0x00005a7f       0x84 /home/houxd/prog/NXP/S32DS_ARM_v2.0/S32DS/arm_ewl2/lib/armv7e-m/fpu/libc99.a(strlen.o)
 .debug_line    0x00005b03       0xe9 /home/houxd/prog/NXP/S32DS_ARM_v2.0/S32DS/arm_ewl2/lib/armv7e-m/fpu/libc99.a(fwide.o)
 .debug_line    0x00005bec      0x566 /home/houxd/prog/NXP/S32DS_ARM_v2.0/S32DS/arm_ewl2/lib/armv7e-m/fpu/libc99.a(__printformat.o)
 .debug_line    0x00006152      0x180 /home/houxd/prog/NXP/S32DS_ARM_v2.0/S32DS/arm_ewl2/lib/armv7e-m/fpu/libc99.a(ctype_aeabi.o)
 .debug_line    0x000062d2       0xd1 /home/houxd/prog/NXP/S32DS_ARM_v2.0/S32DS/arm_ewl2/lib/armv7e-m/fpu/libc99.a(secure_error.o)
 .debug_line    0x000063a3       0xcb /home/houxd/prog/NXP/S32DS_ARM_v2.0/S32DS/arm_ewl2/lib/armv7e-m/fpu/libc99.a(ansi_files.o)
 .debug_line    0x0000646e      0x188 /home/houxd/prog/NXP/S32DS_ARM_v2.0/S32DS/arm_ewl2/lib/armv7e-m/fpu/libc99.a(fwrite.o)
 .debug_line    0x000065f6       0x77 /home/houxd/prog/NXP/S32DS_ARM_v2.0/S32DS/arm_ewl2/lib/armv7e-m/fpu/libc99.a(abort.o)
 .debug_line    0x0000666d      0x16e /home/houxd/prog/NXP/S32DS_ARM_v2.0/S32DS/arm_ewl2/lib/armv7e-m/fpu/libc99.a(mbstowcs_s.o)
 .debug_line    0x000067db       0xe1 /home/houxd/prog/NXP/S32DS_ARM_v2.0/S32DS/arm_ewl2/lib/armv7e-m/fpu/libc99.a(wctomb.o)
 .debug_line    0x000068bc       0x93 /home/houxd/prog/NXP/S32DS_ARM_v2.0/S32DS/arm_ewl2/lib/armv7e-m/fpu/libc99.a(memchr.o)
 .debug_line    0x0000694f       0x8f /home/houxd/prog/NXP/S32DS_ARM_v2.0/S32DS/arm_ewl2/lib/armv7e-m/fpu/libc99.a(__memrchr.o)
 .debug_line    0x000069de       0x8b /home/houxd/prog/NXP/S32DS_ARM_v2.0/S32DS/arm_ewl2/lib/armv7e-m/fpu/libc99.a(strncpy.o)
 .debug_line    0x00006a69       0x8a /home/houxd/prog/NXP/S32DS_ARM_v2.0/S32DS/arm_ewl2/lib/armv7e-m/fpu/libc99.a(raise.o)
 .debug_line    0x00006af3       0x8a /home/houxd/prog/NXP/S32DS_ARM_v2.0/S32DS/arm_ewl2/lib/armv7e-m/fpu/libc99.a(signal.o)
 .debug_line    0x00006b7d       0xf9 /home/houxd/prog/NXP/S32DS_ARM_v2.0/S32DS/arm_ewl2/lib/armv7e-m/fpu/libc99.a(__buffer_io.o)
 .debug_line    0x00006c76      0x1b1 /home/houxd/prog/NXP/S32DS_ARM_v2.0/S32DS/arm_ewl2/lib/armv7e-m/fpu/libm.a(ansi_fp.o)
 .debug_line    0x00006e27      0x177 /home/houxd/prog/NXP/S32DS_ARM_v2.0/S32DS/arm_ewl2/lib/armv7e-m/fpu/libm.a(math_api.o)
 .debug_line    0x00006f9e       0xbd /home/houxd/prog/NXP/S32DS_ARM_v2.0/S32DS/arm_ewl2/lib/armv7e-m/fpu/libm.a(s_frexp.o)
 .debug_line    0x0000705b       0x74 /home/houxd/prog/NXP/S32DS_ARM_v2.0/S32DS/arm_ewl2/lib/armv7e-m/fpu/librt.a(gcc_ctor_dtor.o)
 .debug_line    0x000070cf      0x11b /home/houxd/prog/NXP/S32DS_ARM_v2.0/S32DS/arm_ewl2/lib/armv7e-m/fpu/librt.a(__arm_eabi_init.o)
 .debug_line    0x000071ea       0x66 /home/houxd/prog/NXP/S32DS_ARM_v2.0/S32DS/arm_ewl2/lib/armv7e-m/fpu/librt.a(cxxabi_terminate_override.o)
 .debug_line    0x00007250      0x145 /home/houxd/prog/NXP/S32DS_ARM_v2.0/S32DS/arm_ewl2/lib/armv7e-m/fpu/libhosted.a(semihosted_console_io.o)
 .debug_line    0x00007395      0x370 /home/houxd/prog/NXP/S32DS_ARM_v2.0/S32DS/arm_ewl2/lib/armv7e-m/fpu/libhosted.a(semihosted_file_io.o)

.debug_str      0x00000000    0x6e106
 .debug_str     0x00000000    0x6457b ./src/main.o
                              0x646e3 (size before relaxing)
 .debug_str     0x0006457b      0x289 ./src/convert.o
                               0x5721 (size before relaxing)
 .debug_str     0x00064804       0xba ./bl/timelib.o
                               0x478f (size before relaxing)
 .debug_str     0x000648be      0x17d ./bl/softonewire.o
                              0x5df59 (size before relaxing)
 .debug_str     0x00064a3b      0x19b ./bl/softi2c.o
                               0x41ea (size before relaxing)
 .debug_str     0x00064bd6      0x207 ./bl/ds3231.o
                              0x5f526 (size before relaxing)
 .debug_str     0x00064ddd       0xf6 ./bl/ds2411.o
                              0x5e3eb (size before relaxing)
 .debug_str     0x00064ed3       0xbd ./bl/clocks_and_modes.o
                              0x5ddef (size before relaxing)
 .debug_str     0x00064f90      0x67a ./bl/bl.o
                              0x5ebfc (size before relaxing)
 .debug_str     0x0006560a       0xa0 ./bl/LPUART.o
                              0x5ddce (size before relaxing)
 .debug_str     0x000656aa     0x47dd ./Project_Settings/Startup_Code/system_S32K144.o
                              0x62585 (size before relaxing)
 .debug_str     0x00069e87      0x120 ./Project_Settings/Startup_Code/startup.o
                              0x624bc (size before relaxing)
 .debug_str     0x00069fa7      0x83a ./FreeRTOS/portable/GCC/ARM_CM4F/port.o
                               0x7ef5 (size before relaxing)
 .debug_str     0x0006a7e1     0x1a0b ./FreeRTOS/tasks.o
                               0x91ed (size before relaxing)
 .debug_str     0x0006c1ec      0x554 ./FreeRTOS/queue.o
                               0x8908 (size before relaxing)
 .debug_str     0x0006c740       0xa7 ./FreeRTOS/list.o
                               0x7297 (size before relaxing)
 .debug_str     0x0006c7e7      0x2e0 /home/houxd/prog/NXP/S32DS_ARM_v2.0/S32DS/arm_ewl2/lib/armv7e-m/fpu/libc99.a(printf.o)
                                0x40b (size before relaxing)
 .debug_str     0x0006cac7       0x23 /home/houxd/prog/NXP/S32DS_ARM_v2.0/S32DS/arm_ewl2/lib/armv7e-m/fpu/libc99.a(vprintf.o)
                                0x408 (size before relaxing)
 .debug_str     0x0006caea       0x3b /home/houxd/prog/NXP/S32DS_ARM_v2.0/S32DS/arm_ewl2/lib/armv7e-m/fpu/libc99.a(exit.o)
                                0x24e (size before relaxing)
 .debug_str     0x0006cb25       0x1c /home/houxd/prog/NXP/S32DS_ARM_v2.0/S32DS/arm_ewl2/lib/armv7e-m/fpu/libc99.a(memcpy.o)
                                0x229 (size before relaxing)
 .debug_str     0x0006cb41       0x1c /home/houxd/prog/NXP/S32DS_ARM_v2.0/S32DS/arm_ewl2/lib/armv7e-m/fpu/libc99.a(strchr.o)
                                0x228 (size before relaxing)
 .debug_str     0x0006cb5d       0x24 /home/houxd/prog/NXP/S32DS_ARM_v2.0/S32DS/arm_ewl2/lib/armv7e-m/fpu/libc99.a(strcpy.o)
                                0x233 (size before relaxing)
 .debug_str     0x0006cb81       0x1c /home/houxd/prog/NXP/S32DS_ARM_v2.0/S32DS/arm_ewl2/lib/armv7e-m/fpu/libc99.a(strlen.o)
                                0x231 (size before relaxing)
 .debug_str     0x0006cb9d       0xb1 /home/houxd/prog/NXP/S32DS_ARM_v2.0/S32DS/arm_ewl2/lib/armv7e-m/fpu/libc99.a(fwide.o)
                                0x4a2 (size before relaxing)
 .debug_str     0x0006cc4e      0x356 /home/houxd/prog/NXP/S32DS_ARM_v2.0/S32DS/arm_ewl2/lib/armv7e-m/fpu/libc99.a(__printformat.o)
                                0x820 (size before relaxing)
 .debug_str     0x0006cfa4       0x9d /home/houxd/prog/NXP/S32DS_ARM_v2.0/S32DS/arm_ewl2/lib/armv7e-m/fpu/libc99.a(ctype_aeabi.o)
                                0x2ad (size before relaxing)
 .debug_str     0x0006d041       0xd0 /home/houxd/prog/NXP/S32DS_ARM_v2.0/S32DS/arm_ewl2/lib/armv7e-m/fpu/libc99.a(secure_error.o)
                                0x2e4 (size before relaxing)
 .debug_str     0x0006d111      0x140 /home/houxd/prog/NXP/S32DS_ARM_v2.0/S32DS/arm_ewl2/lib/armv7e-m/fpu/libc99.a(ansi_files.o)
                                0x59b (size before relaxing)
 .debug_str     0x0006d251      0x18c /home/houxd/prog/NXP/S32DS_ARM_v2.0/S32DS/arm_ewl2/lib/armv7e-m/fpu/libc99.a(fwrite.o)
                                0x65d (size before relaxing)
 .debug_str     0x0006d3dd       0x13 /home/houxd/prog/NXP/S32DS_ARM_v2.0/S32DS/arm_ewl2/lib/armv7e-m/fpu/libc99.a(abort.o)
                                0x230 (size before relaxing)
 .debug_str     0x0006d3f0       0x64 /home/houxd/prog/NXP/S32DS_ARM_v2.0/S32DS/arm_ewl2/lib/armv7e-m/fpu/libc99.a(mbstowcs_s.o)
                                0x454 (size before relaxing)
 .debug_str     0x0006d454       0x2b /home/houxd/prog/NXP/S32DS_ARM_v2.0/S32DS/arm_ewl2/lib/armv7e-m/fpu/libc99.a(wctomb.o)
                                0x3f8 (size before relaxing)
 .debug_str     0x0006d47f       0x1c /home/houxd/prog/NXP/S32DS_ARM_v2.0/S32DS/arm_ewl2/lib/armv7e-m/fpu/libc99.a(memchr.o)
                                0x239 (size before relaxing)
 .debug_str     0x0006d49b       0x22 /home/houxd/prog/NXP/S32DS_ARM_v2.0/S32DS/arm_ewl2/lib/armv7e-m/fpu/libc99.a(__memrchr.o)
                                0x236 (size before relaxing)
 .debug_str     0x0006d4bd       0x1e /home/houxd/prog/NXP/S32DS_ARM_v2.0/S32DS/arm_ewl2/lib/armv7e-m/fpu/libc99.a(strncpy.o)
                                0x22b (size before relaxing)
 .debug_str     0x0006d4db       0x38 /home/houxd/prog/NXP/S32DS_ARM_v2.0/S32DS/arm_ewl2/lib/armv7e-m/fpu/libc99.a(raise.o)
                                0x252 (size before relaxing)
 .debug_str     0x0006d513       0x31 /home/houxd/prog/NXP/S32DS_ARM_v2.0/S32DS/arm_ewl2/lib/armv7e-m/fpu/libc99.a(signal.o)
                                0x26a (size before relaxing)
 .debug_str     0x0006d544       0x81 /home/houxd/prog/NXP/S32DS_ARM_v2.0/S32DS/arm_ewl2/lib/armv7e-m/fpu/libc99.a(__buffer_io.o)
                                0x48c (size before relaxing)
 .debug_str     0x0006d5c5       0x93 /home/houxd/prog/NXP/S32DS_ARM_v2.0/S32DS/arm_ewl2/lib/armv7e-m/fpu/libm.a(ansi_fp.o)
                                0x30a (size before relaxing)
 .debug_str     0x0006d658       0xe5 /home/houxd/prog/NXP/S32DS_ARM_v2.0/S32DS/arm_ewl2/lib/armv7e-m/fpu/libm.a(math_api.o)
                                0x319 (size before relaxing)
 .debug_str     0x0006d73d       0x24 /home/houxd/prog/NXP/S32DS_ARM_v2.0/S32DS/arm_ewl2/lib/armv7e-m/fpu/libm.a(s_frexp.o)
                                0x24e (size before relaxing)
 .debug_str     0x0006d761      0x2a8 /home/houxd/prog/NXP/S32DS_ARM_v2.0/S32DS/arm_ewl2/lib/armv7e-m/fpu/librt.a(gcc_ctor_dtor.o)
                                0x2b1 (size before relaxing)
 .debug_str     0x0006da09      0x10d /home/houxd/prog/NXP/S32DS_ARM_v2.0/S32DS/arm_ewl2/lib/armv7e-m/fpu/librt.a(__arm_eabi_init.o)
                                0x2e2 (size before relaxing)
 .debug_str     0x0006db16      0x227 /home/houxd/prog/NXP/S32DS_ARM_v2.0/S32DS/arm_ewl2/lib/armv7e-m/fpu/librt.a(cxxabi_terminate_override.o)
                                0x270 (size before relaxing)
 .debug_str     0x0006dd3d       0x9b /home/houxd/prog/NXP/S32DS_ARM_v2.0/S32DS/arm_ewl2/lib/armv7e-m/fpu/libhosted.a(semihosted_console_io.o)
                                0x2cf (size before relaxing)
 .debug_str     0x0006ddd8      0x32e /home/houxd/prog/NXP/S32DS_ARM_v2.0/S32DS/arm_ewl2/lib/armv7e-m/fpu/libhosted.a(semihosted_file_io.o)
                                0x715 (size before relaxing)

.comment        0x00000000       0x70
 .comment       0x00000000       0x70 ./src/main.o
                                 0x71 (size before relaxing)
 .comment       0x00000000       0x71 ./src/convert.o
 .comment       0x00000000       0x71 ./bl/timelib.o
 .comment       0x00000000       0x71 ./bl/softonewire.o
 .comment       0x00000000       0x71 ./bl/softi2c.o
 .comment       0x00000000       0x71 ./bl/ds3231.o
 .comment       0x00000000       0x71 ./bl/ds2411.o
 .comment       0x00000000       0x71 ./bl/clocks_and_modes.o
 .comment       0x00000000       0x71 ./bl/bl.o
 .comment       0x00000000       0x71 ./bl/LPUART.o
 .comment       0x00000000       0x71 ./Project_Settings/Startup_Code/system_S32K144.o
 .comment       0x00000000       0x71 ./Project_Settings/Startup_Code/startup.o
 .comment       0x00000000       0x71 ./FreeRTOS/portable/GCC/ARM_CM4F/port.o
 .comment       0x00000000       0x71 ./FreeRTOS/tasks.o
 .comment       0x00000000       0x71 ./FreeRTOS/queue.o
 .comment       0x00000000       0x71 ./FreeRTOS/list.o
 .comment       0x00000000       0x71 /home/houxd/prog/NXP/S32DS_ARM_v2.0/S32DS/arm_ewl2/lib/armv7e-m/fpu/libc99.a(printf.o)
 .comment       0x00000000       0x71 /home/houxd/prog/NXP/S32DS_ARM_v2.0/S32DS/arm_ewl2/lib/armv7e-m/fpu/libc99.a(vprintf.o)
 .comment       0x00000000       0x71 /home/houxd/prog/NXP/S32DS_ARM_v2.0/S32DS/arm_ewl2/lib/armv7e-m/fpu/libc99.a(exit.o)
 .comment       0x00000000       0x71 /home/houxd/prog/NXP/S32DS_ARM_v2.0/S32DS/arm_ewl2/lib/armv7e-m/fpu/libc99.a(memcpy.o)
 .comment       0x00000000       0x71 /home/houxd/prog/NXP/S32DS_ARM_v2.0/S32DS/arm_ewl2/lib/armv7e-m/fpu/libc99.a(strchr.o)
 .comment       0x00000000       0x71 /home/houxd/prog/NXP/S32DS_ARM_v2.0/S32DS/arm_ewl2/lib/armv7e-m/fpu/libc99.a(strcpy.o)
 .comment       0x00000000       0x71 /home/houxd/prog/NXP/S32DS_ARM_v2.0/S32DS/arm_ewl2/lib/armv7e-m/fpu/libc99.a(strlen.o)
 .comment       0x00000000       0x71 /home/houxd/prog/NXP/S32DS_ARM_v2.0/S32DS/arm_ewl2/lib/armv7e-m/fpu/libc99.a(fwide.o)
 .comment       0x00000000       0x71 /home/houxd/prog/NXP/S32DS_ARM_v2.0/S32DS/arm_ewl2/lib/armv7e-m/fpu/libc99.a(__printformat.o)
 .comment       0x00000000       0x71 /home/houxd/prog/NXP/S32DS_ARM_v2.0/S32DS/arm_ewl2/lib/armv7e-m/fpu/libc99.a(ctype_aeabi.o)
 .comment       0x00000000       0x71 /home/houxd/prog/NXP/S32DS_ARM_v2.0/S32DS/arm_ewl2/lib/armv7e-m/fpu/libc99.a(secure_error.o)
 .comment       0x00000000       0x71 /home/houxd/prog/NXP/S32DS_ARM_v2.0/S32DS/arm_ewl2/lib/armv7e-m/fpu/libc99.a(ansi_files.o)
 .comment       0x00000000       0x71 /home/houxd/prog/NXP/S32DS_ARM_v2.0/S32DS/arm_ewl2/lib/armv7e-m/fpu/libc99.a(fwrite.o)
 .comment       0x00000000       0x71 /home/houxd/prog/NXP/S32DS_ARM_v2.0/S32DS/arm_ewl2/lib/armv7e-m/fpu/libc99.a(abort.o)
 .comment       0x00000000       0x71 /home/houxd/prog/NXP/S32DS_ARM_v2.0/S32DS/arm_ewl2/lib/armv7e-m/fpu/libc99.a(mbstowcs_s.o)
 .comment       0x00000000       0x71 /home/houxd/prog/NXP/S32DS_ARM_v2.0/S32DS/arm_ewl2/lib/armv7e-m/fpu/libc99.a(wctomb.o)
 .comment       0x00000000       0x71 /home/houxd/prog/NXP/S32DS_ARM_v2.0/S32DS/arm_ewl2/lib/armv7e-m/fpu/libc99.a(memchr.o)
 .comment       0x00000000       0x71 /home/houxd/prog/NXP/S32DS_ARM_v2.0/S32DS/arm_ewl2/lib/armv7e-m/fpu/libc99.a(__memrchr.o)
 .comment       0x00000000       0x71 /home/houxd/prog/NXP/S32DS_ARM_v2.0/S32DS/arm_ewl2/lib/armv7e-m/fpu/libc99.a(strncpy.o)
 .comment       0x00000000       0x71 /home/houxd/prog/NXP/S32DS_ARM_v2.0/S32DS/arm_ewl2/lib/armv7e-m/fpu/libc99.a(raise.o)
 .comment       0x00000000       0x71 /home/houxd/prog/NXP/S32DS_ARM_v2.0/S32DS/arm_ewl2/lib/armv7e-m/fpu/libc99.a(signal.o)
 .comment       0x00000000       0x71 /home/houxd/prog/NXP/S32DS_ARM_v2.0/S32DS/arm_ewl2/lib/armv7e-m/fpu/libc99.a(__buffer_io.o)
 .comment       0x00000000       0x71 /home/houxd/prog/NXP/S32DS_ARM_v2.0/S32DS/arm_ewl2/lib/armv7e-m/fpu/libm.a(ansi_fp.o)
 .comment       0x00000000       0x71 /home/houxd/prog/NXP/S32DS_ARM_v2.0/S32DS/arm_ewl2/lib/armv7e-m/fpu/libm.a(math_api.o)
 .comment       0x00000000       0x71 /home/houxd/prog/NXP/S32DS_ARM_v2.0/S32DS/arm_ewl2/lib/armv7e-m/fpu/libm.a(s_frexp.o)
 .comment       0x00000000       0x71 /home/houxd/prog/NXP/S32DS_ARM_v2.0/S32DS/arm_ewl2/lib/armv7e-m/fpu/librt.a(gcc_ctor_dtor.o)
 .comment       0x00000000       0x71 /home/houxd/prog/NXP/S32DS_ARM_v2.0/S32DS/arm_ewl2/lib/armv7e-m/fpu/librt.a(__arm_eabi_init.o)
 .comment       0x00000000       0x71 /home/houxd/prog/NXP/S32DS_ARM_v2.0/S32DS/arm_ewl2/lib/armv7e-m/fpu/librt.a(cxxabi_terminate_override.o)
 .comment       0x00000000       0x71 /home/houxd/prog/NXP/S32DS_ARM_v2.0/S32DS/arm_ewl2/lib/armv7e-m/fpu/libhosted.a(semihosted_console_io.o)
 .comment       0x00000000       0x71 /home/houxd/prog/NXP/S32DS_ARM_v2.0/S32DS/arm_ewl2/lib/armv7e-m/fpu/libhosted.a(semihosted_file_io.o)

.debug_frame    0x00000000     0x30c8
 .debug_frame   0x00000000      0x520 ./src/main.o
 .debug_frame   0x00000520      0x778 ./src/convert.o
 .debug_frame   0x00000c98      0x148 ./bl/timelib.o
 .debug_frame   0x00000de0      0x1e8 ./bl/softonewire.o
 .debug_frame   0x00000fc8      0x1c0 ./bl/softi2c.o
 .debug_frame   0x00001188      0x1b8 ./bl/ds3231.o
 .debug_frame   0x00001340       0x80 ./bl/ds2411.o
 .debug_frame   0x000013c0       0x70 ./bl/clocks_and_modes.o
 .debug_frame   0x00001430      0x118 ./bl/bl.o
 .debug_frame   0x00001548       0xdc ./bl/LPUART.o
 .debug_frame   0x00001624       0x80 ./Project_Settings/Startup_Code/system_S32K144.o
 .debug_frame   0x000016a4       0x38 ./Project_Settings/Startup_Code/startup.o
 .debug_frame   0x000016dc      0x19c ./FreeRTOS/portable/GCC/ARM_CM4F/port.o
 .debug_frame   0x00001878      0x72c ./FreeRTOS/tasks.o
 .debug_frame   0x00001fa4      0x334 ./FreeRTOS/queue.o
 .debug_frame   0x000022d8       0xd8 ./FreeRTOS/list.o
 .debug_frame   0x000023b0       0x50 /home/houxd/prog/NXP/S32DS_ARM_v2.0/S32DS/arm_ewl2/lib/armv7e-m/fpu/libc99.a(printf.o)
 .debug_frame   0x00002400       0x3c /home/houxd/prog/NXP/S32DS_ARM_v2.0/S32DS/arm_ewl2/lib/armv7e-m/fpu/libc99.a(vprintf.o)
 .debug_frame   0x0000243c       0x3c /home/houxd/prog/NXP/S32DS_ARM_v2.0/S32DS/arm_ewl2/lib/armv7e-m/fpu/libc99.a(exit.o)
 .debug_frame   0x00002478       0x28 /home/houxd/prog/NXP/S32DS_ARM_v2.0/S32DS/arm_ewl2/lib/armv7e-m/fpu/libc99.a(memcpy.o)
 .debug_frame   0x000024a0       0x20 /home/houxd/prog/NXP/S32DS_ARM_v2.0/S32DS/arm_ewl2/lib/armv7e-m/fpu/libc99.a(strchr.o)
 .debug_frame   0x000024c0       0x20 /home/houxd/prog/NXP/S32DS_ARM_v2.0/S32DS/arm_ewl2/lib/armv7e-m/fpu/libc99.a(strcpy.o)
 .debug_frame   0x000024e0       0x20 /home/houxd/prog/NXP/S32DS_ARM_v2.0/S32DS/arm_ewl2/lib/armv7e-m/fpu/libc99.a(strlen.o)
 .debug_frame   0x00002500       0x40 /home/houxd/prog/NXP/S32DS_ARM_v2.0/S32DS/arm_ewl2/lib/armv7e-m/fpu/libc99.a(fwide.o)
 .debug_frame   0x00002540       0xf8 /home/houxd/prog/NXP/S32DS_ARM_v2.0/S32DS/arm_ewl2/lib/armv7e-m/fpu/libc99.a(__printformat.o)
 .debug_frame   0x00002638       0xf0 /home/houxd/prog/NXP/S32DS_ARM_v2.0/S32DS/arm_ewl2/lib/armv7e-m/fpu/libc99.a(ctype_aeabi.o)
 .debug_frame   0x00002728       0x68 /home/houxd/prog/NXP/S32DS_ARM_v2.0/S32DS/arm_ewl2/lib/armv7e-m/fpu/libc99.a(secure_error.o)
 .debug_frame   0x00002790       0x48 /home/houxd/prog/NXP/S32DS_ARM_v2.0/S32DS/arm_ewl2/lib/armv7e-m/fpu/libc99.a(ansi_files.o)
 .debug_frame   0x000027d8       0x74 /home/houxd/prog/NXP/S32DS_ARM_v2.0/S32DS/arm_ewl2/lib/armv7e-m/fpu/libc99.a(fwrite.o)
 .debug_frame   0x0000284c       0x2c /home/houxd/prog/NXP/S32DS_ARM_v2.0/S32DS/arm_ewl2/lib/armv7e-m/fpu/libc99.a(abort.o)
 .debug_frame   0x00002878       0x94 /home/houxd/prog/NXP/S32DS_ARM_v2.0/S32DS/arm_ewl2/lib/armv7e-m/fpu/libc99.a(mbstowcs_s.o)
 .debug_frame   0x0000290c       0x40 /home/houxd/prog/NXP/S32DS_ARM_v2.0/S32DS/arm_ewl2/lib/armv7e-m/fpu/libc99.a(wctomb.o)
 .debug_frame   0x0000294c       0x28 /home/houxd/prog/NXP/S32DS_ARM_v2.0/S32DS/arm_ewl2/lib/armv7e-m/fpu/libc99.a(memchr.o)
 .debug_frame   0x00002974       0x2c /home/houxd/prog/NXP/S32DS_ARM_v2.0/S32DS/arm_ewl2/lib/armv7e-m/fpu/libc99.a(__memrchr.o)
 .debug_frame   0x000029a0       0x28 /home/houxd/prog/NXP/S32DS_ARM_v2.0/S32DS/arm_ewl2/lib/armv7e-m/fpu/libc99.a(strncpy.o)
 .debug_frame   0x000029c8       0x2c /home/houxd/prog/NXP/S32DS_ARM_v2.0/S32DS/arm_ewl2/lib/armv7e-m/fpu/libc99.a(raise.o)
 .debug_frame   0x000029f4       0x20 /home/houxd/prog/NXP/S32DS_ARM_v2.0/S32DS/arm_ewl2/lib/armv7e-m/fpu/libc99.a(signal.o)
 .debug_frame   0x00002a14       0x58 /home/houxd/prog/NXP/S32DS_ARM_v2.0/S32DS/arm_ewl2/lib/armv7e-m/fpu/libc99.a(__buffer_io.o)
 .debug_frame   0x00002a6c       0x90 /home/houxd/prog/NXP/S32DS_ARM_v2.0/S32DS/arm_ewl2/lib/armv7e-m/fpu/libm.a(ansi_fp.o)
 .debug_frame   0x00002afc       0xd4 /home/houxd/prog/NXP/S32DS_ARM_v2.0/S32DS/arm_ewl2/lib/armv7e-m/fpu/libm.a(math_api.o)
 .debug_frame   0x00002bd0       0x2c /home/houxd/prog/NXP/S32DS_ARM_v2.0/S32DS/arm_ewl2/lib/armv7e-m/fpu/libm.a(s_frexp.o)
 .debug_frame   0x00002bfc       0x28 /home/houxd/prog/NXP/S32DS_ARM_v2.0/Cross_Tools/gcc-arm-none-eabi-4_9/bin/../lib/gcc/arm-none-eabi/4.9.3/armv7e-m/fpu/libgcc.a(_aeabi_uldivmod.o)
 .debug_frame   0x00002c24       0x50 /home/houxd/prog/NXP/S32DS_ARM_v2.0/Cross_Tools/gcc-arm-none-eabi-4_9/bin/../lib/gcc/arm-none-eabi/4.9.3/armv7e-m/fpu/libgcc.a(bpabi.o)
 .debug_frame   0x00002c74       0x34 /home/houxd/prog/NXP/S32DS_ARM_v2.0/Cross_Tools/gcc-arm-none-eabi-4_9/bin/../lib/gcc/arm-none-eabi/4.9.3/armv7e-m/fpu/libgcc.a(_divdi3.o)