Archive member included because of file (symbol)

/home/houxd/prog/NXP/S32DS_ARM_v2.0/S32DS/arm_ewl2/lib/armv7e-m/fpu/libc99.a(sprintf.o)
                              ./bl/SPI_MSD0_Driver.o (sprintf)
/home/houxd/prog/NXP/S32DS_ARM_v2.0/S32DS/arm_ewl2/lib/armv7e-m/fpu/libc99.a(vprintf.o)
                              ./src/main.o (vprintf)
/home/houxd/prog/NXP/S32DS_ARM_v2.0/S32DS/arm_ewl2/lib/armv7e-m/fpu/libc99.a(vsnprintf.o)
                              /home/houxd/prog/NXP/S32DS_ARM_v2.0/S32DS/arm_ewl2/lib/armv7e-m/fpu/libc99.a(sprintf.o) (vsnprintf)
/home/houxd/prog/NXP/S32DS_ARM_v2.0/S32DS/arm_ewl2/lib/armv7e-m/fpu/libc99.a(exit.o)
                              /home/houxd/prog/NXP/S32DS_ARM_v2.0/S32DS/arm_ewl2/lib/armv7e-m/fpu/__arm_start-hosted.o (exit)
/home/houxd/prog/NXP/S32DS_ARM_v2.0/S32DS/arm_ewl2/lib/armv7e-m/fpu/libc99.a(memcpy.o)
                              ./src/convert.o (memcpy)
/home/houxd/prog/NXP/S32DS_ARM_v2.0/S32DS/arm_ewl2/lib/armv7e-m/fpu/libc99.a(memset.o)
                              /home/houxd/prog/NXP/S32DS_ARM_v2.0/S32DS/arm_ewl2/lib/armv7e-m/fpu/__arm_start-hosted.o (memset)
/home/houxd/prog/NXP/S32DS_ARM_v2.0/S32DS/arm_ewl2/lib/armv7e-m/fpu/libc99.a(strchr.o)
                              ./src/convert.o (strchr)
/home/houxd/prog/NXP/S32DS_ARM_v2.0/S32DS/arm_ewl2/lib/armv7e-m/fpu/libc99.a(strcmp.o)
                              ./src/main.o (strcmp)
/home/houxd/prog/NXP/S32DS_ARM_v2.0/S32DS/arm_ewl2/lib/armv7e-m/fpu/libc99.a(strlen.o)
                              ./src/convert.o (strlen)
/home/houxd/prog/NXP/S32DS_ARM_v2.0/S32DS/arm_ewl2/lib/armv7e-m/fpu/libc99.a(fgetwc.o)
                              /home/houxd/prog/NXP/S32DS_ARM_v2.0/S32DS/arm_ewl2/lib/armv7e-m/fpu/libc99.a(sprintf.o) (getwc)
/home/houxd/prog/NXP/S32DS_ARM_v2.0/S32DS/arm_ewl2/lib/armv7e-m/fpu/libc99.a(fwide.o)
                              /home/houxd/prog/NXP/S32DS_ARM_v2.0/S32DS/arm_ewl2/lib/armv7e-m/fpu/libc99.a(vprintf.o) (fwide)
/home/houxd/prog/NXP/S32DS_ARM_v2.0/S32DS/arm_ewl2/lib/armv7e-m/fpu/libc99.a(__wgetchar.o)
                              /home/houxd/prog/NXP/S32DS_ARM_v2.0/S32DS/arm_ewl2/lib/armv7e-m/fpu/libc99.a(fgetwc.o) (__fgetwc)
/home/houxd/prog/NXP/S32DS_ARM_v2.0/S32DS/arm_ewl2/lib/armv7e-m/fpu/libc99.a(__printformat.o)
                              /home/houxd/prog/NXP/S32DS_ARM_v2.0/S32DS/arm_ewl2/lib/armv7e-m/fpu/libc99.a(vprintf.o) (__pformatter)
/home/houxd/prog/NXP/S32DS_ARM_v2.0/S32DS/arm_ewl2/lib/armv7e-m/fpu/libc99.a(ctype_aeabi.o)
                              /home/houxd/prog/NXP/S32DS_ARM_v2.0/S32DS/arm_ewl2/lib/armv7e-m/fpu/libc99.a(__printformat.o) (isupper)
/home/houxd/prog/NXP/S32DS_ARM_v2.0/S32DS/arm_ewl2/lib/armv7e-m/fpu/libc99.a(secure_error.o)
                              /home/houxd/prog/NXP/S32DS_ARM_v2.0/S32DS/arm_ewl2/lib/armv7e-m/fpu/libc99.a(__printformat.o) (__ewl_runtime_constraint_violation_s)
/home/houxd/prog/NXP/S32DS_ARM_v2.0/S32DS/arm_ewl2/lib/armv7e-m/fpu/libc99.a(ansi_files.o)
                              /home/houxd/prog/NXP/S32DS_ARM_v2.0/S32DS/arm_ewl2/lib/armv7e-m/fpu/libc99.a(sprintf.o) (__files)
/home/houxd/prog/NXP/S32DS_ARM_v2.0/S32DS/arm_ewl2/lib/armv7e-m/fpu/libc99.a(fflush.o)
                              /home/houxd/prog/NXP/S32DS_ARM_v2.0/S32DS/arm_ewl2/lib/armv7e-m/fpu/libc99.a(ansi_files.o) (fflush)
/home/houxd/prog/NXP/S32DS_ARM_v2.0/S32DS/arm_ewl2/lib/armv7e-m/fpu/libc99.a(fread.o)
                              /home/houxd/prog/NXP/S32DS_ARM_v2.0/S32DS/arm_ewl2/lib/armv7e-m/fpu/libc99.a(__wgetchar.o) (__fread)
/home/houxd/prog/NXP/S32DS_ARM_v2.0/S32DS/arm_ewl2/lib/armv7e-m/fpu/libc99.a(fwrite.o)
                              /home/houxd/prog/NXP/S32DS_ARM_v2.0/S32DS/arm_ewl2/lib/armv7e-m/fpu/libc99.a(vprintf.o) (__FileWrite)
/home/houxd/prog/NXP/S32DS_ARM_v2.0/S32DS/arm_ewl2/lib/armv7e-m/fpu/libc99.a(abort.o)
                              /home/houxd/prog/NXP/S32DS_ARM_v2.0/S32DS/arm_ewl2/lib/armv7e-m/fpu/libc99.a(secure_error.o) (abort)
/home/houxd/prog/NXP/S32DS_ARM_v2.0/S32DS/arm_ewl2/lib/armv7e-m/fpu/libc99.a(mbstowcs_s.o)
                              /home/houxd/prog/NXP/S32DS_ARM_v2.0/S32DS/arm_ewl2/lib/armv7e-m/fpu/libc99.a(__printformat.o) (wcstombs)
/home/houxd/prog/NXP/S32DS_ARM_v2.0/S32DS/arm_ewl2/lib/armv7e-m/fpu/libc99.a(mbtowc.o)
                              /home/houxd/prog/NXP/S32DS_ARM_v2.0/S32DS/arm_ewl2/lib/armv7e-m/fpu/libc99.a(__wgetchar.o) (mbtowc)
/home/houxd/prog/NXP/S32DS_ARM_v2.0/S32DS/arm_ewl2/lib/armv7e-m/fpu/libc99.a(wctomb.o)
                              /home/houxd/prog/NXP/S32DS_ARM_v2.0/S32DS/arm_ewl2/lib/armv7e-m/fpu/libc99.a(mbstowcs_s.o) (wctomb)
/home/houxd/prog/NXP/S32DS_ARM_v2.0/S32DS/arm_ewl2/lib/armv7e-m/fpu/libc99.a(__filll_mem.o)
                              /home/houxd/prog/NXP/S32DS_ARM_v2.0/S32DS/arm_ewl2/lib/armv7e-m/fpu/libc99.a(memset.o) (__fill_mem)
/home/houxd/prog/NXP/S32DS_ARM_v2.0/S32DS/arm_ewl2/lib/armv7e-m/fpu/libc99.a(memchr.o)
[...]
Memory Configuration

Name             Origin             Length             Attributes
m_interrupts     0x00000000         0x00000400         xr
m_flash_config   0x00000400         0x00000010         xr
m_text           0x00000410         0x0007fbf0         xr
m_data           0x1fff8000         0x00008000         rw
m_data_2         0x20000000         0x00007000         rw
*default*        0x00000000         0xffffffff

Linker script and memory map

LOAD /home/houxd/prog/NXP/S32DS_ARM_v2.0/S32DS/arm_ewl2/lib/armv7e-m/fpu/__arm_start-hosted.o
LOAD ./src/main.o
LOAD ./src/convert.o
LOAD ./fatfs/unicode.o
LOAD ./fatfs/ff.o
LOAD ./fatfs/diskio.o
LOAD ./fatfs/ccsbcs.o
LOAD ./bl/clocks_and_modes.o
LOAD ./bl/bl.o
LOAD ./bl/SPI_MSD0_Driver.o
LOAD ./bl/FlexCAN.o
LOAD ./Project_Settings/Startup_Code/system_S32K144.o
LOAD ./Project_Settings/Startup_Code/startup_S32K144.o
LOAD ./Project_Settings/Startup_Code/startup.o
LOAD ./FreeRTOS/portable/MemMang/heap_2.o
LOAD ./FreeRTOS/portable/GCC/ARM_CM4F/port.o
LOAD ./FreeRTOS/timers.o
LOAD ./FreeRTOS/tasks.o
LOAD ./FreeRTOS/queue.o
LOAD ./FreeRTOS/list.o
LOAD ./FreeRTOS/event_groups.o
LOAD ./FreeRTOS/croutine.o
LOAD /home/houxd/prog/NXP/S32DS_ARM_v2.0/S32DS/arm_ewl2/lib/armv7e-m/fpu/libstdc++.a
LOAD /home/houxd/prog/NXP/S32DS_ARM_v2.0/S32DS/arm_ewl2/lib/armv7e-m/fpu/libm.a
START GROUP
LOAD /home/houxd/prog/NXP/S32DS_ARM_v2.0/S32DS/arm_ewl2/lib/armv7e-m/fpu/libc99.a
LOAD /home/houxd/prog/NXP/S32DS_ARM_v2.0/S32DS/arm_ewl2/lib/armv7e-m/fpu/libstdc++.a
LOAD /home/houxd/prog/NXP/S32DS_ARM_v2.0/S32DS/arm_ewl2/lib/armv7e-m/fpu/libm.a
LOAD /home/houxd/prog/NXP/S32DS_ARM_v2.0/Cross_Tools/gcc-arm-none-eabi-4_9/bin/../lib/gcc/arm-none-eabi/4.9.3/armv7e-m/fpu/libgcc.a
LOAD /home/houxd/prog/NXP/S32DS_ARM_v2.0/S32DS/arm_ewl2/lib/armv7e-m/fpu/librt.a
LOAD /home/houxd/prog/NXP/S32DS_ARM_v2.0/S32DS/arm_ewl2/lib/armv7e-m/fpu/libsupc++.a
LOAD /home/houxd/prog/NXP/S32DS_ARM_v2.0/S32DS/arm_ewl2/lib/armv7e-m/fpu/libhosted.a
END GROUP
LOAD /home/houxd/prog/NXP/S32DS_ARM_v2.0/S32DS/arm_ewl2/lib/armv7e-m/fpu/__arm_end-hosted.o
                0x00000400                HEAP_SIZE = DEFINED (__heap_size__)?__heap_size__:0x400
                0x00000400                STACK_SIZE = DEFINED (__stack_size__)?__stack_size__:0x400
                0x00000400                M_VECTOR_RAM_SIZE = DEFINED (__flash_vector_table__)?0x0:0x400

.interrupts     0x00000000      0x400
                0x00000000                __VECTOR_TABLE = .
                0x00000000                . = ALIGN (0x4)
 *(.isr_vector)
 .isr_vector    0x00000000      0x400 ./Project_Settings/Startup_Code/startup_S32K144.o
                0x00000000                __isr_vector
                0x00000400                . = ALIGN (0x4)

.flash_config   0x00000400       0x10
                0x00000400                . = ALIGN (0x4)
 *(.FlashConfig)
 .FlashConfig   0x00000400       0x10 ./Project_Settings/Startup_Code/startup_S32K144.o
                0x00000410                . = ALIGN (0x4)

.text           0x00000410     0xa270
                0x00000410                . = ALIGN (0x4)
 *(.text)
 .text          0x00000410       0x44 ./Project_Settings/Startup_Code/startup_S32K144.o
                0x00000410                Reset_Handler
                0x00000450                Reserved54_IRQHandler
                0x00000450                DebugMon_Handler
                0x00000450                Reserved88_IRQHandler
                0x00000450                CAN0_ORed_IRQHandler
                0x00000450                HardFault_Handler
                0x00000450                Reserved86_IRQHandler
                0x00000450                Reserved103_IRQHandler
                0x00000450                FTM2_Ovf_Reload_IRQHandler
                0x00000450                Reserved50_IRQHandler
                0x00000450                FTFC_Fault_IRQHandler
                0x00000450                FTM0_Ch6_Ch7_IRQHandler
                0x00000450                Reserved114_IRQHandler
                0x00000450                NMI_Handler
                0x00000450                Reserved89_IRQHandler
                0x00000450                ERM_double_fault_IRQHandler
                0x00000450                DMA2_IRQHandler
                0x00000450                Reserved59_IRQHandler
                0x00000450                LPIT0_Ch0_IRQHandler
                0x00000450                Reserved99_IRQHandler
                0x00000450                FTM3_Ch6_Ch7_IRQHandler
                0x00000450                CAN2_ORed_0_15_MB_IRQHandler
                0x00000450                LPIT0_Ch3_IRQHandler
                0x00000450                Reserved92_IRQHandler
                0x00000450                FTM0_Ch4_Ch5_IRQHandler
                0x00000450                CAN1_Error_IRQHandler
                0x00000450                FTM3_Ch0_Ch1_IRQHandler
                0x00000450                SWI_IRQHandler
                0x00000450                ADC0_IRQHandler
                0x00000450                FTM2_Ch4_Ch5_IRQHandler
                0x00000450                UsageFault_Handler
                0x00000450                FTM0_Ovf_Reload_IRQHandler
                0x00000450                DefaultISR
                0x00000450                DMA9_IRQHandler
                0x00000450                Reserved58_IRQHandler
                0x00000450                CAN1_ORed_0_15_MB_IRQHandler
                0x00000450                FTM1_Ch2_Ch3_IRQHandler
                0x00000450                DMA14_IRQHandler
                0x00000450                Reserved82_IRQHandler
                0x00000450                CAN0_ORed_16_31_MB_IRQHandler
                0x00000450                LPI2C0_Slave_IRQHandler
                0x00000450                Reserved71_IRQHandler
                0x00000450                PORTD_IRQHandler
                0x00000450                Reserved69_IRQHandler
                0x00000450                PORTB_IRQHandler
                0x00000450                Reserved70_IRQHandler
                0x00000450                ADC1_IRQHandler
                0x00000450                FTM2_Ch2_Ch3_IRQHandler
                0x00000450                Reserved53_IRQHandler
                0x00000450                DMA5_IRQHandler
                0x00000450                RTC_IRQHandler
                0x00000450                PDB0_IRQHandler
                0x00000450                FTM2_Ch6_Ch7_IRQHandler
                0x00000450                FTM3_Ch2_Ch3_IRQHandler
                0x00000450                FTM2_Ch0_Ch1_IRQHandler
                0x00000450                LPSPI1_IRQHandler
                0x00000450                LPUART1_RxTx_IRQHandler
                0x00000450                RTC_Seconds_IRQHandler
                0x00000450                CAN2_ORed_IRQHandler
                0x00000450                Reserved72_IRQHandler
                0x00000450                Reserved110_IRQHandler
                0x00000450                DMA11_IRQHandler
                0x00000450                Reserved107_IRQHandler
                0x00000450                Read_Collision_IRQHandler
                0x00000450                CAN2_Error_IRQHandler
                0x00000450                FTFC_IRQHandler
                0x00000450                DMA7_IRQHandler
                0x00000450                FTM1_Ch6_Ch7_IRQHandler
                0x00000450                Reserved105_IRQHandler
                0x00000450                LPIT0_Ch1_IRQHandler
                0x00000450                FTM1_Ch4_Ch5_IRQHandler
                0x00000450                FTM3_Ovf_Reload_IRQHandler
                0x00000450                LPUART2_RxTx_IRQHandler
                0x00000450                LPSPI0_IRQHandler
                0x00000450                WDOG_EWM_IRQHandler
                0x00000450                MemManage_Handler
                0x00000450                Reserved90_IRQHandler
                0x00000450                Reserved83_IRQHandler
                0x00000450                FTM0_Fault_IRQHandler
                0x00000450                Reserved48_IRQHandler
                0x00000450                ERM_single_fault_IRQHandler
                0x00000450                FTM2_Fault_IRQHandler
                0x00000450                FTM0_Ch2_Ch3_IRQHandler
                0x00000450                DMA13_IRQHandler
                0x00000450                FTM0_Ch0_Ch1_IRQHandler
                0x00000450                FTM3_Fault_IRQHandler
                0x00000450                RCM_IRQHandler
                0x00000450                DMA3_IRQHandler
                0x00000450                Reserved100_IRQHandler
                0x00000450                DMA0_IRQHandler
                0x00000450                Reserved91_IRQHandler
                0x00000450                CAN1_ORed_IRQHandler
                0x00000450                DMA15_IRQHandler
                0x00000450                SCG_IRQHandler
                0x00000450                PDB1_IRQHandler
                0x00000450                Reserved81_IRQHandler
                0x00000450                Reserved46_IRQHandler
                0x00000450                Reserved45_IRQHandler
                0x00000450                CAN0_Error_IRQHandler
                0x00000450                Reserved112_IRQHandler
                0x00000450                LPI2C0_Master_IRQHandler
                0x00000450                DMA4_IRQHandler
                0x00000450                FTM1_Fault_IRQHandler
                0x00000450                Reserved106_IRQHandler
                0x00000450                DMA_Error_IRQHandler
                0x00000450                LVD_LVW_IRQHandler
                0x00000450                LPIT0_Ch2_IRQHandler
                0x00000450                PORTA_IRQHandler
                0x00000450                MCM_IRQHandler
                0x00000450                LPSPI2_IRQHandler
                0x00000450                DMA12_IRQHandler
                0x00000450                FTM3_Ch4_Ch5_IRQHandler
                0x00000450                CAN0_ORed_0_15_MB_IRQHandler
                0x00000450                PORTE_IRQHandler
                0x00000450                LPUART0_RxTx_IRQHandler
                0x00000450                LPTMR0_IRQHandler
                0x00000450                BusFault_Handler
                0x00000450                Reserved87_IRQHandler
                0x00000450                FTM1_Ovf_Reload_IRQHandler
                0x00000450                DMA8_IRQHandler
                0x00000450                Reserved93_IRQHandler
                0x00000450                DMA10_IRQHandler
                0x00000450                CAN0_Wake_Up_IRQHandler
                0x00000450                CMP0_IRQHandler
                0x00000450                Reserved52_IRQHandler
                0x00000450                PORTC_IRQHandler
                0x00000450                DMA6_IRQHandler
                0x00000450                FTM1_Ch0_Ch1_IRQHandler
                0x00000450                FLEXIO_IRQHandler
                0x00000450                DMA1_IRQHandler
                0x00000450                Reserved113_IRQHandler
 .text          0x00000454      0x370 /home/houxd/prog/NXP/S32DS_ARM_v2.0/Cross_Tools/gcc-arm-none-eabi-4_9/bin/../lib/gcc/arm-none-eabi/4.9.3/armv7e-m/fpu/libgcc.a(_arm_addsubdf3.o)
                0x00000454                __aeabi_drsub
                0x0000045c                __aeabi_dsub
                0x0000045c                __subdf3
                0x00000460                __adddf3
                0x00000460                __aeabi_dadd
                0x000006d8                __aeabi_ui2d
                0x000006d8                __floatunsidf
                0x000006f8                __floatsidf
                0x000006f8                __aeabi_i2d
                0x0000071c                __extendsfdf2
                0x0000071c                __aeabi_f2d
                0x00000758                __aeabi_ul2d
                0x00000758                __floatundidf
                0x00000768                __floatdidf
                0x00000768                __aeabi_l2d
 .text          0x000007c4      0x424 /home/houxd/prog/NXP/S32DS_ARM_v2.0/Cross_Tools/gcc-arm-none-eabi-4_9/bin/../lib/gcc/arm-none-eabi/4.9.3/armv7e-m/fpu/libgcc.a(_arm_muldivdf3.o)
                0x000007c4                __aeabi_dmul
                0x000007c4                __muldf3
                0x00000a18                __aeabi_ddiv
                0x00000a18                __divdf3
 .text          0x00000be8      0x110 /home/houxd/prog/NXP/S32DS_ARM_v2.0/Cross_Tools/gcc-arm-none-eabi-4_9/bin/../lib/gcc/arm-none-eabi/4.9.3/armv7e-m/fpu/libgcc.a(_arm_cmpdf2.o)
                0x00000be8                __gtdf2
                0x00000be8                __gedf2
                0x00000bf0                __ltdf2
                0x00000bf0                __ledf2
                0x00000bf8                __cmpdf2
                0x00000bf8                __eqdf2
                0x00000bf8                __nedf2
                0x00000c74                __aeabi_cdrcmple
                0x00000c84                __aeabi_cdcmple
                0x00000c84                __aeabi_cdcmpeq
                0x00000c94                __aeabi_dcmpeq
                0x00000ca8                __aeabi_dcmplt
                0x00000cbc                __aeabi_dcmple
                0x00000cd0                __aeabi_dcmpge
                0x00000ce4                __aeabi_dcmpgt
 .text          0x00000cf8       0x50 /home/houxd/prog/NXP/S32DS_ARM_v2.0/Cross_Tools/gcc-arm-none-eabi-4_9/bin/../lib/gcc/arm-none-eabi/4.9.3/armv7e-m/fpu/libgcc.a(_arm_fixdfsi.o)
                0x00000cf8                __fixdfsi
                0x00000cf8                __aeabi_d2iz
 .text          0x00000d48       0x30 /home/houxd/prog/NXP/S32DS_ARM_v2.0/Cross_Tools/gcc-arm-none-eabi-4_9/bin/../lib/gcc/arm-none-eabi/4.9.3/armv7e-m/fpu/libgcc.a(_aeabi_uldivmod.o)
                0x00000d48                __aeabi_uldivmod
 .text          0x00000d78       0x60 /home/houxd/prog/NXP/S32DS_ARM_v2.0/Cross_Tools/gcc-arm-none-eabi-4_9/bin/../lib/gcc/arm-none-eabi/4.9.3/armv7e-m/fpu/libgcc.a(bpabi.o)
                0x00000d78                __gnu_ldivmod_helper
                0x00000da8                __gnu_uldivmod_helper
 .text          0x00000dd8        0x4 /home/houxd/prog/NXP/S32DS_ARM_v2.0/Cross_Tools/gcc-arm-none-eabi-4_9/bin/../lib/gcc/arm-none-eabi/4.9.3/armv7e-m/fpu/libgcc.a(_dvmd_tls.o)
                0x00000dd8                __aeabi_ldiv0
                0x00000dd8                __aeabi_idiv0
 .text          0x00000ddc      0x29c /home/houxd/prog/NXP/S32DS_ARM_v2.0/Cross_Tools/gcc-arm-none-eabi-4_9/bin/../lib/gcc/arm-none-eabi/4.9.3/armv7e-m/fpu/libgcc.a(_divdi3.o)
                0x00000ddc                __divdi3
 .text          0x00001078      0x26c /home/houxd/prog/NXP/S32DS_ARM_v2.0/Cross_Tools/gcc-arm-none-eabi-4_9/bin/../lib/gcc/arm-none-eabi/4.9.3/armv7e-m/fpu/libgcc.a(_udivdi3.o)
                0x00001078                __udivdi3
 *(.text*)
 .text.init_printf_mutex
                0x000012e4       0x30 ./src/main.o
                0x000012e4                init_printf_mutex
 .text.os_printf
                0x00001314       0x48 ./src/main.o
                0x00001314                os_printf
 .text.os_sleep_ms
                0x0000135c       0x18 ./src/main.o
                0x0000135c                os_sleep_ms
 .text.test_sd  0x00001374      0x194 ./src/main.o
 .text.can_task_proc
                0x00001508       0xc0 ./src/main.o
 .text.test_can
                0x000015c8      0x1fc ./src/main.o
 .text.mainTask
                0x000017c4       0x60 ./src/main.o
                0x000017c4                mainTask
 .text.main     0x00001824       0xa4 ./src/main.o
                0x00001824                main
 .text.vApplicationStackOverflowHook
                0x000018c8       0x1c ./src/main.o
                0x000018c8                vApplicationStackOverflowHook
 .text.vApplicationMallocFailedHook
                0x000018e4       0x10 ./src/main.o
                0x000018e4                vApplicationMallocFailedHook
 .text.int2asc  0x000018f4       0x4c ./src/convert.o
                0x000018f4                int2asc
 .text.hx_dumphex
                0x00001940       0x6c ./src/convert.o
                0x00001940                hx_dumphex
 .text.hx_dumphex2str
                0x000019ac       0x30 ./src/convert.o
                0x000019ac                hx_dumphex2str
 .text.HX_MSB_B2DW
                0x000019dc       0x5c ./src/convert.o
                0x000019dc                HX_MSB_B2DW
 .text.HX_MSB_DW2B
                0x00001a38       0x48 ./src/convert.o
                0x00001a38                HX_MSB_DW2B
 .text.mem_cpy  0x00001a80       0x3c ./fatfs/ff.o
 .text.mem_set  0x00001abc       0x34 ./fatfs/ff.o
 .text.mem_cmp  0x00001af0       0x50 ./fatfs/ff.o
 .text.chk_chr  0x00001b40       0x38 ./fatfs/ff.o
 .text.sync_window
                0x00001b78       0x90 ./fatfs/ff.o
 .text.move_window
                0x00001c08       0x54 ./fatfs/ff.o
 .text.sync_fs  0x00001c5c      0x148 ./fatfs/ff.o
 .text.clust2sect
                0x00001da4       0x40 ./fatfs/ff.o
                0x00001da4                clust2sect
 .text.get_fat  0x00001de4      0x158 ./fatfs/ff.o
                0x00001de4                get_fat
 .text.put_fat  0x00001f3c      0x1f4 ./fatfs/ff.o
                0x00001f3c                put_fat
 .text.remove_chain
                0x00002130       0x9c ./fatfs/ff.o
 .text.create_chain
                0x000021cc      0x118 ./fatfs/ff.o
 .text.dir_sdi  0x000022e4      0x104 ./fatfs/ff.o
 .text.dir_next
                0x000023e8      0x1a4 ./fatfs/ff.o
 .text.dir_alloc
                0x0000258c       0x8c ./fatfs/ff.o
 .text.ld_clust
                0x00002618       0x5c ./fatfs/ff.o
 .text.st_clust
                0x00002674       0x4c ./fatfs/ff.o
 .text.cmp_lfn  0x000026c0       0xdc ./fatfs/ff.o
 .text.fit_lfn  0x0000279c       0xe8 ./fatfs/ff.o
 .text.gen_numname
                0x00002884       0xe4 ./fatfs/ff.o
                0x00002884                gen_numname
 .text.sum_sfn  0x00002968       0x44 ./fatfs/ff.o
 .text.dir_find
                0x000029ac      0x150 ./fatfs/ff.o
 .text.dir_register
                0x00002afc      0x204 ./fatfs/ff.o
 .text.create_name
                0x00002d00      0x3f4 ./fatfs/ff.o
 .text.follow_path
                0x000030f4      0x100 ./fatfs/ff.o
 .text.check_fs
                0x000031f4       0xc0 ./fatfs/ff.o
 .text.chk_mounted
                0x000032b4      0x590 ./fatfs/ff.o
 .text.validate
                0x00003844       0x5c ./fatfs/ff.o
 .text.f_mount  0x000038a0       0x54 ./fatfs/ff.o
                0x000038a0                f_mount
 .text.f_open   0x000038f4      0x288 ./fatfs/ff.o
                0x000038f4                f_open
 .text.f_read   0x00003b7c      0x2ac ./fatfs/ff.o
                0x00003b7c                f_read
 .text.f_write  0x00003e28      0x30c ./fatfs/ff.o
                0x00003e28                f_write
 .text.f_sync   0x00004134      0x158 ./fatfs/ff.o
                0x00004134                f_sync
 .text.f_close  0x0000428c       0x28 ./fatfs/ff.o
                0x0000428c                f_close
 .text.f_lseek  0x000042b4      0x2a8 ./fatfs/ff.o
                0x000042b4                f_lseek
 .text.disk_initialize
                0x0000455c       0x54 ./fatfs/diskio.o
                0x0000455c                disk_initialize
 .text.disk_status
                0x000045b0       0x34 ./fatfs/diskio.o
                0x000045b0                disk_status
 .text.disk_read
                0x000045e4       0x7c ./fatfs/diskio.o
                0x000045e4                disk_read
 .text.disk_write
                0x00004660       0x7c ./fatfs/diskio.o
                0x00004660                disk_write
 .text.disk_ioctl
                0x000046dc      0x104 ./fatfs/diskio.o
                0x000046dc                disk_ioctl
 .text.get_fattime
                0x000047e0       0x10 ./fatfs/diskio.o
                0x000047e0                get_fattime
 .text.ff_convert
                0x000047f0       0x74 ./fatfs/ccsbcs.o
                0x000047f0                ff_convert
 .text.ff_wtoupper
                0x00004864       0x5c ./fatfs/ccsbcs.o
                0x00004864                ff_wtoupper
 .text.SOSC_init_8MHz
                0x000048c0       0x4c ./bl/clocks_and_modes.o
                0x000048c0                SOSC_init_8MHz
 .text.SPLL_init_160MHz
                0x0000490c       0x64 ./bl/clocks_and_modes.o
                0x0000490c                SPLL_init_160MHz
 .text.NormalRUNmode_80MHz
                0x00004970       0x2c ./bl/clocks_and_modes.o
                0x00004970                NormalRUNmode_80MHz
 .text.WDOG_disable
                0x0000499c       0x2c ./bl/bl.o
                0x0000499c                WDOG_disable
 .text.NVIC_init_IRQs
                0x000049c8       0x2c ./bl/bl.o
                0x000049c8                NVIC_init_IRQs
 .text.PORT_init
                0x000049f4       0xc0 ./bl/bl.o
                0x000049f4                PORT_init
 .text.vApplicationTickHook
                0x00004ab4       0x1c ./bl/bl.o
                0x00004ab4                vApplicationTickHook
 .text.MSD0_spi_read_write
                0x00004ad0       0x64 ./bl/SPI_MSD0_Driver.o
                0x00004ad0                MSD0_spi_read_write
 .text.MSD0_SPIHighSpeed
                0x00004b34       0x38 ./bl/SPI_MSD0_Driver.o
                0x00004b34                MSD0_SPIHighSpeed
 .text.MSD0_Init
                0x00004b6c      0x33c ./bl/SPI_MSD0_Driver.o
                0x00004b6c                MSD0_Init
 .text.MSD0_GetCardInfo
                0x00004ea8      0x420 ./bl/SPI_MSD0_Driver.o
                0x00004ea8                MSD0_GetCardInfo
 .text.MSD0_read_buffer
                0x000052c8       0x84 ./bl/SPI_MSD0_Driver.o
                0x000052c8                MSD0_read_buffer
 .text.MSD0_ReadSingleBlock
                0x0000534c       0x5c ./bl/SPI_MSD0_Driver.o
                0x0000534c                MSD0_ReadSingleBlock
 .text.MSD0_ReadMultiBlock
                0x000053a8       0x84 ./bl/SPI_MSD0_Driver.o
                0x000053a8                MSD0_ReadMultiBlock
 .text.MSD0_WriteSingleBlock
                0x0000542c       0xec ./bl/SPI_MSD0_Driver.o
                0x0000542c                MSD0_WriteSingleBlock
 .text.MSD0_WriteMultiBlock
                0x00005518      0x110 ./bl/SPI_MSD0_Driver.o
                0x00005518                MSD0_WriteMultiBlock
 .text.MSD0_send_command
                0x00005628       0x90 ./bl/SPI_MSD0_Driver.o
                0x00005628                MSD0_send_command
 .text.MSD0_send_command_hold
                0x000056b8       0x88 ./bl/SPI_MSD0_Driver.o
                0x000056b8                MSD0_send_command_hold
 .text.LPSPI0_init_master
                0x00005740       0xa8 ./bl/SPI_MSD0_Driver.o
                0x00005740                LPSPI0_init_master
 .text.FLEXCAN0_init
                0x000057e8      0x150 ./bl/FlexCAN.o
                0x000057e8                FLEXCAN0_init
 .text.FLEXCAN0_transmit_msg
                0x00005938       0x74 ./bl/FlexCAN.o
                0x00005938                FLEXCAN0_transmit_msg
 .text.FLEXCAN0_receive_msg
                0x000059ac       0x94 ./bl/FlexCAN.o
                0x000059ac                FLEXCAN0_receive_msg
 .text.SystemInit
                0x00005a40       0x58 ./Project_Settings/Startup_Code/system_S32K144.o
                0x00005a40                SystemInit
 .text.init_data_bss
                0x00005a98       0xf4 ./Project_Settings/Startup_Code/startup.o
                0x00005a98                init_data_bss
 .text.pvPortMalloc
                0x00005b8c      0x124 ./FreeRTOS/portable/MemMang/heap_2.o
                0x00005b8c                pvPortMalloc
 .text.vPortFree
                0x00005cb0       0x70 ./FreeRTOS/portable/MemMang/heap_2.o
                0x00005cb0                vPortFree
 .text.prvHeapInit
                0x00005d20       0x50 ./FreeRTOS/portable/MemMang/heap_2.o
 .text.pxPortInitialiseStack
                0x00005d70       0x64 ./FreeRTOS/portable/GCC/ARM_CM4F/port.o
                0x00005d70                pxPortInitialiseStack
 .text.prvTaskExitError
                0x00005dd4       0x3c ./FreeRTOS/portable/GCC/ARM_CM4F/port.o
 .text.SVC_Handler
                0x00005e10       0x20 ./FreeRTOS/portable/GCC/ARM_CM4F/port.o
                0x00005e10                SVC_Handler
 .text.prvPortStartFirstTask
                0x00005e30       0x20 ./FreeRTOS/portable/GCC/ARM_CM4F/port.o
 .text.xPortStartScheduler
                0x00005e50      0x118 ./FreeRTOS/portable/GCC/ARM_CM4F/port.o
                0x00005e50                xPortStartScheduler
 .text.vPortEnterCritical
                0x00005f68       0x5c ./FreeRTOS/portable/GCC/ARM_CM4F/port.o
                0x00005f68                vPortEnterCritical
 .text.vPortExitCritical
                0x00005fc4       0x4c ./FreeRTOS/portable/GCC/ARM_CM4F/port.o
                0x00005fc4                vPortExitCritical
 .text.PendSV_Handler
                0x00006010       0x60 ./FreeRTOS/portable/GCC/ARM_CM4F/port.o
                0x00006010                PendSV_Handler
 .text.SysTick_Handler
                0x00006070       0x44 ./FreeRTOS/portable/GCC/ARM_CM4F/port.o
                0x00006070                SysTick_Handler
 .text.vPortSetupTimerInterrupt
                0x000060b4       0x24 ./FreeRTOS/portable/GCC/ARM_CM4F/port.o
                0x000060b4                vPortSetupTimerInterrupt
 .text.vPortEnableVFP
                0x000060d8       0x14 ./FreeRTOS/portable/GCC/ARM_CM4F/port.o
 .text.vPortValidateInterruptPriority
                0x000060ec       0x78 ./FreeRTOS/portable/GCC/ARM_CM4F/port.o
                0x000060ec                vPortValidateInterruptPriority
 .text.xTimerCreateTimerTask
                0x00006164       0x64 ./FreeRTOS/timers.o
                0x00006164                xTimerCreateTimerTask
 .text.xTimerGenericCommand
                0x000061c8       0x8c ./FreeRTOS/timers.o
                0x000061c8                xTimerGenericCommand
 .text.prvProcessExpiredTimer
                0x00006254       0x80 ./FreeRTOS/timers.o
 .text.prvTimerTask
                0x000062d4       0x24 ./FreeRTOS/timers.o
 .text.prvProcessTimerOrBlockTask
                0x000062f8       0x80 ./FreeRTOS/timers.o
 .text.prvGetNextExpireTime
                0x00006378       0x48 ./FreeRTOS/timers.o
 .text.prvSampleTimeNow
                0x000063c0       0x40 ./FreeRTOS/timers.o
 .text.prvInsertTimerInActiveList
                0x00006400       0x84 ./FreeRTOS/timers.o
 .text.prvProcessReceivedCommands
                0x00006484      0x160 ./FreeRTOS/timers.o
 .text.prvSwitchTimerLists
                0x000065e4       0xc0 ./FreeRTOS/timers.o
 .text.prvCheckForValidListAndQueue
                0x000066a4       0x74 ./FreeRTOS/timers.o
 .text.xTaskGenericCreate
                0x00006718      0x19c ./FreeRTOS/tasks.o
                0x00006718                xTaskGenericCreate
 .text.vTaskDelete
                0x000068b4      0x104 ./FreeRTOS/tasks.o
                0x000068b4                vTaskDelete
 .text.vTaskDelay
                0x000069b8       0xa4 ./FreeRTOS/tasks.o
                0x000069b8                vTaskDelay
 .text.vTaskStartScheduler
                0x00006a5c       0x98 ./FreeRTOS/tasks.o
                0x00006a5c                vTaskStartScheduler
 .text.vTaskSuspendAll
                0x00006af4       0x1c ./FreeRTOS/tasks.o
                0x00006af4                vTaskSuspendAll
 .text.xTaskResumeAll
                0x00006b10      0x12c ./FreeRTOS/tasks.o
                0x00006b10                xTaskResumeAll
 .text.xTaskGetTickCount
                0x00006c3c       0x20 ./FreeRTOS/tasks.o
                0x00006c3c                xTaskGetTickCount
 .text.xTaskIncrementTick
                0x00006c5c      0x190 ./FreeRTOS/tasks.o
                0x00006c5c                xTaskIncrementTick
 .text.vTaskSwitchContext
                0x00006dec       0xd0 ./FreeRTOS/tasks.o
                0x00006dec                vTaskSwitchContext
 .text.vTaskPlaceOnEventList
                0x00006ebc       0x9c ./FreeRTOS/tasks.o
                0x00006ebc                vTaskPlaceOnEventList
 .text.vTaskPlaceOnEventListRestricted
                0x00006f58       0x9c ./FreeRTOS/tasks.o
                0x00006f58                vTaskPlaceOnEventListRestricted
 .text.xTaskRemoveFromEventList
                0x00006ff4       0xc8 ./FreeRTOS/tasks.o
                0x00006ff4                xTaskRemoveFromEventList
 .text.vTaskSetTimeOutState
                0x000070bc       0x44 ./FreeRTOS/tasks.o
                0x000070bc                vTaskSetTimeOutState
 .text.xTaskCheckForTimeOut
                0x00007100       0xbc ./FreeRTOS/tasks.o
                0x00007100                xTaskCheckForTimeOut
 .text.vTaskMissedYield
                0x000071bc       0x18 ./FreeRTOS/tasks.o
                0x000071bc                vTaskMissedYield
 .text.prvIdleTask
                0x000071d4       0x30 ./FreeRTOS/tasks.o
 .text.prvInitialiseTCBVariables
                0x00007204       0xa4 ./FreeRTOS/tasks.o
 .text.prvInitialiseTaskLists
                0x000072a8       0x7c ./FreeRTOS/tasks.o
 .text.prvCheckTasksWaitingTermination
                0x00007324       0x74 ./FreeRTOS/tasks.o
 .text.prvAddCurrentTaskToDelayedList
                0x00007398       0x6c ./FreeRTOS/tasks.o
 .text.prvAllocateTCBAndStack
                0x00007404       0x70 ./FreeRTOS/tasks.o
 .text.prvDeleteTCB
                0x00007474       0x20 ./FreeRTOS/tasks.o
 .text.prvResetNextTaskUnblockTime
                0x00007494       0x48 ./FreeRTOS/tasks.o
 .text.xTaskGetSchedulerState
                0x000074dc       0x3c ./FreeRTOS/tasks.o
                0x000074dc                xTaskGetSchedulerState
 .text.vTaskPriorityInherit
                0x00007518       0xf0 ./FreeRTOS/tasks.o
                0x00007518                vTaskPriorityInherit
 .text.xTaskPriorityDisinherit
                0x00007608      0x10c ./FreeRTOS/tasks.o
                0x00007608                xTaskPriorityDisinherit
 .text.pvTaskIncrementMutexHeldCount
                0x00007714       0x28 ./FreeRTOS/tasks.o
                0x00007714                pvTaskIncrementMutexHeldCount
 .text.xQueueGenericReset
                0x0000773c       0xd0 ./FreeRTOS/queue.o
                0x0000773c                xQueueGenericReset
 .text.xQueueGenericCreate
                0x0000780c       0xb0 ./FreeRTOS/queue.o
                0x0000780c                xQueueGenericCreate
 .text.xQueueCreateMutex
                0x000078bc       0x98 ./FreeRTOS/queue.o
                0x000078bc                xQueueCreateMutex
 .text.xQueueGenericSend
                0x00007954      0x1ec ./FreeRTOS/queue.o
                0x00007954                xQueueGenericSend
 .text.xQueueGenericSendFromISR
                0x00007b40      0x118 ./FreeRTOS/queue.o
                0x00007b40                xQueueGenericSendFromISR
 .text.xQueueGenericReceive
                0x00007c58      0x20c ./FreeRTOS/queue.o
                0x00007c58                xQueueGenericReceive
 .text.prvCopyDataToQueue
                0x00007e64       0xdc ./FreeRTOS/queue.o
 .text.prvCopyDataFromQueue
                0x00007f40       0x4c ./FreeRTOS/queue.o
 .text.prvUnlockQueue
                0x00007f8c       0x98 ./FreeRTOS/queue.o
 .text.prvIsQueueEmpty
                0x00008024       0x2c ./FreeRTOS/queue.o
 .text.prvIsQueueFull
                0x00008050       0x30 ./FreeRTOS/queue.o
 .text.vQueueWaitForMessageRestricted
                0x00008080       0x5c ./FreeRTOS/queue.o
                0x00008080                vQueueWaitForMessageRestricted
 .text.vListInitialise
                0x000080dc       0x40 ./FreeRTOS/list.o
                0x000080dc                vListInitialise
 .text.vListInitialiseItem
                0x0000811c       0x18 ./FreeRTOS/list.o
                0x0000811c                vListInitialiseItem
 .text.vListInsertEnd
                0x00008134       0x48 ./FreeRTOS/list.o
                0x00008134                vListInsertEnd
 .text.vListInsert
                0x0000817c       0x70 ./FreeRTOS/list.o
                0x0000817c                vListInsert
 .text.uxListRemove
                0x000081ec       0x54 ./FreeRTOS/list.o
                0x000081ec                uxListRemove
 .text.sprintf  0x00008240       0x1e /home/houxd/prog/NXP/S32DS_ARM_v2.0/S32DS/arm_ewl2/lib/armv7e-m/fpu/libc99.a(sprintf.o)
                0x00008240                sprintf
 *fill*         0x0000825e        0x2 
 .text.vprintf  0x00008260       0x38 /home/houxd/prog/NXP/S32DS_ARM_v2.0/S32DS/arm_ewl2/lib/armv7e-m/fpu/libc99.a(vprintf.o)
                0x00008260                vprintf
 .text.__StringWrite
                0x00008298       0x26 /home/houxd/prog/NXP/S32DS_ARM_v2.0/S32DS/arm_ewl2/lib/armv7e-m/fpu/libc99.a(vsnprintf.o)
                0x00008298                __StringWrite
 *fill*         0x000082be        0x2 
 .text.vsnprintf
                0x000082c0       0x34 /home/houxd/prog/NXP/S32DS_ARM_v2.0/S32DS/arm_ewl2/lib/armv7e-m/fpu/libc99.a(vsnprintf.o)
                0x000082c0                vsnprintf
 .text.exit     0x000082f4       0x38 /home/houxd/prog/NXP/S32DS_ARM_v2.0/S32DS/arm_ewl2/lib/armv7e-m/fpu/libc99.a(exit.o)
                0x000082f4                exit
 .text.memcpy   0x0000832c       0x16 /home/houxd/prog/NXP/S32DS_ARM_v2.0/S32DS/arm_ewl2/lib/armv7e-m/fpu/libc99.a(memcpy.o)
                0x0000832c                memcpy
 .text.memset   0x00008342        0xc /home/houxd/prog/NXP/S32DS_ARM_v2.0/S32DS/arm_ewl2/lib/armv7e-m/fpu/libc99.a(memset.o)
                0x00008342                memset
 .text.strchr   0x0000834e       0x1a /home/houxd/prog/NXP/S32DS_ARM_v2.0/S32DS/arm_ewl2/lib/armv7e-m/fpu/libc99.a(strchr.o)
                0x0000834e                strchr
 .text.strcmp   0x00008368       0x1a /home/houxd/prog/NXP/S32DS_ARM_v2.0/S32DS/arm_ewl2/lib/armv7e-m/fpu/libc99.a(strcmp.o)
                0x00008368                strcmp
 .text.strlen   0x00008382        0xe /home/houxd/prog/NXP/S32DS_ARM_v2.0/S32DS/arm_ewl2/lib/armv7e-m/fpu/libc99.a(strlen.o)
                0x00008382                strlen
 .text.fwide    0x00008390       0x34 /home/houxd/prog/NXP/S32DS_ARM_v2.0/S32DS/arm_ewl2/lib/armv7e-m/fpu/libc99.a(fwide.o)
                0x00008390                fwide
 .text.long2str.isra.0
                0x000083c4      0x19e /home/houxd/prog/NXP/S32DS_ARM_v2.0/S32DS/arm_ewl2/lib/armv7e-m/fpu/libc99.a(__printformat.o)
 .text.longlong2str.isra.1
                0x00008562      0x20e /home/houxd/prog/NXP/S32DS_ARM_v2.0/S32DS/arm_ewl2/lib/armv7e-m/fpu/libc99.a(__printformat.o)
 .text.double2hex.isra.2
                0x00008770      0x234 /home/houxd/prog/NXP/S32DS_ARM_v2.0/S32DS/arm_ewl2/lib/armv7e-m/fpu/libc99.a(__printformat.o)
 .text.__pformatter
                0x000089a4      0x9b8 /home/houxd/prog/NXP/S32DS_ARM_v2.0/S32DS/arm_ewl2/lib/armv7e-m/fpu/libc99.a(__printformat.o)
                0x000089a4                __pformatter
 .text.isupper  0x0000935c       0x1c /home/houxd/prog/NXP/S32DS_ARM_v2.0/S32DS/arm_ewl2/lib/armv7e-m/fpu/libc99.a(ctype_aeabi.o)
                0x0000935c                isupper
 .text.__ewl_runtime_constraint_violation_s
                0x00009378       0x10 /home/houxd/prog/NXP/S32DS_ARM_v2.0/S32DS/arm_ewl2/lib/armv7e-m/fpu/libc99.a(secure_error.o)
                0x00009378                __ewl_runtime_constraint_violation_s
 .text.__fwrite
                0x00009388      0x16c /home/houxd/prog/NXP/S32DS_ARM_v2.0/S32DS/arm_ewl2/lib/armv7e-m/fpu/libc99.a(fwrite.o)
                0x00009388                __fwrite
 .text.__FileWrite
                0x000094f4       0x1a /home/houxd/prog/NXP/S32DS_ARM_v2.0/S32DS/arm_ewl2/lib/armv7e-m/fpu/libc99.a(fwrite.o)
                0x000094f4                __FileWrite
 *fill*         0x0000950e        0x2 
 .text.abort    0x00009510       0x24 /home/houxd/prog/NXP/S32DS_ARM_v2.0/S32DS/arm_ewl2/lib/armv7e-m/fpu/libc99.a(abort.o)
                0x00009510                abort
 .text.wcstombs
                0x00009534       0x42 /home/houxd/prog/NXP/S32DS_ARM_v2.0/S32DS/arm_ewl2/lib/armv7e-m/fpu/libc99.a(mbstowcs_s.o)
                0x00009534                wcstombs
 .text.__wctomb_noconv
                0x00009576       0x12 /home/houxd/prog/NXP/S32DS_ARM_v2.0/S32DS/arm_ewl2/lib/armv7e-m/fpu/libc99.a(wctomb.o)
                0x00009576                __wctomb_noconv
 .text.wctomb   0x00009588        0x4 /home/houxd/prog/NXP/S32DS_ARM_v2.0/S32DS/arm_ewl2/lib/armv7e-m/fpu/libc99.a(wctomb.o)
                0x00009588                wctomb
 .text.__fill_mem
                0x0000958c       0x7a /home/houxd/prog/NXP/S32DS_ARM_v2.0/S32DS/arm_ewl2/lib/armv7e-m/fpu/libc99.a(__filll_mem.o)
                0x0000958c                __fill_mem
 .text.memchr   0x00009606       0x1c /home/houxd/prog/NXP/S32DS_ARM_v2.0/S32DS/arm_ewl2/lib/armv7e-m/fpu/libc99.a(memchr.o)
                0x00009606                memchr
 .text.__memrchr
                0x00009622       0x1c /home/houxd/prog/NXP/S32DS_ARM_v2.0/S32DS/arm_ewl2/lib/armv7e-m/fpu/libc99.a(__memrchr.o)
                0x00009622                __memrchr
 .text.strcpy   0x0000963e       0x12 /home/houxd/prog/NXP/S32DS_ARM_v2.0/S32DS/arm_ewl2/lib/armv7e-m/fpu/libc99.a(strcpy.o)
                0x0000963e                strcpy
 .text.strncpy  0x00009650       0x26 /home/houxd/prog/NXP/S32DS_ARM_v2.0/S32DS/arm_ewl2/lib/armv7e-m/fpu/libc99.a(strncpy.o)
                0x00009650                strncpy
 *fill*         0x00009676        0x2 
 .text.raise    0x00009678       0x38 /home/houxd/prog/NXP/S32DS_ARM_v2.0/S32DS/arm_ewl2/lib/armv7e-m/fpu/libc99.a(raise.o)
                0x00009678                raise
 .text.__prep_buffer
                0x000096b0       0x16 /home/houxd/prog/NXP/S32DS_ARM_v2.0/S32DS/arm_ewl2/lib/armv7e-m/fpu/libc99.a(__buffer_io.o)
                0x000096b0                __prep_buffer
 .text.__flush_buffer
                0x000096c6       0x34 /home/houxd/prog/NXP/S32DS_ARM_v2.0/S32DS/arm_ewl2/lib/armv7e-m/fpu/libc99.a(__buffer_io.o)
                0x000096c6                __flush_buffer
 *fill*         0x000096fa        0x6 
 .text.__num2dec
                0x00009700      0x220 /home/houxd/prog/NXP/S32DS_ARM_v2.0/S32DS/arm_ewl2/lib/armv7e-m/fpu/libm.a(ansi_fp.o)
                0x00009700                __num2dec
 .text.__round_decimal
                0x00009920       0x98 /home/houxd/prog/NXP/S32DS_ARM_v2.0/S32DS/arm_ewl2/lib/armv7e-m/fpu/libm.a(ansi_fp.o)
                0x00009920                __round_decimal
 .text.__signbitd
                0x000099b8        0x8 /home/houxd/prog/NXP/S32DS_ARM_v2.0/S32DS/arm_ewl2/lib/armv7e-m/fpu/libm.a(math_api.o)
                0x000099b8                __signbitd
 .text.__fpclassifyd
                0x000099c0       0x44 /home/houxd/prog/NXP/S32DS_ARM_v2.0/S32DS/arm_ewl2/lib/armv7e-m/fpu/libm.a(math_api.o)
                0x000099c0                __fpclassifyd
 .text.frexp    0x00009a04       0x70 /home/houxd/prog/NXP/S32DS_ARM_v2.0/S32DS/arm_ewl2/lib/armv7e-m/fpu/libm.a(s_frexp.o)
                0x00009a04                frexp
 .text.__fini_cpp
                0x00009a74       0x34 /home/houxd/prog/NXP/S32DS_ARM_v2.0/S32DS/arm_ewl2/lib/armv7e-m/fpu/librt.a(gcc_ctor_dtor.o)
                0x00009a74                __fini_cpp
 .text._ExitProcess
                0x00009aa8        0x2 /home/houxd/prog/NXP/S32DS_ARM_v2.0/S32DS/arm_ewl2/lib/armv7e-m/fpu/librt.a(gcc_ctor_dtor.o)
                0x00009aa8                _ExitProcess
 *fill*         0x00009aaa        0x2 
 .text.__destroy_global_chain
                0x00009aac       0x18 /home/houxd/prog/NXP/S32DS_ARM_v2.0/S32DS/arm_ewl2/lib/armv7e-m/fpu/librt.a(__arm_eabi_init.o)
                0x00009aac                __destroy_global_chain
 .text.sys_writec
                0x00009ac4        0xe /home/houxd/prog/NXP/S32DS_ARM_v2.0/S32DS/arm_ewl2/lib/armv7e-m/fpu/libhosted.a(semihosted_console_io.o)
                0x00009ac4                sys_writec
 .text.sys_readc
                0x00009ad2       0x10 /home/houxd/prog/NXP/S32DS_ARM_v2.0/S32DS/arm_ewl2/lib/armv7e-m/fpu/libhosted.a(semihosted_console_io.o)
                0x00009ad2                sys_readc
 .text.__read_console
                0x00009ae2       0x1a /home/houxd/prog/NXP/S32DS_ARM_v2.0/S32DS/arm_ewl2/lib/armv7e-m/fpu/libhosted.a(semihosted_console_io.o)
                0x00009ae2                __read_console
 .text.__write_console
                0x00009afc       0x18 /home/houxd/prog/NXP/S32DS_ARM_v2.0/S32DS/arm_ewl2/lib/armv7e-m/fpu/libhosted.a(semihosted_console_io.o)
                0x00009afc                __write_console
 .text.__close_console
                0x00009b14        0x4 /home/houxd/prog/NXP/S32DS_ARM_v2.0/S32DS/arm_ewl2/lib/armv7e-m/fpu/libhosted.a(semihosted_console_io.o)
                0x00009b14                __close_console
 .text.sys_write
                0x00009b18        0xe /home/houxd/prog/NXP/S32DS_ARM_v2.0/S32DS/arm_ewl2/lib/armv7e-m/fpu/libhosted.a(semihosted_file_io.o)
                0x00009b18                sys_write
 .text.__write_file
                0x00009b26       0x1e /home/houxd/prog/NXP/S32DS_ARM_v2.0/S32DS/arm_ewl2/lib/armv7e-m/fpu/libhosted.a(semihosted_file_io.o)
                0x00009b26                __write_file
 .text.sys_read
                0x00009b44        0xe /home/houxd/prog/NXP/S32DS_ARM_v2.0/S32DS/arm_ewl2/lib/armv7e-m/fpu/libhosted.a(semihosted_file_io.o)
                0x00009b44                sys_read
 .text.__read_file
                0x00009b52       0x34 /home/houxd/prog/NXP/S32DS_ARM_v2.0/S32DS/arm_ewl2/lib/armv7e-m/fpu/libhosted.a(semihosted_file_io.o)
                0x00009b52                __read_file
 *(.rodata)
 *fill*         0x00009b86        0x2 
 .rodata        0x00009b88      0x371 ./src/main.o
 *fill*         0x00009ef9        0x3 
 .rodata        0x00009efc       0x58 ./fatfs/ff.o
 .rodata        0x00009f54        0x3 ./bl/SPI_MSD0_Driver.o
 *fill*         0x00009f57        0x1 
 .rodata        0x00009f58        0x8 ./FreeRTOS/timers.o
 .rodata        0x00009f60        0x5 ./FreeRTOS/tasks.o
 *(.rodata*)
 *fill*         0x00009f65        0x3 
 .rodata.__FUNCTION__.6178
                0x00009f68        0x9 ./src/main.o
 *fill*         0x00009f71        0x3 
 .rodata.test_tbl.6197
                0x00009f74       0x10 ./src/main.o
 .rodata.__FUNCTION__.6205
                0x00009f84        0x5 ./src/main.o
 *fill*         0x00009f89        0x3 
 .rodata.ExCvt  0x00009f8c       0x80 ./fatfs/ff.o
 .rodata.LfnOfs
                0x0000a00c        0xd ./fatfs/ff.o
 *fill*         0x0000a019        0x3 
 .rodata.Tbl    0x0000a01c      0x100 ./fatfs/ccsbcs.o
 .rodata.tbl_lower.4156
                0x0000a11c      0x1e0 ./fatfs/ccsbcs.o
 .rodata.tbl_upper.4157
                0x0000a2fc      0x1e0 ./fatfs/ccsbcs.o
 .rodata.str1.1
                0x0000a4dc       0x14 /home/houxd/prog/NXP/S32DS_ARM_v2.0/S32DS/arm_ewl2/lib/armv7e-m/fpu/libc99.a(__printformat.o)
                                 0x25 (size before relaxing)
 .rodata.str4.4
                0x0000a4f0        0x4 /home/houxd/prog/NXP/S32DS_ARM_v2.0/S32DS/arm_ewl2/lib/armv7e-m/fpu/libc99.a(__printformat.o)
 .rodata.__aeabi_ctype_table_C
                0x0000a4f4      0x101 /home/houxd/prog/NXP/S32DS_ARM_v2.0/S32DS/arm_ewl2/lib/armv7e-m/fpu/libc99.a(ctype_aeabi.o)
                0x0000a4f4                __aeabi_ctype_table_C
 *fill*         0x0000a5f5        0x3 
 .rodata.digit_values
                0x0000a5f8       0x40 /home/houxd/prog/NXP/S32DS_ARM_v2.0/S32DS/arm_ewl2/lib/armv7e-m/fpu/libm.a(ansi_fp.o)
 .rodata.bit_values
                0x0000a638       0x48 /home/houxd/prog/NXP/S32DS_ARM_v2.0/S32DS/arm_ewl2/lib/armv7e-m/fpu/libm.a(ansi_fp.o)
 *(.glue_7)
 .glue_7        0x00000000        0x0 linker stubs
 *(.glue_7t)
 .glue_7t       0x00000000        0x0 linker stubs
 *(.eh_frame)
 *(.init)
 *(.fini)
                0x0000a680                . = ALIGN (0x4)

.vfp11_veneer   0x0000a680        0x0
 .vfp11_veneer  0x00000000        0x0 linker stubs

.v4_bx          0x0000a680        0x0
 .v4_bx         0x00000000        0x0 linker stubs

.iplt           0x0000a680        0x0
 .iplt          0x00000000        0x0 /home/houxd/prog/NXP/S32DS_ARM_v2.0/S32DS/arm_ewl2/lib/armv7e-m/fpu/__arm_start-hosted.o

.ARM.extab
 *(.ARM.extab* .gnu.linkonce.armextab.*)

.ARM            0x0000a680        0x8
                0x0000a680                __exidx_start = .
 *(.ARM.exidx*)
 .ARM.exidx     0x0000a680        0x8 /home/houxd/prog/NXP/S32DS_ARM_v2.0/Cross_Tools/gcc-arm-none-eabi-4_9/bin/../lib/gcc/arm-none-eabi/4.9.3/armv7e-m/fpu/libgcc.a(_divdi3.o)
 .ARM.exidx     0x0000a688        0x0 /home/houxd/prog/NXP/S32DS_ARM_v2.0/Cross_Tools/gcc-arm-none-eabi-4_9/bin/../lib/gcc/arm-none-eabi/4.9.3/armv7e-m/fpu/libgcc.a(_udivdi3.o)
                                  0x8 (size before relaxing)
                0x0000a688                __exidx_end = .

.rel.dyn        0x0000a688        0x0
 .rel.iplt      0x00000000        0x0 /home/houxd/prog/NXP/S32DS_ARM_v2.0/S32DS/arm_ewl2/lib/armv7e-m/fpu/__arm_start-hosted.o

.ctors          0x0000a688        0x0
                0x0000a688                __CTOR_LIST__ = .
 *crtbegin.o(.ctors)
 *crtbegin?.o(.ctors)
 *(EXCLUDE_FILE(*crtend.o *crtend?.o) .ctors)
 *(SORT(.ctors.*))
 *(.ctors)
                0x0000a688                __CTOR_END__ = .

.dtors          0x0000a688        0x0
                0x0000a688                __DTOR_LIST__ = .
 *crtbegin.o(.dtors)
 *crtbegin?.o(.dtors)
 *(EXCLUDE_FILE(*crtend.o *crtend?.o) .dtors)
 *(SORT(.dtors.*))
 *(.dtors)
                0x0000a688                __DTOR_END__ = .

.preinit_array  0x0000a688        0x0
                0x0000a688                PROVIDE (__preinit_array_start, .)
 *(.preinit_array*)
                0x0000a688                PROVIDE (__preinit_array_end, .)

.init_array     0x0000a688        0x0
                0x0000a688                PROVIDE (__init_array_start, .)
 *(SORT(.init_array.*))
 *(.init_array*)
                0x0000a688                PROVIDE (__init_array_end, .)

.fini_array     0x0000a688        0x0
                0x0000a688                PROVIDE (__fini_array_start, .)
 *(SORT(.fini_array.*))
 *(.fini_array*)
                0x0000a688                PROVIDE (__fini_array_end, .)
                0x0000a688                __etext = .
                0x0000a688                __DATA_ROM = .

.interrupts_ram
                0x1fff8000      0x400
                0x1fff8000                . = ALIGN (0x4)
                0x1fff8000                __VECTOR_RAM__ = .
                0x1fff8000                __interrupts_ram_start__ = .
 *(.m_interrupts_ram)
                0x1fff8400                . = (. + M_VECTOR_RAM_SIZE)
 *fill*         0x1fff8000      0x400 
                0x1fff8400                . = ALIGN (0x4)
                0x1fff8400                __interrupts_ram_end__ = .
                0x1fff8000                __VECTOR_RAM = DEFINED (__flash_vector_table__)?ORIGIN (m_interrupts):__VECTOR_RAM__
                0x00000400                __RAM_VECTOR_TABLE_SIZE = DEFINED (__flash_vector_table__)?0x0:(__interrupts_ram_end__ - __interrupts_ram_start__)

.data           0x1fff8400      0x10c load address 0x0000a688
                0x1fff8400                . = ALIGN (0x4)
                0x1fff8400                __DATA_RAM = .
                0x1fff8400                __data_start__ = .
 *(.data)
 *(.data*)
 .data.VolToPart
                0x1fff8400        0x4 ./fatfs/ff.o
                0x1fff8400                VolToPart
 .data.CAN      0x1fff8404        0xc ./bl/FlexCAN.o
                0x1fff8404                CAN
 .data.PCC_FlexCAN_INDEX
                0x1fff8410        0xc ./bl/FlexCAN.o
                0x1fff8410                PCC_FlexCAN_INDEX
 .data.xFreeBytesRemaining
                0x1fff841c        0x4 ./FreeRTOS/portable/MemMang/heap_2.o
 .data.uxCriticalNesting
                0x1fff8420        0x4 ./FreeRTOS/portable/GCC/ARM_CM4F/port.o
 .data.__files  0x1fff8424       0xe4 /home/houxd/prog/NXP/S32DS_ARM_v2.0/S32DS/arm_ewl2/lib/armv7e-m/fpu/libc99.a(ansi_files.o)
                0x1fff8424                __files
 .data._ZN10__cxxabiv119__terminate_handlerE
                0x1fff8508        0x4 /home/houxd/prog/NXP/S32DS_ARM_v2.0/S32DS/arm_ewl2/lib/armv7e-m/fpu/librt.a(cxxabi_terminate_override.o)
                0x1fff8508                __cxxabiv1::__terminate_handler
 *(.jcr*)
                0x1fff850c                . = ALIGN (0x4)
                0x1fff850c                __data_end__ = .
                0x0000a794                __DATA_END = (__DATA_ROM + (__data_end__ - __data_start__))
                0x0000a794                __CODE_ROM = __DATA_END

.igot.plt       0x1fff850c        0x0 load address 0x0000a794
 .igot.plt      0x00000000        0x0 /home/houxd/prog/NXP/S32DS_ARM_v2.0/S32DS/arm_ewl2/lib/armv7e-m/fpu/__arm_start-hosted.o

.code           0x1fff850c        0x0 load address 0x0000a794
                0x1fff850c                . = ALIGN (0x4)
                0x1fff850c                __CODE_RAM = .
                0x1fff850c                __code_start__ = .
 *(.code_ram)
                0x1fff850c                . = ALIGN (0x4)
                0x1fff850c                __code_end__ = .
                0x0000a794                __CODE_END = (__CODE_ROM + (__code_end__ - __code_start__))

.customSectionBlock
 *(.customSection)

.bss            0x20000000     0x44ec
                0x20000000                . = ALIGN (0x4)
                0x20000000                __BSS_START = .
                0x20000000                __bss_start__ = .
 *(.bss)
 *(.bss*)
 .bss.prt_mutex
                0x20000000        0x4 ./src/main.o
 .bss.mainTaskHandle
                0x20000004        0x4 ./src/main.o
 .bss.FatFs     0x20000008        0x8 ./fatfs/ff.o
 .bss.Fsid      0x20000010        0x2 ./fatfs/ff.o
 .bss.CurrVol   0x20000012        0x1 ./fatfs/ff.o
 *fill*         0x20000013        0x1 
 .bss.LfnBuf    0x20000014      0x200 ./fatfs/ff.o
 .bss.tickCountVal
                0x20000214        0x4 ./bl/bl.o
 .bss.ucHeap    0x20000218     0x4000 ./FreeRTOS/portable/MemMang/heap_2.o
 .bss.xStart    0x20004218        0x8 ./FreeRTOS/portable/MemMang/heap_2.o
 .bss.xEnd      0x20004220        0x8 ./FreeRTOS/portable/MemMang/heap_2.o
 .bss.xHeapHasBeenInitialised.4449
                0x20004228        0x4 ./FreeRTOS/portable/MemMang/heap_2.o
 .bss.ucMaxSysCallPriority
                0x2000422c        0x1 ./FreeRTOS/portable/GCC/ARM_CM4F/port.o
 *fill*         0x2000422d        0x3 
 .bss.ulMaxPRIGROUPValue
                0x20004230        0x4 ./FreeRTOS/portable/GCC/ARM_CM4F/port.o
 .bss.xActiveTimerList1
                0x20004234       0x14 ./FreeRTOS/timers.o
 .bss.xActiveTimerList2
                0x20004248       0x14 ./FreeRTOS/timers.o
 .bss.pxCurrentTimerList
                0x2000425c        0x4 ./FreeRTOS/timers.o
 .bss.pxOverflowTimerList
                0x20004260        0x4 ./FreeRTOS/timers.o
 .bss.xTimerQueue
                0x20004264        0x4 ./FreeRTOS/timers.o
 .bss.xLastTime.4689
                0x20004268        0x4 ./FreeRTOS/timers.o
 .bss.pxCurrentTCB
                0x2000426c        0x4 ./FreeRTOS/tasks.o
                0x2000426c                pxCurrentTCB
 .bss.pxReadyTasksLists
                0x20004270       0xa0 ./FreeRTOS/tasks.o
 .bss.xDelayedTaskList1
                0x20004310       0x14 ./FreeRTOS/tasks.o
 .bss.xDelayedTaskList2
                0x20004324       0x14 ./FreeRTOS/tasks.o
 .bss.pxDelayedTaskList
                0x20004338        0x4 ./FreeRTOS/tasks.o
 .bss.pxOverflowDelayedTaskList
                0x2000433c        0x4 ./FreeRTOS/tasks.o
 .bss.xPendingReadyList
                0x20004340       0x14 ./FreeRTOS/tasks.o
 .bss.xTasksWaitingTermination
                0x20004354       0x14 ./FreeRTOS/tasks.o
 .bss.uxTasksDeleted
                0x20004368        0x4 ./FreeRTOS/tasks.o
 .bss.xSuspendedTaskList
                0x2000436c       0x14 ./FreeRTOS/tasks.o
 .bss.uxCurrentNumberOfTasks
                0x20004380        0x4 ./FreeRTOS/tasks.o
 .bss.xTickCount
                0x20004384        0x4 ./FreeRTOS/tasks.o
 .bss.uxTopReadyPriority
                0x20004388        0x4 ./FreeRTOS/tasks.o
 .bss.xSchedulerRunning
                0x2000438c        0x4 ./FreeRTOS/tasks.o
 .bss.uxPendedTicks
                0x20004390        0x4 ./FreeRTOS/tasks.o
 .bss.xYieldPending
                0x20004394        0x4 ./FreeRTOS/tasks.o
 .bss.xNumOfOverflows
                0x20004398        0x4 ./FreeRTOS/tasks.o
 .bss.uxTaskNumber
                0x2000439c        0x4 ./FreeRTOS/tasks.o
 .bss.xNextTaskUnblockTime
                0x200043a0        0x4 ./FreeRTOS/tasks.o
 .bss.uxSchedulerSuspended
                0x200043a4        0x4 ./FreeRTOS/tasks.o
 .bss.__stdio_exit
                0x200043a8        0x4 /home/houxd/prog/NXP/S32DS_ARM_v2.0/S32DS/arm_ewl2/lib/armv7e-m/fpu/libc99.a(exit.o)
                0x200043a8                __stdio_exit
 .bss.__console_exit
                0x200043ac        0x4 /home/houxd/prog/NXP/S32DS_ARM_v2.0/S32DS/arm_ewl2/lib/armv7e-m/fpu/libc99.a(exit.o)
                0x200043ac                __console_exit
 .bss.__ewl_constraint_handler
                0x200043b0        0x4 /home/houxd/prog/NXP/S32DS_ARM_v2.0/S32DS/arm_ewl2/lib/armv7e-m/fpu/libc99.a(secure_error.o)
 .bss.__global_destructor_chain
                0x200043b4        0x4 /home/houxd/prog/NXP/S32DS_ARM_v2.0/S32DS/arm_ewl2/lib/armv7e-m/fpu/librt.a(__arm_eabi_init.o)
                0x200043b4                __global_destructor_chain
 *(COMMON)
 COMMON         0x200043b8       0x58 ./bl/SPI_MSD0_Driver.o
                0x200043b8                SD0_CardInfo
 COMMON         0x20004410       0xc0 /home/houxd/prog/NXP/S32DS_ARM_v2.0/S32DS/arm_ewl2/lib/armv7e-m/fpu/libc99.a(ansi_files.o)
                0x20004410                stdout_buff
                0x20004450                stdin_buff
                0x20004490                stderr_buff
 COMMON         0x200044d0       0x1c /home/houxd/prog/NXP/S32DS_ARM_v2.0/S32DS/arm_ewl2/lib/armv7e-m/fpu/libc99.a(signal.o)
                0x200044d0                signal_funcs
                0x200044ec                . = ALIGN (0x4)
                0x200044ec                __bss_end__ = .
                0x200044ec                __BSS_END = .

.heap           0x200044ec      0x404
                0x200044f0                . = ALIGN (0x8)
 *fill*         0x200044ec        0x4 
                0x200044f0                __end__ = .
                0x200044f0                PROVIDE (end, .)
                0x200044f0                PROVIDE (_end, .)
                0x200044f0                PROVIDE (__end, .)
                0x200044f0                __HeapBase = .
                0x200048f0                . = (. + HEAP_SIZE)
 *fill*         0x200044f0      0x400 
                0x200048f0                __HeapLimit = .
                0x200048f0                __heap_limit = .

.stack          0x200048f0      0x400
                0x200048f0                . = ALIGN (0x8)
                0x20004cf0                . = (. + STACK_SIZE)
 *fill*         0x200048f0      0x400 
                0x20007000                __StackTop = (ORIGIN (m_data_2) + 0x7000)
                0x20006c00                __StackLimit = (__StackTop - STACK_SIZE)
                0x20007000                PROVIDE (__stack, __StackTop)

.ARM.attributes
                0x00000000       0x37
 *(.ARM.attributes)
 .ARM.attributes
                0x00000000       0x39 ./src/main.o
 .ARM.attributes
                0x00000039       0x39 ./src/convert.o
 .ARM.attributes
                0x00000072       0x39 ./fatfs/ff.o
 .ARM.attributes
                0x000000ab       0x39 ./fatfs/diskio.o
 .ARM.attributes
                0x000000e4       0x39 ./fatfs/ccsbcs.o
 .ARM.attributes
                0x0000011d       0x39 ./bl/clocks_and_modes.o
 .ARM.attributes
                0x00000156       0x39 ./bl/bl.o
 .ARM.attributes
                0x0000018f       0x39 ./bl/SPI_MSD0_Driver.o
 .ARM.attributes
                0x000001c8       0x39 ./bl/FlexCAN.o
 .ARM.attributes
                0x00000201       0x39 ./Project_Settings/Startup_Code/system_S32K144.o
 .ARM.attributes
                0x0000023a       0x1f ./Project_Settings/Startup_Code/startup_S32K144.o
 .ARM.attributes
                0x00000259       0x39 ./Project_Settings/Startup_Code/startup.o
 .ARM.attributes
                0x00000292       0x39 ./FreeRTOS/portable/MemMang/heap_2.o
 .ARM.attributes
                0x000002cb       0x39 ./FreeRTOS/portable/GCC/ARM_CM4F/port.o
 .ARM.attributes
                0x00000304       0x39 ./FreeRTOS/timers.o
 .ARM.attributes
                0x0000033d       0x39 ./FreeRTOS/tasks.o
 .ARM.attributes
                0x00000376       0x39 ./FreeRTOS/queue.o
 .ARM.attributes
                0x000003af       0x39 ./FreeRTOS/list.o
 .ARM.attributes
                0x000003e8       0x39 /home/houxd/prog/NXP/S32DS_ARM_v2.0/S32DS/arm_ewl2/lib/armv7e-m/fpu/libc99.a(sprintf.o)
 .ARM.attributes
                0x00000421       0x39 /home/houxd/prog/NXP/S32DS_ARM_v2.0/S32DS/arm_ewl2/lib/armv7e-m/fpu/libc99.a(vprintf.o)
 .ARM.attributes
                0x0000045a       0x39 /home/houxd/prog/NXP/S32DS_ARM_v2.0/S32DS/arm_ewl2/lib/armv7e-m/fpu/libc99.a(vsnprintf.o)
 .ARM.attributes
                0x00000493       0x39 /home/houxd/prog/NXP/S32DS_ARM_v2.0/S32DS/arm_ewl2/lib/armv7e-m/fpu/libc99.a(exit.o)
 .ARM.attributes
                0x000004cc       0x39 /home/houxd/prog/NXP/S32DS_ARM_v2.0/S32DS/arm_ewl2/lib/armv7e-m/fpu/libc99.a(memcpy.o)
 .ARM.attributes
                0x00000505       0x39 /home/houxd/prog/NXP/S32DS_ARM_v2.0/S32DS/arm_ewl2/lib/armv7e-m/fpu/libc99.a(memset.o)
 .ARM.attributes
                0x0000053e       0x39 /home/houxd/prog/NXP/S32DS_ARM_v2.0/S32DS/arm_ewl2/lib/armv7e-m/fpu/libc99.a(strchr.o)
 .ARM.attributes
                0x00000577       0x39 /home/houxd/prog/NXP/S32DS_ARM_v2.0/S32DS/arm_ewl2/lib/armv7e-m/fpu/libc99.a(strcmp.o)
 .ARM.attributes
                0x000005b0       0x39 /home/houxd/prog/NXP/S32DS_ARM_v2.0/S32DS/arm_ewl2/lib/armv7e-m/fpu/libc99.a(strlen.o)
 .ARM.attributes
                0x000005e9       0x39 /home/houxd/prog/NXP/S32DS_ARM_v2.0/S32DS/arm_ewl2/lib/armv7e-m/fpu/libc99.a(fwide.o)
 .ARM.attributes
                0x00000622       0x39 /home/houxd/prog/NXP/S32DS_ARM_v2.0/S32DS/arm_ewl2/lib/armv7e-m/fpu/libc99.a(__printformat.o)
 .ARM.attributes
                0x0000065b       0x39 /home/houxd/prog/NXP/S32DS_ARM_v2.0/S32DS/arm_ewl2/lib/armv7e-m/fpu/libc99.a(ctype_aeabi.o)
 .ARM.attributes
                0x00000694       0x39 /home/houxd/prog/NXP/S32DS_ARM_v2.0/S32DS/arm_ewl2/lib/armv7e-m/fpu/libc99.a(secure_error.o)
 .ARM.attributes
                0x000006cd       0x39 /home/houxd/prog/NXP/S32DS_ARM_v2.0/S32DS/arm_ewl2/lib/armv7e-m/fpu/libc99.a(ansi_files.o)
 .ARM.attributes
                0x00000706       0x39 /home/houxd/prog/NXP/S32DS_ARM_v2.0/S32DS/arm_ewl2/lib/armv7e-m/fpu/libc99.a(fwrite.o)
 .ARM.attributes
                0x0000073f       0x39 /home/houxd/prog/NXP/S32DS_ARM_v2.0/S32DS/arm_ewl2/lib/armv7e-m/fpu/libc99.a(abort.o)
 .ARM.attributes
                0x00000778       0x39 /home/houxd/prog/NXP/S32DS_ARM_v2.0/S32DS/arm_ewl2/lib/armv7e-m/fpu/libc99.a(mbstowcs_s.o)
 .ARM.attributes
                0x000007b1       0x39 /home/houxd/prog/NXP/S32DS_ARM_v2.0/S32DS/arm_ewl2/lib/armv7e-m/fpu/libc99.a(wctomb.o)
 .ARM.attributes
                0x000007ea       0x39 /home/houxd/prog/NXP/S32DS_ARM_v2.0/S32DS/arm_ewl2/lib/armv7e-m/fpu/libc99.a(__filll_mem.o)
 .ARM.attributes
                0x00000823       0x39 /home/houxd/prog/NXP/S32DS_ARM_v2.0/S32DS/arm_ewl2/lib/armv7e-m/fpu/libc99.a(memchr.o)
 .ARM.attributes
                0x0000085c       0x39 /home/houxd/prog/NXP/S32DS_ARM_v2.0/S32DS/arm_ewl2/lib/armv7e-m/fpu/libc99.a(__memrchr.o)
 .ARM.attributes
                0x00000895       0x39 /home/houxd/prog/NXP/S32DS_ARM_v2.0/S32DS/arm_ewl2/lib/armv7e-m/fpu/libc99.a(strcpy.o)
 .ARM.attributes
                0x000008ce       0x39 /home/houxd/prog/NXP/S32DS_ARM_v2.0/S32DS/arm_ewl2/lib/armv7e-m/fpu/libc99.a(strncpy.o)
 .ARM.attributes
                0x00000907       0x39 /home/houxd/prog/NXP/S32DS_ARM_v2.0/S32DS/arm_ewl2/lib/armv7e-m/fpu/libc99.a(raise.o)
 .ARM.attributes
                0x00000940       0x39 /home/houxd/prog/NXP/S32DS_ARM_v2.0/S32DS/arm_ewl2/lib/armv7e-m/fpu/libc99.a(signal.o)
 .ARM.attributes
                0x00000979       0x39 /home/houxd/prog/NXP/S32DS_ARM_v2.0/S32DS/arm_ewl2/lib/armv7e-m/fpu/libc99.a(__buffer_io.o)
 .ARM.attributes
                0x000009b2       0x39 /home/houxd/prog/NXP/S32DS_ARM_v2.0/S32DS/arm_ewl2/lib/armv7e-m/fpu/libm.a(ansi_fp.o)
 .ARM.attributes
                0x000009eb       0x39 /home/houxd/prog/NXP/S32DS_ARM_v2.0/S32DS/arm_ewl2/lib/armv7e-m/fpu/libm.a(math_api.o)
 .ARM.attributes
                0x00000a24       0x39 /home/houxd/prog/NXP/S32DS_ARM_v2.0/S32DS/arm_ewl2/lib/armv7e-m/fpu/libm.a(s_frexp.o)
 .ARM.attributes
                0x00000a5d       0x22 /home/houxd/prog/NXP/S32DS_ARM_v2.0/Cross_Tools/gcc-arm-none-eabi-4_9/bin/../lib/gcc/arm-none-eabi/4.9.3/armv7e-m/fpu/libgcc.a(_arm_addsubdf3.o)
 .ARM.attributes
                0x00000a7f       0x22 /home/houxd/prog/NXP/S32DS_ARM_v2.0/Cross_Tools/gcc-arm-none-eabi-4_9/bin/../lib/gcc/arm-none-eabi/4.9.3/armv7e-m/fpu/libgcc.a(_arm_muldivdf3.o)
 .ARM.attributes
                0x00000aa1       0x22 /home/houxd/prog/NXP/S32DS_ARM_v2.0/Cross_Tools/gcc-arm-none-eabi-4_9/bin/../lib/gcc/arm-none-eabi/4.9.3/armv7e-m/fpu/libgcc.a(_arm_cmpdf2.o)
 .ARM.attributes
                0x00000ac3       0x22 /home/houxd/prog/NXP/S32DS_ARM_v2.0/Cross_Tools/gcc-arm-none-eabi-4_9/bin/../lib/gcc/arm-none-eabi/4.9.3/armv7e-m/fpu/libgcc.a(_arm_fixdfsi.o)
 .ARM.attributes
                0x00000ae5       0x22 /home/houxd/prog/NXP/S32DS_ARM_v2.0/Cross_Tools/gcc-arm-none-eabi-4_9/bin/../lib/gcc/arm-none-eabi/4.9.3/armv7e-m/fpu/libgcc.a(_aeabi_uldivmod.o)
 .ARM.attributes
                0x00000b07       0x34 /home/houxd/prog/NXP/S32DS_ARM_v2.0/Cross_Tools/gcc-arm-none-eabi-4_9/bin/../lib/gcc/arm-none-eabi/4.9.3/armv7e-m/fpu/libgcc.a(bpabi.o)
 .ARM.attributes
                0x00000b3b       0x22 /home/houxd/prog/NXP/S32DS_ARM_v2.0/Cross_Tools/gcc-arm-none-eabi-4_9/bin/../lib/gcc/arm-none-eabi/4.9.3/armv7e-m/fpu/libgcc.a(_dvmd_tls.o)
 .ARM.attributes
                0x00000b5d       0x34 /home/houxd/prog/NXP/S32DS_ARM_v2.0/Cross_Tools/gcc-arm-none-eabi-4_9/bin/../lib/gcc/arm-none-eabi/4.9.3/armv7e-m/fpu/libgcc.a(_divdi3.o)
 .ARM.attributes
                0x00000b91       0x34 /home/houxd/prog/NXP/S32DS_ARM_v2.0/Cross_Tools/gcc-arm-none-eabi-4_9/bin/../lib/gcc/arm-none-eabi/4.9.3/armv7e-m/fpu/libgcc.a(_udivdi3.o)
 .ARM.attributes
                0x00000bc5       0x39 /home/houxd/prog/NXP/S32DS_ARM_v2.0/S32DS/arm_ewl2/lib/armv7e-m/fpu/librt.a(gcc_ctor_dtor.o)
 .ARM.attributes
                0x00000bfe       0x39 /home/houxd/prog/NXP/S32DS_ARM_v2.0/S32DS/arm_ewl2/lib/armv7e-m/fpu/librt.a(__arm_eabi_init.o)
 .ARM.attributes
                0x00000c37       0x39 /home/houxd/prog/NXP/S32DS_ARM_v2.0/S32DS/arm_ewl2/lib/armv7e-m/fpu/librt.a(cxxabi_terminate_override.o)
 .ARM.attributes
                0x00000c70       0x39 /home/houxd/prog/NXP/S32DS_ARM_v2.0/S32DS/arm_ewl2/lib/armv7e-m/fpu/libhosted.a(semihosted_console_io.o)
 .ARM.attributes
                0x00000ca9       0x39 /home/houxd/prog/NXP/S32DS_ARM_v2.0/S32DS/arm_ewl2/lib/armv7e-m/fpu/libhosted.a(semihosted_file_io.o)
                0x00000001                ASSERT ((__StackLimit >= __HeapLimit), region m_data_2 overflowed with stack and heap)
OUTPUT(dp1000.elf elf32-littlearm)

.debug_info     0x00000000    0x10969
 .debug_info    0x00000000      0x781 ./src/main.o
 .debug_info    0x00000781      0xee3 ./src/convert.o
 .debug_info    0x00001664     0x2010 ./fatfs/ff.o
 .debug_info    0x00003674      0x55b ./fatfs/diskio.o
 .debug_info    0x00003bcf      0x160 ./fatfs/ccsbcs.o
 .debug_info    0x00003d2f      0x269 ./bl/clocks_and_modes.o
 .debug_info    0x00003f98      0x53e ./bl/bl.o
 .debug_info    0x000044d6      0xba1 ./bl/SPI_MSD0_Driver.o
 .debug_info    0x00005077      0x575 ./bl/FlexCAN.o
 .debug_info    0x000055ec      0x500 ./Project_Settings/Startup_Code/system_S32K144.o
 .debug_info    0x00005aec       0x8b ./Project_Settings/Startup_Code/startup_S32K144.o
 .debug_info    0x00005b77      0x3eb ./Project_Settings/Startup_Code/startup.o
 .debug_info    0x00005f62      0x2d4 ./FreeRTOS/portable/MemMang/heap_2.o
 .debug_info    0x00006236      0x512 ./FreeRTOS/portable/GCC/ARM_CM4F/port.o
 .debug_info    0x00006748      0xb3c ./FreeRTOS/timers.o
 .debug_info    0x00007284     0x1a87 ./FreeRTOS/tasks.o
 .debug_info    0x00008d0b     0x104e ./FreeRTOS/queue.o
 .debug_info    0x00009d59      0x28f ./FreeRTOS/list.o
 .debug_info    0x00009fe8      0x3ef /home/houxd/prog/NXP/S32DS_ARM_v2.0/S32DS/arm_ewl2/lib/armv7e-m/fpu/libc99.a(sprintf.o)
 .debug_info    0x0000a3d7      0x3e8 /home/houxd/prog/NXP/S32DS_ARM_v2.0/S32DS/arm_ewl2/lib/armv7e-m/fpu/libc99.a(vprintf.o)
 .debug_info    0x0000a7bf      0x4cb /home/houxd/prog/NXP/S32DS_ARM_v2.0/S32DS/arm_ewl2/lib/armv7e-m/fpu/libc99.a(vsnprintf.o)
 .debug_info    0x0000ac8a      0x111 /home/houxd/prog/NXP/S32DS_ARM_v2.0/S32DS/arm_ewl2/lib/armv7e-m/fpu/libc99.a(exit.o)
 .debug_info    0x0000ad9b      0x111 /home/houxd/prog/NXP/S32DS_ARM_v2.0/S32DS/arm_ewl2/lib/armv7e-m/fpu/libc99.a(memcpy.o)
 .debug_info    0x0000aeac       0xec /home/houxd/prog/NXP/S32DS_ARM_v2.0/S32DS/arm_ewl2/lib/armv7e-m/fpu/libc99.a(memset.o)
 .debug_info    0x0000af98      0x106 /home/houxd/prog/NXP/S32DS_ARM_v2.0/S32DS/arm_ewl2/lib/armv7e-m/fpu/libc99.a(strchr.o)
 .debug_info    0x0000b09e      0x115 /home/houxd/prog/NXP/S32DS_ARM_v2.0/S32DS/arm_ewl2/lib/armv7e-m/fpu/libc99.a(strcmp.o)
 .debug_info    0x0000b1b3       0xeb /home/houxd/prog/NXP/S32DS_ARM_v2.0/S32DS/arm_ewl2/lib/armv7e-m/fpu/libc99.a(strlen.o)
 .debug_info    0x0000b29e      0x4cc /home/houxd/prog/NXP/S32DS_ARM_v2.0/S32DS/arm_ewl2/lib/armv7e-m/fpu/libc99.a(fwide.o)
 .debug_info    0x0000b76a      0xe0e /home/houxd/prog/NXP/S32DS_ARM_v2.0/S32DS/arm_ewl2/lib/armv7e-m/fpu/libc99.a(__printformat.o)
 .debug_info    0x0000c578      0x306 /home/houxd/prog/NXP/S32DS_ARM_v2.0/S32DS/arm_ewl2/lib/armv7e-m/fpu/libc99.a(ctype_aeabi.o)
 .debug_info    0x0000c87e      0x248 /home/houxd/prog/NXP/S32DS_ARM_v2.0/S32DS/arm_ewl2/lib/armv7e-m/fpu/libc99.a(secure_error.o)
 .debug_info    0x0000cac6      0x514 /home/houxd/prog/NXP/S32DS_ARM_v2.0/S32DS/arm_ewl2/lib/armv7e-m/fpu/libc99.a(ansi_files.o)
 .debug_info    0x0000cfda      0x659 /home/houxd/prog/NXP/S32DS_ARM_v2.0/S32DS/arm_ewl2/lib/armv7e-m/fpu/libc99.a(fwrite.o)
 .debug_info    0x0000d633       0xb2 /home/houxd/prog/NXP/S32DS_ARM_v2.0/S32DS/arm_ewl2/lib/armv7e-m/fpu/libc99.a(abort.o)
 .debug_info    0x0000d6e5      0x570 /home/houxd/prog/NXP/S32DS_ARM_v2.0/S32DS/arm_ewl2/lib/armv7e-m/fpu/libc99.a(mbstowcs_s.o)
 .debug_info    0x0000dc55      0x3e5 /home/houxd/prog/NXP/S32DS_ARM_v2.0/S32DS/arm_ewl2/lib/armv7e-m/fpu/libc99.a(wctomb.o)
 .debug_info    0x0000e03a      0x137 /home/houxd/prog/NXP/S32DS_ARM_v2.0/S32DS/arm_ewl2/lib/armv7e-m/fpu/libc99.a(__filll_mem.o)
 .debug_info    0x0000e171      0x121 /home/houxd/prog/NXP/S32DS_ARM_v2.0/S32DS/arm_ewl2/lib/armv7e-m/fpu/libc99.a(memchr.o)
 .debug_info    0x0000e292      0x116 /home/houxd/prog/NXP/S32DS_ARM_v2.0/S32DS/arm_ewl2/lib/armv7e-m/fpu/libc99.a(__memrchr.o)
 .debug_info    0x0000e3a8      0x10e /home/houxd/prog/NXP/S32DS_ARM_v2.0/S32DS/arm_ewl2/lib/armv7e-m/fpu/libc99.a(strcpy.o)
 .debug_info    0x0000e4b6      0x108 /home/houxd/prog/NXP/S32DS_ARM_v2.0/S32DS/arm_ewl2/lib/armv7e-m/fpu/libc99.a(strncpy.o)
 .debug_info    0x0000e5be      0x108 /home/houxd/prog/NXP/S32DS_ARM_v2.0/S32DS/arm_ewl2/lib/armv7e-m/fpu/libc99.a(raise.o)
 .debug_info    0x0000e6c6      0x124 /home/houxd/prog/NXP/S32DS_ARM_v2.0/S32DS/arm_ewl2/lib/armv7e-m/fpu/libc99.a(signal.o)
 .debug_info    0x0000e7ea      0x492 /home/houxd/prog/NXP/S32DS_ARM_v2.0/S32DS/arm_ewl2/lib/armv7e-m/fpu/libc99.a(__buffer_io.o)
 .debug_info    0x0000ec7c      0x51d /home/houxd/prog/NXP/S32DS_ARM_v2.0/S32DS/arm_ewl2/lib/armv7e-m/fpu/libm.a(ansi_fp.o)
 .debug_info    0x0000f199      0x30c /home/houxd/prog/NXP/S32DS_ARM_v2.0/S32DS/arm_ewl2/lib/armv7e-m/fpu/libm.a(math_api.o)
 .debug_info    0x0000f4a5      0x1a1 /home/houxd/prog/NXP/S32DS_ARM_v2.0/S32DS/arm_ewl2/lib/armv7e-m/fpu/libm.a(s_frexp.o)
 .debug_info    0x0000f646      0x14a /home/houxd/prog/NXP/S32DS_ARM_v2.0/S32DS/arm_ewl2/lib/armv7e-m/fpu/librt.a(gcc_ctor_dtor.o)
 .debug_info    0x0000f790      0x2dc /home/houxd/prog/NXP/S32DS_ARM_v2.0/S32DS/arm_ewl2/lib/armv7e-m/fpu/librt.a(__arm_eabi_init.o)
 .debug_info    0x0000fa6c       0x62 /home/houxd/prog/NXP/S32DS_ARM_v2.0/S32DS/arm_ewl2/lib/armv7e-m/fpu/librt.a(cxxabi_terminate_override.o)
 .debug_info    0x0000face      0x232 /home/houxd/prog/NXP/S32DS_ARM_v2.0/S32DS/arm_ewl2/lib/armv7e-m/fpu/libhosted.a(semihosted_console_io.o)
 .debug_info    0x0000fd00      0xc69 /home/houxd/prog/NXP/S32DS_ARM_v2.0/S32DS/arm_ewl2/lib/armv7e-m/fpu/libhosted.a(semihosted_file_io.o)

.debug_abbrev   0x00000000     0x3a05
 .debug_abbrev  0x00000000      0x1bf ./src/main.o
 .debug_abbrev  0x000001bf      0x173 ./src/convert.o
 .debug_abbrev  0x00000332      0x1f0 ./fatfs/ff.o
 .debug_abbrev  0x00000522      0x129 ./fatfs/diskio.o
 .debug_abbrev  0x0000064b       0xab ./fatfs/ccsbcs.o
 .debug_abbrev  0x000006f6       0xc2 ./bl/clocks_and_modes.o
 .debug_abbrev  0x000007b8      0x157 ./bl/bl.o
 .debug_abbrev  0x0000090f      0x244 ./bl/SPI_MSD0_Driver.o
 .debug_abbrev  0x00000b53      0x186 ./bl/FlexCAN.o
 .debug_abbrev  0x00000cd9      0x118 ./Project_Settings/Startup_Code/system_S32K144.o
 .debug_abbrev  0x00000df1       0x14 ./Project_Settings/Startup_Code/startup_S32K144.o
 .debug_abbrev  0x00000e05      0x101 ./Project_Settings/Startup_Code/startup.o
 .debug_abbrev  0x00000f06      0x171 ./FreeRTOS/portable/MemMang/heap_2.o
 .debug_abbrev  0x00001077      0x1c0 ./FreeRTOS/portable/GCC/ARM_CM4F/port.o
 .debug_abbrev  0x00001237      0x1ea ./FreeRTOS/timers.o
 .debug_abbrev  0x00001421      0x276 ./FreeRTOS/tasks.o
 .debug_abbrev  0x00001697      0x1d7 ./FreeRTOS/queue.o
 .debug_abbrev  0x0000186e       0xc1 ./FreeRTOS/list.o
 .debug_abbrev  0x0000192f      0x12d /home/houxd/prog/NXP/S32DS_ARM_v2.0/S32DS/arm_ewl2/lib/armv7e-m/fpu/libc99.a(sprintf.o)
 .debug_abbrev  0x00001a5c      0x126 /home/houxd/prog/NXP/S32DS_ARM_v2.0/S32DS/arm_ewl2/lib/armv7e-m/fpu/libc99.a(vprintf.o)
 .debug_abbrev  0x00001b82      0x150 /home/houxd/prog/NXP/S32DS_ARM_v2.0/S32DS/arm_ewl2/lib/armv7e-m/fpu/libc99.a(vsnprintf.o)
 .debug_abbrev  0x00001cd2       0x91 /home/houxd/prog/NXP/S32DS_ARM_v2.0/S32DS/arm_ewl2/lib/armv7e-m/fpu/libc99.a(exit.o)
 .debug_abbrev  0x00001d63       0x95 /home/houxd/prog/NXP/S32DS_ARM_v2.0/S32DS/arm_ewl2/lib/armv7e-m/fpu/libc99.a(memcpy.o)
 .debug_abbrev  0x00001df8       0x62 /home/houxd/prog/NXP/S32DS_ARM_v2.0/S32DS/arm_ewl2/lib/armv7e-m/fpu/libc99.a(memset.o)
 .debug_abbrev  0x00001e5a       0x89 /home/houxd/prog/NXP/S32DS_ARM_v2.0/S32DS/arm_ewl2/lib/armv7e-m/fpu/libc99.a(strchr.o)
 .debug_abbrev  0x00001ee3       0x7a /home/houxd/prog/NXP/S32DS_ARM_v2.0/S32DS/arm_ewl2/lib/armv7e-m/fpu/libc99.a(strcmp.o)
 .debug_abbrev  0x00001f5d       0x7a /home/houxd/prog/NXP/S32DS_ARM_v2.0/S32DS/arm_ewl2/lib/armv7e-m/fpu/libc99.a(strlen.o)
 .debug_abbrev  0x00001fd7      0x179 /home/houxd/prog/NXP/S32DS_ARM_v2.0/S32DS/arm_ewl2/lib/armv7e-m/fpu/libc99.a(fwide.o)
 .debug_abbrev  0x00002150      0x28e /home/houxd/prog/NXP/S32DS_ARM_v2.0/S32DS/arm_ewl2/lib/armv7e-m/fpu/libc99.a(__printformat.o)
 .debug_abbrev  0x000023de       0x85 /home/houxd/prog/NXP/S32DS_ARM_v2.0/S32DS/arm_ewl2/lib/armv7e-m/fpu/libc99.a(ctype_aeabi.o)
 .debug_abbrev  0x00002463      0x140 /home/houxd/prog/NXP/S32DS_ARM_v2.0/S32DS/arm_ewl2/lib/armv7e-m/fpu/libc99.a(secure_error.o)
 .debug_abbrev  0x000025a3      0x107 /home/houxd/prog/NXP/S32DS_ARM_v2.0/S32DS/arm_ewl2/lib/armv7e-m/fpu/libc99.a(ansi_files.o)
 .debug_abbrev  0x000026aa      0x181 /home/houxd/prog/NXP/S32DS_ARM_v2.0/S32DS/arm_ewl2/lib/armv7e-m/fpu/libc99.a(fwrite.o)
 .debug_abbrev  0x0000282b       0x5c /home/houxd/prog/NXP/S32DS_ARM_v2.0/S32DS/arm_ewl2/lib/armv7e-m/fpu/libc99.a(abort.o)
 .debug_abbrev  0x00002887      0x132 /home/houxd/prog/NXP/S32DS_ARM_v2.0/S32DS/arm_ewl2/lib/armv7e-m/fpu/libc99.a(mbstowcs_s.o)
 .debug_abbrev  0x000029b9      0x126 /home/houxd/prog/NXP/S32DS_ARM_v2.0/S32DS/arm_ewl2/lib/armv7e-m/fpu/libc99.a(wctomb.o)
 .debug_abbrev  0x00002adf       0x78 /home/houxd/prog/NXP/S32DS_ARM_v2.0/S32DS/arm_ewl2/lib/armv7e-m/fpu/libc99.a(__filll_mem.o)
 .debug_abbrev  0x00002b57       0x95 /home/houxd/prog/NXP/S32DS_ARM_v2.0/S32DS/arm_ewl2/lib/armv7e-m/fpu/libc99.a(memchr.o)
 .debug_abbrev  0x00002bec       0x95 /home/houxd/prog/NXP/S32DS_ARM_v2.0/S32DS/arm_ewl2/lib/armv7e-m/fpu/libc99.a(__memrchr.o)
 .debug_abbrev  0x00002c81       0x96 /home/houxd/prog/NXP/S32DS_ARM_v2.0/S32DS/arm_ewl2/lib/armv7e-m/fpu/libc99.a(strcpy.o)
 .debug_abbrev  0x00002d17       0x89 /home/houxd/prog/NXP/S32DS_ARM_v2.0/S32DS/arm_ewl2/lib/armv7e-m/fpu/libc99.a(strncpy.o)
 .debug_abbrev  0x00002da0       0xa6 /home/houxd/prog/NXP/S32DS_ARM_v2.0/S32DS/arm_ewl2/lib/armv7e-m/fpu/libc99.a(raise.o)
 .debug_abbrev  0x00002e46       0xc6 /home/houxd/prog/NXP/S32DS_ARM_v2.0/S32DS/arm_ewl2/lib/armv7e-m/fpu/libc99.a(signal.o)
 .debug_abbrev  0x00002f0c      0x142 /home/houxd/prog/NXP/S32DS_ARM_v2.0/S32DS/arm_ewl2/lib/armv7e-m/fpu/libc99.a(__buffer_io.o)
 .debug_abbrev  0x0000304e      0x15d /home/houxd/prog/NXP/S32DS_ARM_v2.0/S32DS/arm_ewl2/lib/armv7e-m/fpu/libm.a(ansi_fp.o)
 .debug_abbrev  0x000031ab       0xf7 /home/houxd/prog/NXP/S32DS_ARM_v2.0/S32DS/arm_ewl2/lib/armv7e-m/fpu/libm.a(math_api.o)
 .debug_abbrev  0x000032a2       0xce /home/houxd/prog/NXP/S32DS_ARM_v2.0/S32DS/arm_ewl2/lib/armv7e-m/fpu/libm.a(s_frexp.o)
 .debug_abbrev  0x00003370       0xae /home/houxd/prog/NXP/S32DS_ARM_v2.0/S32DS/arm_ewl2/lib/armv7e-m/fpu/librt.a(gcc_ctor_dtor.o)
 .debug_abbrev  0x0000341e      0x1e2 /home/houxd/prog/NXP/S32DS_ARM_v2.0/S32DS/arm_ewl2/lib/armv7e-m/fpu/librt.a(__arm_eabi_init.o)
 .debug_abbrev  0x00003600       0x55 /home/houxd/prog/NXP/S32DS_ARM_v2.0/S32DS/arm_ewl2/lib/armv7e-m/fpu/librt.a(cxxabi_terminate_override.o)
 .debug_abbrev  0x00003655      0x137 /home/houxd/prog/NXP/S32DS_ARM_v2.0/S32DS/arm_ewl2/lib/armv7e-m/fpu/libhosted.a(semihosted_console_io.o)
 .debug_abbrev  0x0000378c      0x279 /home/houxd/prog/NXP/S32DS_ARM_v2.0/S32DS/arm_ewl2/lib/armv7e-m/fpu/libhosted.a(semihosted_file_io.o)

.debug_aranges  0x00000000     0x1138
 .debug_aranges
                0x00000000       0x70 ./src/main.o
 .debug_aranges
                0x00000070      0x190 ./src/convert.o
 .debug_aranges
                0x00000200      0x1d8 ./fatfs/ff.o
 .debug_aranges
                0x000003d8       0x48 ./fatfs/diskio.o
 .debug_aranges
                0x00000420       0x28 ./fatfs/ccsbcs.o
 .debug_aranges
                0x00000448       0x30 ./bl/clocks_and_modes.o
 .debug_aranges
                0x00000478       0x58 ./bl/bl.o
 .debug_aranges
                0x000004d0       0xa0 ./bl/SPI_MSD0_Driver.o
 .debug_aranges
                0x00000570       0x30 ./bl/FlexCAN.o
 .debug_aranges
                0x000005a0       0x30 ./Project_Settings/Startup_Code/system_S32K144.o
 .debug_aranges
                0x000005d0       0x20 ./Project_Settings/Startup_Code/startup_S32K144.o
 .debug_aranges
                0x000005f0       0x20 ./Project_Settings/Startup_Code/startup.o
 .debug_aranges
                0x00000610       0x40 ./FreeRTOS/portable/MemMang/heap_2.o
 .debug_aranges
                0x00000650       0x80 ./FreeRTOS/portable/GCC/ARM_CM4F/port.o
 .debug_aranges
                0x000006d0       0xa8 ./FreeRTOS/timers.o
 .debug_aranges
                0x00000778      0x1a8 ./FreeRTOS/tasks.o
 .debug_aranges
                0x00000920       0xd0 ./FreeRTOS/queue.o
 .debug_aranges
                0x000009f0       0x40 ./FreeRTOS/list.o
 .debug_aranges
                0x00000a30       0x28 /home/houxd/prog/NXP/S32DS_ARM_v2.0/S32DS/arm_ewl2/lib/armv7e-m/fpu/libc99.a(sprintf.o)
 .debug_aranges
                0x00000a58       0x28 /home/houxd/prog/NXP/S32DS_ARM_v2.0/S32DS/arm_ewl2/lib/armv7e-m/fpu/libc99.a(vprintf.o)
 .debug_aranges
                0x00000a80       0x30 /home/houxd/prog/NXP/S32DS_ARM_v2.0/S32DS/arm_ewl2/lib/armv7e-m/fpu/libc99.a(vsnprintf.o)
 .debug_aranges
                0x00000ab0       0x28 /home/houxd/prog/NXP/S32DS_ARM_v2.0/S32DS/arm_ewl2/lib/armv7e-m/fpu/libc99.a(exit.o)
 .debug_aranges
                0x00000ad8       0x20 /home/houxd/prog/NXP/S32DS_ARM_v2.0/S32DS/arm_ewl2/lib/armv7e-m/fpu/libc99.a(memcpy.o)
 .debug_aranges
                0x00000af8       0x20 /home/houxd/prog/NXP/S32DS_ARM_v2.0/S32DS/arm_ewl2/lib/armv7e-m/fpu/libc99.a(memset.o)
 .debug_aranges
                0x00000b18       0x20 /home/houxd/prog/NXP/S32DS_ARM_v2.0/S32DS/arm_ewl2/lib/armv7e-m/fpu/libc99.a(strchr.o)
 .debug_aranges
                0x00000b38       0x20 /home/houxd/prog/NXP/S32DS_ARM_v2.0/S32DS/arm_ewl2/lib/armv7e-m/fpu/libc99.a(strcmp.o)
 .debug_aranges
                0x00000b58       0x20 /home/houxd/prog/NXP/S32DS_ARM_v2.0/S32DS/arm_ewl2/lib/armv7e-m/fpu/libc99.a(strlen.o)
 .debug_aranges
                0x00000b78       0x30 /home/houxd/prog/NXP/S32DS_ARM_v2.0/S32DS/arm_ewl2/lib/armv7e-m/fpu/libc99.a(fwide.o)
 .debug_aranges
                0x00000ba8       0x48 /home/houxd/prog/NXP/S32DS_ARM_v2.0/S32DS/arm_ewl2/lib/armv7e-m/fpu/libc99.a(__printformat.o)
 .debug_aranges
                0x00000bf0       0x88 /home/houxd/prog/NXP/S32DS_ARM_v2.0/S32DS/arm_ewl2/lib/armv7e-m/fpu/libc99.a(ctype_aeabi.o)
 .debug_aranges
                0x00000c78       0x40 /home/houxd/prog/NXP/S32DS_ARM_v2.0/S32DS/arm_ewl2/lib/armv7e-m/fpu/libc99.a(secure_error.o)
 .debug_aranges
                0x00000cb8       0x28 /home/houxd/prog/NXP/S32DS_ARM_v2.0/S32DS/arm_ewl2/lib/armv7e-m/fpu/libc99.a(ansi_files.o)
 .debug_aranges
                0x00000ce0       0x38 /home/houxd/prog/NXP/S32DS_ARM_v2.0/S32DS/arm_ewl2/lib/armv7e-m/fpu/libc99.a(fwrite.o)
 .debug_aranges
                0x00000d18       0x20 /home/houxd/prog/NXP/S32DS_ARM_v2.0/S32DS/arm_ewl2/lib/armv7e-m/fpu/libc99.a(abort.o)
 .debug_aranges
                0x00000d38       0x38 /home/houxd/prog/NXP/S32DS_ARM_v2.0/S32DS/arm_ewl2/lib/armv7e-m/fpu/libc99.a(mbstowcs_s.o)
 .debug_aranges
                0x00000d70       0x30 /home/houxd/prog/NXP/S32DS_ARM_v2.0/S32DS/arm_ewl2/lib/armv7e-m/fpu/libc99.a(wctomb.o)
 .debug_aranges
                0x00000da0       0x20 /home/houxd/prog/NXP/S32DS_ARM_v2.0/S32DS/arm_ewl2/lib/armv7e-m/fpu/libc99.a(__filll_mem.o)
 .debug_aranges
                0x00000dc0       0x20 /home/houxd/prog/NXP/S32DS_ARM_v2.0/S32DS/arm_ewl2/lib/armv7e-m/fpu/libc99.a(memchr.o)
 .debug_aranges
                0x00000de0       0x20 /home/houxd/prog/NXP/S32DS_ARM_v2.0/S32DS/arm_ewl2/lib/armv7e-m/fpu/libc99.a(__memrchr.o)
 .debug_aranges
                0x00000e00       0x20 /home/houxd/prog/NXP/S32DS_ARM_v2.0/S32DS/arm_ewl2/lib/armv7e-m/fpu/libc99.a(strcpy.o)
 .debug_aranges
                0x00000e20       0x20 /home/houxd/prog/NXP/S32DS_ARM_v2.0/S32DS/arm_ewl2/lib/armv7e-m/fpu/libc99.a(strncpy.o)
 .debug_aranges
                0x00000e40       0x20 /home/houxd/prog/NXP/S32DS_ARM_v2.0/S32DS/arm_ewl2/lib/armv7e-m/fpu/libc99.a(raise.o)
 .debug_aranges
                0x00000e60       0x20 /home/houxd/prog/NXP/S32DS_ARM_v2.0/S32DS/arm_ewl2/lib/armv7e-m/fpu/libc99.a(signal.o)
 .debug_aranges
                0x00000e80       0x30 /home/houxd/prog/NXP/S32DS_ARM_v2.0/S32DS/arm_ewl2/lib/armv7e-m/fpu/libc99.a(__buffer_io.o)
 .debug_aranges
                0x00000eb0       0x30 /home/houxd/prog/NXP/S32DS_ARM_v2.0/S32DS/arm_ewl2/lib/armv7e-m/fpu/libm.a(ansi_fp.o)
 .debug_aranges
                0x00000ee0       0x60 /home/houxd/prog/NXP/S32DS_ARM_v2.0/S32DS/arm_ewl2/lib/armv7e-m/fpu/libm.a(math_api.o)
 .debug_aranges
                0x00000f40       0x20 /home/houxd/prog/NXP/S32DS_ARM_v2.0/S32DS/arm_ewl2/lib/armv7e-m/fpu/libm.a(s_frexp.o)
 .debug_aranges
                0x00000f60       0x30 /home/houxd/prog/NXP/S32DS_ARM_v2.0/S32DS/arm_ewl2/lib/armv7e-m/fpu/librt.a(gcc_ctor_dtor.o)
 .debug_aranges
                0x00000f90       0x60 /home/houxd/prog/NXP/S32DS_ARM_v2.0/S32DS/arm_ewl2/lib/armv7e-m/fpu/librt.a(__arm_eabi_init.o)
 .debug_aranges
                0x00000ff0       0x18 /home/houxd/prog/NXP/S32DS_ARM_v2.0/S32DS/arm_ewl2/lib/armv7e-m/fpu/librt.a(cxxabi_terminate_override.o)
 .debug_aranges
                0x00001008       0x50 /home/houxd/prog/NXP/S32DS_ARM_v2.0/S32DS/arm_ewl2/lib/armv7e-m/fpu/libhosted.a(semihosted_console_io.o)
 .debug_aranges
                0x00001058       0xe0 /home/houxd/prog/NXP/S32DS_ARM_v2.0/S32DS/arm_ewl2/lib/armv7e-m/fpu/libhosted.a(semihosted_file_io.o)

.debug_ranges   0x00000000      0x900
 .debug_ranges  0x00000000       0x60 ./src/main.o
 .debug_ranges  0x00000060      0x180 ./src/convert.o
 .debug_ranges  0x000001e0      0x1c8 ./fatfs/ff.o
 .debug_ranges  0x000003a8       0x38 ./fatfs/diskio.o
 .debug_ranges  0x000003e0       0x18 ./fatfs/ccsbcs.o
 .debug_ranges  0x000003f8       0x20 ./bl/clocks_and_modes.o
 .debug_ranges  0x00000418       0x48 ./bl/bl.o
 .debug_ranges  0x00000460       0x90 ./bl/SPI_MSD0_Driver.o
 .debug_ranges  0x000004f0       0x20 ./bl/FlexCAN.o
 .debug_ranges  0x00000510       0x20 ./Project_Settings/Startup_Code/system_S32K144.o
 .debug_ranges  0x00000530       0x10 ./Project_Settings/Startup_Code/startup.o
 .debug_ranges  0x00000540       0x30 ./FreeRTOS/portable/MemMang/heap_2.o
 .debug_ranges  0x00000570       0x70 ./FreeRTOS/portable/GCC/ARM_CM4F/port.o
 .debug_ranges  0x000005e0       0x98 ./FreeRTOS/timers.o
 .debug_ranges  0x00000678      0x198 ./FreeRTOS/tasks.o
 .debug_ranges  0x00000810       0xc0 ./FreeRTOS/queue.o
 .debug_ranges  0x000008d0       0x30 ./FreeRTOS/list.o

.debug_macro    0x00000000    0x20351
 .debug_macro   0x00000000      0x246 ./src/main.o
 .debug_macro   0x00000246      0x886 ./src/main.o
 .debug_macro   0x00000acc       0x52 ./src/main.o
 .debug_macro   0x00000b1e       0xa0 ./src/main.o
 .debug_macro   0x00000bbe       0x16 ./src/main.o
 .debug_macro   0x00000bd4       0x64 ./src/main.o
 .debug_macro   0x00000c38      0x185 ./src/main.o
 .debug_macro   0x00000dbd      0x140 ./src/main.o
 .debug_macro   0x00000efd       0x16 ./src/main.o
 .debug_macro   0x00000f13       0x28 ./src/main.o
 .debug_macro   0x00000f3b       0x10 ./src/main.o
 .debug_macro   0x00000f4b       0x16 ./src/main.o
 .debug_macro   0x00000f61       0x16 ./src/main.o
 .debug_macro   0x00000f77       0x16 ./src/main.o
 .debug_macro   0x00000f8d       0x8b ./src/main.o
 .debug_macro   0x00001018       0x22 ./src/main.o
 .debug_macro   0x0000103a       0x10 ./src/main.o
 .debug_macro   0x0000104a       0x20 ./src/main.o
 .debug_macro   0x0000106a       0x10 ./src/main.o
 .debug_macro   0x0000107a       0x19 ./src/main.o
 .debug_macro   0x00001093       0x9d ./src/main.o
 .debug_macro   0x00001130      0x1af ./src/main.o
 .debug_macro   0x000012df     0xdf8d ./src/main.o
 .debug_macro   0x0000f26c       0xa0 ./src/main.o
 .debug_macro   0x0000f30c       0x97 ./src/main.o
 .debug_macro   0x0000f3a3       0xe7 ./src/main.o
 .debug_macro   0x0000f48a      0x175 ./src/main.o
 .debug_macro   0x0000f5ff      0x15d ./src/main.o
 .debug_macro   0x0000f75c       0xe4 ./src/main.o
 .debug_macro   0x0000f840       0x10 ./src/main.o
 .debug_macro   0x0000f850       0x1f ./src/main.o
 .debug_macro   0x0000f86f      0x345 ./src/main.o
 .debug_macro   0x0000fbb4       0xc0 ./src/main.o
 .debug_macro   0x0000fc74       0x8c ./src/main.o
 .debug_macro   0x0000fd00       0xb0 ./src/main.o
 .debug_macro   0x0000fdb0       0x7f ./src/main.o
 .debug_macro   0x0000fe2f       0xd2 ./src/main.o
 .debug_macro   0x0000ff01      0x177 ./src/convert.o
 .debug_macro   0x00010078      0x15b ./src/convert.o
 .debug_macro   0x000101d3       0x58 ./src/convert.o
 .debug_macro   0x0001022b       0xcc ./src/convert.o
 .debug_macro   0x000102f7      0x29b ./fatfs/ff.o
 .debug_macro   0x00010592       0x8e ./fatfs/ff.o
 .debug_macro   0x00010620      0x16e ./fatfs/diskio.o
 .debug_macro   0x0001078e       0x10 ./fatfs/diskio.o
 .debug_macro   0x0001079e       0x82 ./fatfs/diskio.o
 .debug_macro   0x00010820       0x54 ./fatfs/ccsbcs.o
 .debug_macro   0x00010874       0xb0 ./bl/clocks_and_modes.o
 .debug_macro   0x00010924      0x17b ./bl/bl.o
 .debug_macro   0x00010a9f     0xdfa2 ./bl/bl.o
 .debug_macro   0x0001ea41      0x157 ./bl/SPI_MSD0_Driver.o
 .debug_macro   0x0001eb98       0xbf ./bl/FlexCAN.o
 .debug_macro   0x0001ec57       0xe9 ./Project_Settings/Startup_Code/system_S32K144.o
 .debug_macro   0x0001ed40       0x10 ./Project_Settings/Startup_Code/system_S32K144.o
 .debug_macro   0x0001ed50       0x73 ./Project_Settings/Startup_Code/system_S32K144.o
 .debug_macro   0x0001edc3      0x978 ./Project_Settings/Startup_Code/system_S32K144.o
 .debug_macro   0x0001f73b       0x22 ./Project_Settings/Startup_Code/system_S32K144.o
 .debug_macro   0x0001f75d       0x22 ./Project_Settings/Startup_Code/system_S32K144.o
 .debug_macro   0x0001f77f       0xea ./Project_Settings/Startup_Code/startup.o
 .debug_macro   0x0001f869      0x179 ./FreeRTOS/portable/MemMang/heap_2.o
 .debug_macro   0x0001f9e2       0x2e ./FreeRTOS/portable/MemMang/heap_2.o
 .debug_macro   0x0001fa10      0x1f5 ./FreeRTOS/portable/GCC/ARM_CM4F/port.o
 .debug_macro   0x0001fc05      0x188 ./FreeRTOS/timers.o
 .debug_macro   0x0001fd8d       0x91 ./FreeRTOS/timers.o
 .debug_macro   0x0001fe1e      0x207 ./FreeRTOS/tasks.o
 .debug_macro   0x00020025       0x16 ./FreeRTOS/tasks.o
 .debug_macro   0x0002003b      0x1cb ./FreeRTOS/queue.o
 .debug_macro   0x00020206      0x14b ./FreeRTOS/list.o

.debug_line     0x00000000     0x8f31
 .debug_line    0x00000000      0x7ac ./src/main.o
 .debug_line    0x000007ac      0x7ad ./src/convert.o
 .debug_line    0x00000f59     0x1363 ./fatfs/ff.o
 .debug_line    0x000022bc      0x37e ./fatfs/diskio.o
 .debug_line    0x0000263a      0x146 ./fatfs/ccsbcs.o
 .debug_line    0x00002780      0x23a ./bl/clocks_and_modes.o
 .debug_line    0x000029ba      0x33c ./bl/bl.o
 .debug_line    0x00002cf6      0x5f7 ./bl/SPI_MSD0_Driver.o
 .debug_line    0x000032ed      0x270 ./bl/FlexCAN.o
 .debug_line    0x0000355d      0x2b0 ./Project_Settings/Startup_Code/system_S32K144.o
 .debug_line    0x0000380d       0x83 ./Project_Settings/Startup_Code/startup_S32K144.o
 .debug_line    0x00003890      0x273 ./Project_Settings/Startup_Code/startup.o
 .debug_line    0x00003b03      0x4cf ./FreeRTOS/portable/MemMang/heap_2.o
 .debug_line    0x00003fd2      0x5ea ./FreeRTOS/portable/GCC/ARM_CM4F/port.o
 .debug_line    0x000045bc      0x716 ./FreeRTOS/timers.o
 .debug_line    0x00004cd2      0xf72 ./FreeRTOS/tasks.o
 .debug_line    0x00005c44      0xb46 ./FreeRTOS/queue.o
 .debug_line    0x0000678a      0x47d ./FreeRTOS/list.o
 .debug_line    0x00006c07       0xda /home/houxd/prog/NXP/S32DS_ARM_v2.0/S32DS/arm_ewl2/lib/armv7e-m/fpu/libc99.a(sprintf.o)
 .debug_line    0x00006ce1       0xde /home/houxd/prog/NXP/S32DS_ARM_v2.0/S32DS/arm_ewl2/lib/armv7e-m/fpu/libc99.a(vprintf.o)
 .debug_line    0x00006dbf      0x10b /home/houxd/prog/NXP/S32DS_ARM_v2.0/S32DS/arm_ewl2/lib/armv7e-m/fpu/libc99.a(vsnprintf.o)
 .debug_line    0x00006eca       0xa4 /home/houxd/prog/NXP/S32DS_ARM_v2.0/S32DS/arm_ewl2/lib/armv7e-m/fpu/libc99.a(exit.o)
 .debug_line    0x00006f6e       0x88 /home/houxd/prog/NXP/S32DS_ARM_v2.0/S32DS/arm_ewl2/lib/armv7e-m/fpu/libc99.a(memcpy.o)
 .debug_line    0x00006ff6       0x8f /home/houxd/prog/NXP/S32DS_ARM_v2.0/S32DS/arm_ewl2/lib/armv7e-m/fpu/libc99.a(memset.o)
 .debug_line    0x00007085       0x7c /home/houxd/prog/NXP/S32DS_ARM_v2.0/S32DS/arm_ewl2/lib/armv7e-m/fpu/libc99.a(strchr.o)
 .debug_line    0x00007101       0x7c /home/houxd/prog/NXP/S32DS_ARM_v2.0/S32DS/arm_ewl2/lib/armv7e-m/fpu/libc99.a(strcmp.o)
 .debug_line    0x0000717d       0x84 /home/houxd/prog/NXP/S32DS_ARM_v2.0/S32DS/arm_ewl2/lib/armv7e-m/fpu/libc99.a(strlen.o)
 .debug_line    0x00007201       0xe9 /home/houxd/prog/NXP/S32DS_ARM_v2.0/S32DS/arm_ewl2/lib/armv7e-m/fpu/libc99.a(fwide.o)
 .debug_line    0x000072ea      0x566 /home/houxd/prog/NXP/S32DS_ARM_v2.0/S32DS/arm_ewl2/lib/armv7e-m/fpu/libc99.a(__printformat.o)
 .debug_line    0x00007850      0x180 /home/houxd/prog/NXP/S32DS_ARM_v2.0/S32DS/arm_ewl2/lib/armv7e-m/fpu/libc99.a(ctype_aeabi.o)
 .debug_line    0x000079d0       0xd1 /home/houxd/prog/NXP/S32DS_ARM_v2.0/S32DS/arm_ewl2/lib/armv7e-m/fpu/libc99.a(secure_error.o)
 .debug_line    0x00007aa1       0xcb /home/houxd/prog/NXP/S32DS_ARM_v2.0/S32DS/arm_ewl2/lib/armv7e-m/fpu/libc99.a(ansi_files.o)
 .debug_line    0x00007b6c      0x188 /home/houxd/prog/NXP/S32DS_ARM_v2.0/S32DS/arm_ewl2/lib/armv7e-m/fpu/libc99.a(fwrite.o)
 .debug_line    0x00007cf4       0x77 /home/houxd/prog/NXP/S32DS_ARM_v2.0/S32DS/arm_ewl2/lib/armv7e-m/fpu/libc99.a(abort.o)
 .debug_line    0x00007d6b      0x16e /home/houxd/prog/NXP/S32DS_ARM_v2.0/S32DS/arm_ewl2/lib/armv7e-m/fpu/libc99.a(mbstowcs_s.o)
 .debug_line    0x00007ed9       0xe1 /home/houxd/prog/NXP/S32DS_ARM_v2.0/S32DS/arm_ewl2/lib/armv7e-m/fpu/libc99.a(wctomb.o)
 .debug_line    0x00007fba       0xb2 /home/houxd/prog/NXP/S32DS_ARM_v2.0/S32DS/arm_ewl2/lib/armv7e-m/fpu/libc99.a(__filll_mem.o)
 .debug_line    0x0000806c       0x93 /home/houxd/prog/NXP/S32DS_ARM_v2.0/S32DS/arm_ewl2/lib/armv7e-m/fpu/libc99.a(memchr.o)
 .debug_line    0x000080ff       0x8f /home/houxd/prog/NXP/S32DS_ARM_v2.0/S32DS/arm_ewl2/lib/armv7e-m/fpu/libc99.a(__memrchr.o)
 .debug_line    0x0000818e       0x7c /home/houxd/prog/NXP/S32DS_ARM_v2.0/S32DS/arm_ewl2/lib/armv7e-m/fpu/libc99.a(strcpy.o)
 .debug_line    0x0000820a       0x8b /home/houxd/prog/NXP/S32DS_ARM_v2.0/S32DS/arm_ewl2/lib/armv7e-m/fpu/libc99.a(strncpy.o)
 .debug_line    0x00008295       0x8a /home/houxd/prog/NXP/S32DS_ARM_v2.0/S32DS/arm_ewl2/lib/armv7e-m/fpu/libc99.a(raise.o)
 .debug_line    0x0000831f       0x8a /home/houxd/prog/NXP/S32DS_ARM_v2.0/S32DS/arm_ewl2/lib/armv7e-m/fpu/libc99.a(signal.o)
 .debug_line    0x000083a9       0xf9 /home/houxd/prog/NXP/S32DS_ARM_v2.0/S32DS/arm_ewl2/lib/armv7e-m/fpu/libc99.a(__buffer_io.o)
 .debug_line    0x000084a2      0x1b1 /home/houxd/prog/NXP/S32DS_ARM_v2.0/S32DS/arm_ewl2/lib/armv7e-m/fpu/libm.a(ansi_fp.o)
 .debug_line    0x00008653      0x177 /home/houxd/prog/NXP/S32DS_ARM_v2.0/S32DS/arm_ewl2/lib/armv7e-m/fpu/libm.a(math_api.o)
 .debug_line    0x000087ca       0xbd /home/houxd/prog/NXP/S32DS_ARM_v2.0/S32DS/arm_ewl2/lib/armv7e-m/fpu/libm.a(s_frexp.o)
 .debug_line    0x00008887       0x74 /home/houxd/prog/NXP/S32DS_ARM_v2.0/S32DS/arm_ewl2/lib/armv7e-m/fpu/librt.a(gcc_ctor_dtor.o)
 .debug_line    0x000088fb      0x11b /home/houxd/prog/NXP/S32DS_ARM_v2.0/S32DS/arm_ewl2/lib/armv7e-m/fpu/librt.a(__arm_eabi_init.o)
 .debug_line    0x00008a16       0x66 /home/houxd/prog/NXP/S32DS_ARM_v2.0/S32DS/arm_ewl2/lib/armv7e-m/fpu/librt.a(cxxabi_terminate_override.o)
 .debug_line    0x00008a7c      0x145 /home/houxd/prog/NXP/S32DS_ARM_v2.0/S32DS/arm_ewl2/lib/armv7e-m/fpu/libhosted.a(semihosted_console_io.o)
 .debug_line    0x00008bc1      0x370 /home/houxd/prog/NXP/S32DS_ARM_v2.0/S32DS/arm_ewl2/lib/armv7e-m/fpu/libhosted.a(semihosted_file_io.o)

.debug_str      0x00000000    0x6ed3a
 .debug_str     0x00000000    0x64133 ./src/main.o
                              0x64255 (size before relaxing)
 .debug_str     0x00064133      0x292 ./src/convert.o
                               0x5721 (size before relaxing)
 .debug_str     0x000643c5      0xcd6 ./fatfs/ff.o
                               0x3ec4 (size before relaxing)
 .debug_str     0x0006509b      0x2d7 ./fatfs/diskio.o
                              0x5e9ea (size before relaxing)
 .debug_str     0x00065372       0x47 ./fatfs/ccsbcs.o
                               0x2fc5 (size before relaxing)
 .debug_str     0x000653b9      0x113 ./bl/clocks_and_modes.o
                              0x5ddef (size before relaxing)
 .debug_str     0x000654cc      0x17d ./bl/bl.o
                              0x5e5e0 (size before relaxing)
 .debug_str     0x00065649      0x1f0 ./bl/SPI_MSD0_Driver.o
                              0x5e915 (size before relaxing)
 .debug_str     0x00065839      0x1ac ./bl/FlexCAN.o
                              0x5ecee (size before relaxing)
 .debug_str     0x000659e5     0x47dd ./Project_Settings/Startup_Code/system_S32K144.o
                              0x62585 (size before relaxing)
 .debug_str     0x0006a1c2      0x120 ./Project_Settings/Startup_Code/startup.o
                              0x624bc (size before relaxing)
 .debug_str     0x0006a2e2      0x44e ./FreeRTOS/portable/MemMang/heap_2.o
                               0x7b0d (size before relaxing)
 .debug_str     0x0006a730      0x83a ./FreeRTOS/portable/GCC/ARM_CM4F/port.o
                               0x7f22 (size before relaxing)
 .debug_str     0x0006af6a      0xcb2 ./FreeRTOS/timers.o
                               0x8f26 (size before relaxing)
 .debug_str     0x0006bc1c     0x10e3 ./FreeRTOS/tasks.o
                               0x9230 (size before relaxing)
 .debug_str     0x0006ccff      0x5aa ./FreeRTOS/queue.o
                               0x898b (size before relaxing)
 .debug_str     0x0006d2a9       0x9c ./FreeRTOS/list.o
                               0x72c4 (size before relaxing)