Archive member included because of file (symbol)

/home/houxd/prog/NXP/S32DS_ARM_v2.0/S32DS/arm_ewl2/lib/armv7e-m/fpu/libc99.a(snprintf.o)
                              ./src/main.o (snprintf)
/home/houxd/prog/NXP/S32DS_ARM_v2.0/S32DS/arm_ewl2/lib/armv7e-m/fpu/libc99.a(sprintf.o)
                              ./bl/SPI_MSD0_Driver.o (sprintf)
/home/houxd/prog/NXP/S32DS_ARM_v2.0/S32DS/arm_ewl2/lib/armv7e-m/fpu/libc99.a(sscanf.o)
                              ./src/main.o (sscanf)
/home/houxd/prog/NXP/S32DS_ARM_v2.0/S32DS/arm_ewl2/lib/armv7e-m/fpu/libc99.a(vprintf.o)
                              ./src/main.o (vprintf)
/home/houxd/prog/NXP/S32DS_ARM_v2.0/S32DS/arm_ewl2/lib/armv7e-m/fpu/libc99.a(vsnprintf.o)
                              /home/houxd/prog/NXP/S32DS_ARM_v2.0/S32DS/arm_ewl2/lib/armv7e-m/fpu/libc99.a(snprintf.o) (vsnprintf)
/home/houxd/prog/NXP/S32DS_ARM_v2.0/S32DS/arm_ewl2/lib/armv7e-m/fpu/libc99.a(vsscanf.o)
                              /home/houxd/prog/NXP/S32DS_ARM_v2.0/S32DS/arm_ewl2/lib/armv7e-m/fpu/libc99.a(sscanf.o) (vsscanf)
/home/houxd/prog/NXP/S32DS_ARM_v2.0/S32DS/arm_ewl2/lib/armv7e-m/fpu/libc99.a(exit.o)
                              /home/houxd/prog/NXP/S32DS_ARM_v2.0/S32DS/arm_ewl2/lib/armv7e-m/fpu/__arm_start-hosted.o (exit)
/home/houxd/prog/NXP/S32DS_ARM_v2.0/S32DS/arm_ewl2/lib/armv7e-m/fpu/libc99.a(memcpy.o)
                              ./src/convert.o (memcpy)
/home/houxd/prog/NXP/S32DS_ARM_v2.0/S32DS/arm_ewl2/lib/armv7e-m/fpu/libc99.a(memset.o)
                              /home/houxd/prog/NXP/S32DS_ARM_v2.0/S32DS/arm_ewl2/lib/armv7e-m/fpu/__arm_start-hosted.o (memset)
/home/houxd/prog/NXP/S32DS_ARM_v2.0/S32DS/arm_ewl2/lib/armv7e-m/fpu/libc99.a(strchr.o)
                              ./src/convert.o (strchr)
/home/houxd/prog/NXP/S32DS_ARM_v2.0/S32DS/arm_ewl2/lib/armv7e-m/fpu/libc99.a(strcmp.o)
                              ./src/main.o (strcmp)
/home/houxd/prog/NXP/S32DS_ARM_v2.0/S32DS/arm_ewl2/lib/armv7e-m/fpu/libc99.a(strcpy.o)
                              ./src/main.o (strcpy)
/home/houxd/prog/NXP/S32DS_ARM_v2.0/S32DS/arm_ewl2/lib/armv7e-m/fpu/libc99.a(strlen.o)
                              ./src/main.o (strlen)
/home/houxd/prog/NXP/S32DS_ARM_v2.0/S32DS/arm_ewl2/lib/armv7e-m/fpu/libc99.a(strspn.o)
                              ./src/main.o (strspn)
/home/houxd/prog/NXP/S32DS_ARM_v2.0/S32DS/arm_ewl2/lib/armv7e-m/fpu/libc99.a(fgetwc.o)
                              /home/houxd/prog/NXP/S32DS_ARM_v2.0/S32DS/arm_ewl2/lib/armv7e-m/fpu/libc99.a(snprintf.o) (getwc)
/home/houxd/prog/NXP/S32DS_ARM_v2.0/S32DS/arm_ewl2/lib/armv7e-m/fpu/libc99.a(fwide.o)
                              /home/houxd/prog/NXP/S32DS_ARM_v2.0/S32DS/arm_ewl2/lib/armv7e-m/fpu/libc99.a(vprintf.o) (fwide)
/home/houxd/prog/NXP/S32DS_ARM_v2.0/S32DS/arm_ewl2/lib/armv7e-m/fpu/libc99.a(__wgetchar.o)
                              /home/houxd/prog/NXP/S32DS_ARM_v2.0/S32DS/arm_ewl2/lib/armv7e-m/fpu/libc99.a(fgetwc.o) (__fgetwc)
/home/houxd/prog/NXP/S32DS_ARM_v2.0/S32DS/arm_ewl2/lib/armv7e-m/fpu/libc99.a(__printformat.o)
                              /home/houxd/prog/NXP/S32DS_ARM_v2.0/S32DS/arm_ewl2/lib/armv7e-m/fpu/libc99.a(vprintf.o) (__pformatter)
/home/houxd/prog/NXP/S32DS_ARM_v2.0/S32DS/arm_ewl2/lib/armv7e-m/fpu/libc99.a(__scanformat.o)
                              /home/houxd/prog/NXP/S32DS_ARM_v2.0/S32DS/arm_ewl2/lib/armv7e-m/fpu/libc99.a(vsscanf.o) (__sformatter)
/home/houxd/prog/NXP/S32DS_ARM_v2.0/S32DS/arm_ewl2/lib/armv7e-m/fpu/libc99.a(ctype_aeabi.o)
                              /home/houxd/prog/NXP/S32DS_ARM_v2.0/S32DS/arm_ewl2/lib/armv7e-m/fpu/libc99.a(__scanformat.o) (isspace)
/home/houxd/prog/NXP/S32DS_ARM_v2.0/S32DS/arm_ewl2/lib/armv7e-m/fpu/libc99.a(secure_error.o)
                              /home/houxd/prog/NXP/S32DS_ARM_v2.0/S32DS/arm_ewl2/lib/armv7e-m/fpu/libc99.a(__printformat.o) (__ewl_runtime_constraint_violation_s)
/home/houxd/prog/NXP/S32DS_ARM_v2.0/S32DS/arm_ewl2/lib/armv7e-m/fpu/libc99.a(ansi_files.o)
                              /home/houxd/prog/NXP/S32DS_ARM_v2.0/S32DS/arm_ewl2/lib/armv7e-m/fpu/libc99.a(snprintf.o) (__files)
/home/houxd/prog/NXP/S32DS_ARM_v2.0/S32DS/arm_ewl2/lib/armv7e-m/fpu/libc99.a(fflush.o)
                              /home/houxd/prog/NXP/S32DS_ARM_v2.0/S32DS/arm_ewl2/lib/armv7e-m/fpu/libc99.a(ansi_files.o) (fflush)
/home/houxd/prog/NXP/S32DS_ARM_v2.0/S32DS/arm_ewl2/lib/armv7e-m/fpu/libc99.a(fread.o)
                              /home/houxd/prog/NXP/S32DS_ARM_v2.0/S32DS/arm_ewl2/lib/armv7e-m/fpu/libc99.a(__wgetchar.o) (__fread)
/home/houxd/prog/NXP/S32DS_ARM_v2.0/S32DS/arm_ewl2/lib/armv7e-m/fpu/libc99.a(fwrite.o)
                              /home/houxd/prog/NXP/S32DS_ARM_v2.0/S32DS/arm_ewl2/lib/armv7e-m/fpu/libc99.a(vprintf.o) (__FileWrite)
/home/houxd/prog/NXP/S32DS_ARM_v2.0/S32DS/arm_ewl2/lib/armv7e-m/fpu/libc99.a(__strtold.o)
[...]
Memory Configuration

Name             Origin             Length             Attributes
m_interrupts     0x00000000         0x00000400         xr
m_flash_config   0x00000400         0x00000010         xr
m_text           0x00000410         0x0007fbf0         xr
m_data           0x1fff8000         0x00008000         rw
m_data_2         0x20000000         0x00007000         rw
*default*        0x00000000         0xffffffff

Linker script and memory map

LOAD /home/houxd/prog/NXP/S32DS_ARM_v2.0/S32DS/arm_ewl2/lib/armv7e-m/fpu/__arm_start-hosted.o
LOAD ./src/main.o
LOAD ./src/convert.o
LOAD ./fatfs/unicode.o
LOAD ./fatfs/ff.o
LOAD ./fatfs/diskio.o
LOAD ./fatfs/ccsbcs.o
LOAD ./bl/clocks_and_modes.o
LOAD ./bl/bl.o
LOAD ./bl/SPI_MSD0_Driver.o
LOAD ./bl/LPUART.o
LOAD ./bl/FlexCAN.o
LOAD ./Project_Settings/Startup_Code/system_S32K144.o
LOAD ./Project_Settings/Startup_Code/startup_S32K144.o
LOAD ./Project_Settings/Startup_Code/startup.o
LOAD ./FreeRTOS/portable/MemMang/heap_2.o
LOAD ./FreeRTOS/portable/GCC/ARM_CM4F/port.o
LOAD ./FreeRTOS/timers.o
LOAD ./FreeRTOS/tasks.o
LOAD ./FreeRTOS/queue.o
LOAD ./FreeRTOS/list.o
LOAD ./FreeRTOS/event_groups.o
LOAD ./FreeRTOS/croutine.o
LOAD /home/houxd/prog/NXP/S32DS_ARM_v2.0/S32DS/arm_ewl2/lib/armv7e-m/fpu/libstdc++.a
LOAD /home/houxd/prog/NXP/S32DS_ARM_v2.0/S32DS/arm_ewl2/lib/armv7e-m/fpu/libm.a
START GROUP
LOAD /home/houxd/prog/NXP/S32DS_ARM_v2.0/S32DS/arm_ewl2/lib/armv7e-m/fpu/libc99.a
LOAD /home/houxd/prog/NXP/S32DS_ARM_v2.0/S32DS/arm_ewl2/lib/armv7e-m/fpu/libstdc++.a
LOAD /home/houxd/prog/NXP/S32DS_ARM_v2.0/S32DS/arm_ewl2/lib/armv7e-m/fpu/libm.a
LOAD /home/houxd/prog/NXP/S32DS_ARM_v2.0/Cross_Tools/gcc-arm-none-eabi-4_9/bin/../lib/gcc/arm-none-eabi/4.9.3/armv7e-m/fpu/libgcc.a
LOAD /home/houxd/prog/NXP/S32DS_ARM_v2.0/S32DS/arm_ewl2/lib/armv7e-m/fpu/librt.a
LOAD /home/houxd/prog/NXP/S32DS_ARM_v2.0/S32DS/arm_ewl2/lib/armv7e-m/fpu/libsupc++.a
LOAD /home/houxd/prog/NXP/S32DS_ARM_v2.0/S32DS/arm_ewl2/lib/armv7e-m/fpu/libhosted.a
END GROUP
LOAD /home/houxd/prog/NXP/S32DS_ARM_v2.0/S32DS/arm_ewl2/lib/armv7e-m/fpu/__arm_end-hosted.o
                0x00000400                HEAP_SIZE = DEFINED (__heap_size__)?__heap_size__:0x400
                0x00000400                STACK_SIZE = DEFINED (__stack_size__)?__stack_size__:0x400
                0x00000400                M_VECTOR_RAM_SIZE = DEFINED (__flash_vector_table__)?0x0:0x400

.interrupts     0x00000000      0x400
                0x00000000                __VECTOR_TABLE = .
                0x00000000                . = ALIGN (0x4)
 *(.isr_vector)
 .isr_vector    0x00000000      0x400 ./Project_Settings/Startup_Code/startup_S32K144.o
                0x00000000                __isr_vector
                0x00000400                . = ALIGN (0x4)

.flash_config   0x00000400       0x10
                0x00000400                . = ALIGN (0x4)
 *(.FlashConfig)
 .FlashConfig   0x00000400       0x10 ./Project_Settings/Startup_Code/startup_S32K144.o
                0x00000410                . = ALIGN (0x4)

.text           0x00000410     0x6058
                0x00000410                . = ALIGN (0x4)
 *(.text)
 .text          0x00000410       0x44 ./Project_Settings/Startup_Code/startup_S32K144.o
                0x00000410                Reset_Handler
                0x00000450                Reserved54_IRQHandler
                0x00000450                DebugMon_Handler
                0x00000450                Reserved88_IRQHandler
                0x00000450                CAN0_ORed_IRQHandler
                0x00000450                HardFault_Handler
                0x00000450                Reserved86_IRQHandler
                0x00000450                Reserved103_IRQHandler
                0x00000450                FTM2_Ovf_Reload_IRQHandler
                0x00000450                Reserved50_IRQHandler
                0x00000450                FTFC_Fault_IRQHandler
                0x00000450                FTM0_Ch6_Ch7_IRQHandler
                0x00000450                Reserved114_IRQHandler
                0x00000450                NMI_Handler
                0x00000450                Reserved89_IRQHandler
                0x00000450                ERM_double_fault_IRQHandler
                0x00000450                DMA2_IRQHandler
                0x00000450                Reserved59_IRQHandler
                0x00000450                LPIT0_Ch0_IRQHandler
                0x00000450                Reserved99_IRQHandler
                0x00000450                FTM3_Ch6_Ch7_IRQHandler
                0x00000450                CAN2_ORed_0_15_MB_IRQHandler
                0x00000450                LPIT0_Ch3_IRQHandler
                0x00000450                Reserved92_IRQHandler
                0x00000450                FTM0_Ch4_Ch5_IRQHandler
                0x00000450                CAN1_Error_IRQHandler
                0x00000450                FTM3_Ch0_Ch1_IRQHandler
                0x00000450                SWI_IRQHandler
                0x00000450                ADC0_IRQHandler
                0x00000450                FTM2_Ch4_Ch5_IRQHandler
                0x00000450                UsageFault_Handler
                0x00000450                FTM0_Ovf_Reload_IRQHandler
                0x00000450                DefaultISR
                0x00000450                DMA9_IRQHandler
                0x00000450                Reserved58_IRQHandler
                0x00000450                CAN1_ORed_0_15_MB_IRQHandler
                0x00000450                FTM1_Ch2_Ch3_IRQHandler
                0x00000450                DMA14_IRQHandler
                0x00000450                Reserved82_IRQHandler
                0x00000450                CAN0_ORed_16_31_MB_IRQHandler
                0x00000450                LPI2C0_Slave_IRQHandler
                0x00000450                Reserved71_IRQHandler
                0x00000450                PORTD_IRQHandler
                0x00000450                Reserved69_IRQHandler
                0x00000450                PORTB_IRQHandler
                0x00000450                Reserved70_IRQHandler
                0x00000450                ADC1_IRQHandler
                0x00000450                FTM2_Ch2_Ch3_IRQHandler
                0x00000450                Reserved53_IRQHandler
                0x00000450                DMA5_IRQHandler
                0x00000450                RTC_IRQHandler
                0x00000450                PDB0_IRQHandler
                0x00000450                FTM2_Ch6_Ch7_IRQHandler
                0x00000450                FTM3_Ch2_Ch3_IRQHandler
                0x00000450                FTM2_Ch0_Ch1_IRQHandler
                0x00000450                LPSPI1_IRQHandler
                0x00000450                RTC_Seconds_IRQHandler
                0x00000450                CAN2_ORed_IRQHandler
                0x00000450                Reserved72_IRQHandler
                0x00000450                Reserved110_IRQHandler
                0x00000450                DMA11_IRQHandler
                0x00000450                Reserved107_IRQHandler
                0x00000450                Read_Collision_IRQHandler
                0x00000450                CAN2_Error_IRQHandler
                0x00000450                FTFC_IRQHandler
                0x00000450                DMA7_IRQHandler
                0x00000450                FTM1_Ch6_Ch7_IRQHandler
                0x00000450                Reserved105_IRQHandler
                0x00000450                LPIT0_Ch1_IRQHandler
                0x00000450                FTM1_Ch4_Ch5_IRQHandler
                0x00000450                FTM3_Ovf_Reload_IRQHandler
                0x00000450                LPSPI0_IRQHandler
                0x00000450                WDOG_EWM_IRQHandler
                0x00000450                MemManage_Handler
                0x00000450                Reserved90_IRQHandler
                0x00000450                Reserved83_IRQHandler
                0x00000450                FTM0_Fault_IRQHandler
                0x00000450                Reserved48_IRQHandler
                0x00000450                ERM_single_fault_IRQHandler
                0x00000450                FTM2_Fault_IRQHandler
                0x00000450                FTM0_Ch2_Ch3_IRQHandler
                0x00000450                DMA13_IRQHandler
                0x00000450                FTM0_Ch0_Ch1_IRQHandler
                0x00000450                FTM3_Fault_IRQHandler
                0x00000450                RCM_IRQHandler
                0x00000450                DMA3_IRQHandler
                0x00000450                Reserved100_IRQHandler
                0x00000450                DMA0_IRQHandler
                0x00000450                Reserved91_IRQHandler
                0x00000450                CAN1_ORed_IRQHandler
                0x00000450                DMA15_IRQHandler
                0x00000450                SCG_IRQHandler
                0x00000450                PDB1_IRQHandler
                0x00000450                Reserved81_IRQHandler
                0x00000450                Reserved46_IRQHandler
                0x00000450                Reserved45_IRQHandler
                0x00000450                CAN0_Error_IRQHandler
                0x00000450                Reserved112_IRQHandler
                0x00000450                LPI2C0_Master_IRQHandler
                0x00000450                DMA4_IRQHandler
                0x00000450                FTM1_Fault_IRQHandler
                0x00000450                Reserved106_IRQHandler
                0x00000450                DMA_Error_IRQHandler
                0x00000450                LVD_LVW_IRQHandler
                0x00000450                LPIT0_Ch2_IRQHandler
                0x00000450                PORTA_IRQHandler
                0x00000450                MCM_IRQHandler
                0x00000450                LPSPI2_IRQHandler
                0x00000450                DMA12_IRQHandler
                0x00000450                FTM3_Ch4_Ch5_IRQHandler
                0x00000450                CAN0_ORed_0_15_MB_IRQHandler
                0x00000450                PORTE_IRQHandler
                0x00000450                LPTMR0_IRQHandler
                0x00000450                BusFault_Handler
                0x00000450                Reserved87_IRQHandler
                0x00000450                FTM1_Ovf_Reload_IRQHandler
                0x00000450                DMA8_IRQHandler
                0x00000450                Reserved93_IRQHandler
                0x00000450                DMA10_IRQHandler
                0x00000450                CAN0_Wake_Up_IRQHandler
                0x00000450                CMP0_IRQHandler
                0x00000450                Reserved52_IRQHandler
                0x00000450                PORTC_IRQHandler
                0x00000450                DMA6_IRQHandler
                0x00000450                FTM1_Ch0_Ch1_IRQHandler
                0x00000450                FLEXIO_IRQHandler
                0x00000450                DMA1_IRQHandler
                0x00000450                Reserved113_IRQHandler
 .text          0x00000454      0x370 /home/houxd/prog/NXP/S32DS_ARM_v2.0/Cross_Tools/gcc-arm-none-eabi-4_9/bin/../lib/gcc/arm-none-eabi/4.9.3/armv7e-m/fpu/libgcc.a(_arm_addsubdf3.o)
                0x00000454                __aeabi_drsub
                0x0000045c                __aeabi_dsub
                0x0000045c                __subdf3
                0x00000460                __adddf3
                0x00000460                __aeabi_dadd
                0x000006d8                __aeabi_ui2d
                0x000006d8                __floatunsidf
                0x000006f8                __floatsidf
                0x000006f8                __aeabi_i2d
                0x0000071c                __extendsfdf2
                0x0000071c                __aeabi_f2d
                0x00000758                __aeabi_ul2d
                0x00000758                __floatundidf
                0x00000768                __floatdidf
                0x00000768                __aeabi_l2d
 .text          0x000007c4      0x424 /home/houxd/prog/NXP/S32DS_ARM_v2.0/Cross_Tools/gcc-arm-none-eabi-4_9/bin/../lib/gcc/arm-none-eabi/4.9.3/armv7e-m/fpu/libgcc.a(_arm_muldivdf3.o)
                0x000007c4                __aeabi_dmul
                0x000007c4                __muldf3
                0x00000a18                __aeabi_ddiv
                0x00000a18                __divdf3
 .text          0x00000be8      0x110 /home/houxd/prog/NXP/S32DS_ARM_v2.0/Cross_Tools/gcc-arm-none-eabi-4_9/bin/../lib/gcc/arm-none-eabi/4.9.3/armv7e-m/fpu/libgcc.a(_arm_cmpdf2.o)
                0x00000be8                __gtdf2
                0x00000be8                __gedf2
                0x00000bf0                __ltdf2
                0x00000bf0                __ledf2
                0x00000bf8                __cmpdf2
                0x00000bf8                __eqdf2
                0x00000bf8                __nedf2
                0x00000c74                __aeabi_cdrcmple
                0x00000c84                __aeabi_cdcmple
                0x00000c84                __aeabi_cdcmpeq
                0x00000c94                __aeabi_dcmpeq
                0x00000ca8                __aeabi_dcmplt
                0x00000cbc                __aeabi_dcmple
                0x00000cd0                __aeabi_dcmpge
                0x00000ce4                __aeabi_dcmpgt
 .text          0x00000cf8       0x50 /home/houxd/prog/NXP/S32DS_ARM_v2.0/Cross_Tools/gcc-arm-none-eabi-4_9/bin/../lib/gcc/arm-none-eabi/4.9.3/armv7e-m/fpu/libgcc.a(_arm_fixdfsi.o)
                0x00000cf8                __fixdfsi
                0x00000cf8                __aeabi_d2iz
 .text          0x00000d48       0x30 /home/houxd/prog/NXP/S32DS_ARM_v2.0/Cross_Tools/gcc-arm-none-eabi-4_9/bin/../lib/gcc/arm-none-eabi/4.9.3/armv7e-m/fpu/libgcc.a(_aeabi_uldivmod.o)
                0x00000d48                __aeabi_uldivmod
 .text          0x00000d78       0x60 /home/houxd/prog/NXP/S32DS_ARM_v2.0/Cross_Tools/gcc-arm-none-eabi-4_9/bin/../lib/gcc/arm-none-eabi/4.9.3/armv7e-m/fpu/libgcc.a(bpabi.o)
                0x00000d78                __gnu_ldivmod_helper
                0x00000da8                __gnu_uldivmod_helper
 .text          0x00000dd8        0x4 /home/houxd/prog/NXP/S32DS_ARM_v2.0/Cross_Tools/gcc-arm-none-eabi-4_9/bin/../lib/gcc/arm-none-eabi/4.9.3/armv7e-m/fpu/libgcc.a(_dvmd_tls.o)
                0x00000dd8                __aeabi_ldiv0
                0x00000dd8                __aeabi_idiv0
 .text          0x00000ddc      0x29c /home/houxd/prog/NXP/S32DS_ARM_v2.0/Cross_Tools/gcc-arm-none-eabi-4_9/bin/../lib/gcc/arm-none-eabi/4.9.3/armv7e-m/fpu/libgcc.a(_divdi3.o)
                0x00000ddc                __divdi3
 .text          0x00001078      0x26c /home/houxd/prog/NXP/S32DS_ARM_v2.0/Cross_Tools/gcc-arm-none-eabi-4_9/bin/../lib/gcc/arm-none-eabi/4.9.3/armv7e-m/fpu/libgcc.a(_udivdi3.o)
                0x00001078                __udivdi3
 *(.text*)
 .text.init_printf_mutex
                0x000012e4       0x30 ./src/main.o
                0x000012e4                init_printf_mutex
 .text.os_printf
                0x00001314       0x48 ./src/main.o
                0x00001314                os_printf
 .text.os_sleep_ms
                0x0000135c       0x18 ./src/main.o
                0x0000135c                os_sleep_ms
 .text.UartRxIRQHandler
                0x00001374       0x58 ./src/main.o
                0x00001374                UartRxIRQHandler
 .text.nic_io_init
                0x000013cc       0x70 ./src/main.o
                0x000013cc                nic_io_init
 .text.test_rtc
                0x0000143c       0x20 ./src/main.o
                0x0000143c                test_rtc
 .text.mainTask
                0x0000145c       0x5c ./src/main.o
                0x0000145c                mainTask
 .text.main     0x000014b8       0xe4 ./src/main.o
                0x000014b8                main
 .text.vApplicationStackOverflowHook
                0x0000159c       0x1c ./src/main.o
                0x0000159c                vApplicationStackOverflowHook
 .text.vApplicationMallocFailedHook
                0x000015b8       0x10 ./src/main.o
                0x000015b8                vApplicationMallocFailedHook
 .text.SOSC_init_8MHz
                0x000015c8       0x4c ./bl/clocks_and_modes.o
                0x000015c8                SOSC_init_8MHz
 .text.SPLL_init_160MHz
                0x00001614       0x64 ./bl/clocks_and_modes.o
                0x00001614                SPLL_init_160MHz
 .text.NormalRUNmode_80MHz
                0x00001678       0x2c ./bl/clocks_and_modes.o
                0x00001678                NormalRUNmode_80MHz
 .text.WDOG_disable
                0x000016a4       0x2c ./bl/bl.o
                0x000016a4                WDOG_disable
 .text.NVIC_init_IRQs
                0x000016d0       0x58 ./bl/bl.o
                0x000016d0                NVIC_init_IRQs
 .text.PORT_init
                0x00001728      0x204 ./bl/bl.o
                0x00001728                PORT_init
 .text.get_tick_count
                0x0000192c       0x18 ./bl/bl.o
                0x0000192c                get_tick_count
 .text.vApplicationTickHook
                0x00001944       0x1c ./bl/bl.o
                0x00001944                vApplicationTickHook
 .text.MSD0_SPIHighSpeed
                0x00001960       0x38 ./bl/SPI_MSD0_Driver.o
                0x00001960                MSD0_SPIHighSpeed
 .text.LPSPI0_init_master
                0x00001998       0xa8 ./bl/SPI_MSD0_Driver.o
                0x00001998                LPSPI0_init_master
 .text.LPUART_init
                0x00001a40      0x120 ./bl/LPUART.o
                0x00001a40                LPUART_init
 .text.LPUART0_RxTx_IRQHandler
                0x00001b60       0x20 ./bl/LPUART.o
                0x00001b60                LPUART0_RxTx_IRQHandler
 .text.LPUART1_RxTx_IRQHandler
                0x00001b80       0x20 ./bl/LPUART.o
                0x00001b80                LPUART1_RxTx_IRQHandler
 .text.LPUART2_RxTx_IRQHandler
                0x00001ba0       0x20 ./bl/LPUART.o
                0x00001ba0                LPUART2_RxTx_IRQHandler
 .text.FLEXCAN_init
                0x00001bc0      0x150 ./bl/FlexCAN.o
                0x00001bc0                FLEXCAN_init
 .text.SystemInit
                0x00001d10       0x58 ./Project_Settings/Startup_Code/system_S32K144.o
                0x00001d10                SystemInit
 .text.init_data_bss
                0x00001d68       0xf4 ./Project_Settings/Startup_Code/startup.o
                0x00001d68                init_data_bss
 .text.pvPortMalloc
                0x00001e5c      0x124 ./FreeRTOS/portable/MemMang/heap_2.o
                0x00001e5c                pvPortMalloc
 .text.vPortFree
                0x00001f80       0x70 ./FreeRTOS/portable/MemMang/heap_2.o
                0x00001f80                vPortFree
 .text.prvHeapInit
                0x00001ff0       0x50 ./FreeRTOS/portable/MemMang/heap_2.o
 .text.pxPortInitialiseStack
                0x00002040       0x64 ./FreeRTOS/portable/GCC/ARM_CM4F/port.o
                0x00002040                pxPortInitialiseStack
 .text.prvTaskExitError
                0x000020a4       0x3c ./FreeRTOS/portable/GCC/ARM_CM4F/port.o
 .text.SVC_Handler
                0x000020e0       0x20 ./FreeRTOS/portable/GCC/ARM_CM4F/port.o
                0x000020e0                SVC_Handler
 .text.prvPortStartFirstTask
                0x00002100       0x20 ./FreeRTOS/portable/GCC/ARM_CM4F/port.o
 .text.xPortStartScheduler
                0x00002120      0x118 ./FreeRTOS/portable/GCC/ARM_CM4F/port.o
                0x00002120                xPortStartScheduler
 .text.vPortEnterCritical
                0x00002238       0x5c ./FreeRTOS/portable/GCC/ARM_CM4F/port.o
                0x00002238                vPortEnterCritical
 .text.vPortExitCritical
                0x00002294       0x4c ./FreeRTOS/portable/GCC/ARM_CM4F/port.o
                0x00002294                vPortExitCritical
 .text.PendSV_Handler
                0x000022e0       0x60 ./FreeRTOS/portable/GCC/ARM_CM4F/port.o
                0x000022e0                PendSV_Handler
 .text.SysTick_Handler
                0x00002340       0x44 ./FreeRTOS/portable/GCC/ARM_CM4F/port.o
                0x00002340                SysTick_Handler
 .text.vPortSetupTimerInterrupt
                0x00002384       0x24 ./FreeRTOS/portable/GCC/ARM_CM4F/port.o
                0x00002384                vPortSetupTimerInterrupt
 .text.vPortEnableVFP
                0x000023a8       0x14 ./FreeRTOS/portable/GCC/ARM_CM4F/port.o
 .text.vPortValidateInterruptPriority
                0x000023bc       0x78 ./FreeRTOS/portable/GCC/ARM_CM4F/port.o
                0x000023bc                vPortValidateInterruptPriority
 .text.xTimerCreateTimerTask
                0x00002434       0x64 ./FreeRTOS/timers.o
                0x00002434                xTimerCreateTimerTask
 .text.xTimerGenericCommand
                0x00002498       0x8c ./FreeRTOS/timers.o
                0x00002498                xTimerGenericCommand
 .text.prvProcessExpiredTimer
                0x00002524       0x80 ./FreeRTOS/timers.o
 .text.prvTimerTask
                0x000025a4       0x24 ./FreeRTOS/timers.o
 .text.prvProcessTimerOrBlockTask
                0x000025c8       0x80 ./FreeRTOS/timers.o
 .text.prvGetNextExpireTime
                0x00002648       0x48 ./FreeRTOS/timers.o
 .text.prvSampleTimeNow
                0x00002690       0x40 ./FreeRTOS/timers.o
 .text.prvInsertTimerInActiveList
                0x000026d0       0x84 ./FreeRTOS/timers.o
 .text.prvProcessReceivedCommands
                0x00002754      0x160 ./FreeRTOS/timers.o
 .text.prvSwitchTimerLists
                0x000028b4       0xc0 ./FreeRTOS/timers.o
 .text.prvCheckForValidListAndQueue
                0x00002974       0x74 ./FreeRTOS/timers.o
 .text.xTaskGenericCreate
                0x000029e8      0x19c ./FreeRTOS/tasks.o
                0x000029e8                xTaskGenericCreate
 .text.vTaskDelay
                0x00002b84       0xa4 ./FreeRTOS/tasks.o
                0x00002b84                vTaskDelay
 .text.vTaskStartScheduler
                0x00002c28       0x98 ./FreeRTOS/tasks.o
                0x00002c28                vTaskStartScheduler
 .text.vTaskSuspendAll
                0x00002cc0       0x1c ./FreeRTOS/tasks.o
                0x00002cc0                vTaskSuspendAll
 .text.xTaskResumeAll
                0x00002cdc      0x12c ./FreeRTOS/tasks.o
                0x00002cdc                xTaskResumeAll
 .text.xTaskGetTickCount
                0x00002e08       0x20 ./FreeRTOS/tasks.o
                0x00002e08                xTaskGetTickCount
 .text.xTaskIncrementTick
                0x00002e28      0x190 ./FreeRTOS/tasks.o
                0x00002e28                xTaskIncrementTick
 .text.vTaskSwitchContext
                0x00002fb8       0xd0 ./FreeRTOS/tasks.o
                0x00002fb8                vTaskSwitchContext
 .text.vTaskPlaceOnEventList
                0x00003088       0x9c ./FreeRTOS/tasks.o
                0x00003088                vTaskPlaceOnEventList
 .text.vTaskPlaceOnEventListRestricted
                0x00003124       0x9c ./FreeRTOS/tasks.o
                0x00003124                vTaskPlaceOnEventListRestricted
 .text.xTaskRemoveFromEventList
                0x000031c0       0xc8 ./FreeRTOS/tasks.o
                0x000031c0                xTaskRemoveFromEventList
 .text.vTaskSetTimeOutState
                0x00003288       0x44 ./FreeRTOS/tasks.o
                0x00003288                vTaskSetTimeOutState
 .text.xTaskCheckForTimeOut
                0x000032cc       0xbc ./FreeRTOS/tasks.o
                0x000032cc                xTaskCheckForTimeOut
 .text.vTaskMissedYield
                0x00003388       0x18 ./FreeRTOS/tasks.o
                0x00003388                vTaskMissedYield
 .text.prvIdleTask
                0x000033a0       0x30 ./FreeRTOS/tasks.o
 .text.prvInitialiseTCBVariables
                0x000033d0       0xa4 ./FreeRTOS/tasks.o
 .text.prvInitialiseTaskLists
                0x00003474       0x7c ./FreeRTOS/tasks.o
 .text.prvCheckTasksWaitingTermination
                0x000034f0       0x74 ./FreeRTOS/tasks.o
 .text.prvAddCurrentTaskToDelayedList
                0x00003564       0x6c ./FreeRTOS/tasks.o
 .text.prvAllocateTCBAndStack
                0x000035d0       0x70 ./FreeRTOS/tasks.o
 .text.prvDeleteTCB
                0x00003640       0x20 ./FreeRTOS/tasks.o
 .text.prvResetNextTaskUnblockTime
                0x00003660       0x48 ./FreeRTOS/tasks.o
 .text.xTaskGetSchedulerState
                0x000036a8       0x3c ./FreeRTOS/tasks.o
                0x000036a8                xTaskGetSchedulerState
 .text.vTaskPriorityInherit
                0x000036e4       0xf0 ./FreeRTOS/tasks.o
                0x000036e4                vTaskPriorityInherit
 .text.xTaskPriorityDisinherit
                0x000037d4      0x10c ./FreeRTOS/tasks.o
                0x000037d4                xTaskPriorityDisinherit
 .text.pvTaskIncrementMutexHeldCount
                0x000038e0       0x28 ./FreeRTOS/tasks.o
                0x000038e0                pvTaskIncrementMutexHeldCount
 .text.xQueueGenericReset
                0x00003908       0xd0 ./FreeRTOS/queue.o
                0x00003908                xQueueGenericReset
 .text.xQueueGenericCreate
                0x000039d8       0xb0 ./FreeRTOS/queue.o
                0x000039d8                xQueueGenericCreate
 .text.xQueueCreateMutex
                0x00003a88       0x98 ./FreeRTOS/queue.o
                0x00003a88                xQueueCreateMutex
 .text.xQueueGenericSend
                0x00003b20      0x1ec ./FreeRTOS/queue.o
                0x00003b20                xQueueGenericSend
 .text.xQueueGenericSendFromISR
                0x00003d0c      0x118 ./FreeRTOS/queue.o
                0x00003d0c                xQueueGenericSendFromISR
 .text.xQueueGenericReceive
                0x00003e24      0x20c ./FreeRTOS/queue.o
                0x00003e24                xQueueGenericReceive
 .text.prvCopyDataToQueue
                0x00004030       0xdc ./FreeRTOS/queue.o
 .text.prvCopyDataFromQueue
                0x0000410c       0x4c ./FreeRTOS/queue.o
 .text.prvUnlockQueue
                0x00004158       0x98 ./FreeRTOS/queue.o
 .text.prvIsQueueEmpty
                0x000041f0       0x2c ./FreeRTOS/queue.o
 .text.prvIsQueueFull
                0x0000421c       0x30 ./FreeRTOS/queue.o
 .text.vQueueWaitForMessageRestricted
                0x0000424c       0x5c ./FreeRTOS/queue.o
                0x0000424c                vQueueWaitForMessageRestricted
 .text.vListInitialise
                0x000042a8       0x40 ./FreeRTOS/list.o
                0x000042a8                vListInitialise
 .text.vListInitialiseItem
                0x000042e8       0x18 ./FreeRTOS/list.o
                0x000042e8                vListInitialiseItem
 .text.vListInsertEnd
                0x00004300       0x48 ./FreeRTOS/list.o
                0x00004300                vListInsertEnd
 .text.vListInsert
                0x00004348       0x70 ./FreeRTOS/list.o
                0x00004348                vListInsert
 .text.uxListRemove
                0x000043b8       0x54 ./FreeRTOS/list.o
                0x000043b8                uxListRemove
 .text.vprintf  0x0000440c       0x38 /home/houxd/prog/NXP/S32DS_ARM_v2.0/S32DS/arm_ewl2/lib/armv7e-m/fpu/libc99.a(vprintf.o)
                0x0000440c                vprintf
 .text.exit     0x00004444       0x38 /home/houxd/prog/NXP/S32DS_ARM_v2.0/S32DS/arm_ewl2/lib/armv7e-m/fpu/libc99.a(exit.o)
                0x00004444                exit
 .text.memcpy   0x0000447c       0x16 /home/houxd/prog/NXP/S32DS_ARM_v2.0/S32DS/arm_ewl2/lib/armv7e-m/fpu/libc99.a(memcpy.o)
                0x0000447c                memcpy
 .text.memset   0x00004492        0xc /home/houxd/prog/NXP/S32DS_ARM_v2.0/S32DS/arm_ewl2/lib/armv7e-m/fpu/libc99.a(memset.o)
                0x00004492                memset
 .text.strchr   0x0000449e       0x1a /home/houxd/prog/NXP/S32DS_ARM_v2.0/S32DS/arm_ewl2/lib/armv7e-m/fpu/libc99.a(strchr.o)
                0x0000449e                strchr
 .text.strcpy   0x000044b8       0x12 /home/houxd/prog/NXP/S32DS_ARM_v2.0/S32DS/arm_ewl2/lib/armv7e-m/fpu/libc99.a(strcpy.o)
                0x000044b8                strcpy
 .text.strlen   0x000044ca        0xe /home/houxd/prog/NXP/S32DS_ARM_v2.0/S32DS/arm_ewl2/lib/armv7e-m/fpu/libc99.a(strlen.o)
                0x000044ca                strlen
 .text.fwide    0x000044d8       0x34 /home/houxd/prog/NXP/S32DS_ARM_v2.0/S32DS/arm_ewl2/lib/armv7e-m/fpu/libc99.a(fwide.o)
                0x000044d8                fwide
 .text.long2str.isra.0
                0x0000450c      0x19e /home/houxd/prog/NXP/S32DS_ARM_v2.0/S32DS/arm_ewl2/lib/armv7e-m/fpu/libc99.a(__printformat.o)
 .text.longlong2str.isra.1
                0x000046aa      0x20e /home/houxd/prog/NXP/S32DS_ARM_v2.0/S32DS/arm_ewl2/lib/armv7e-m/fpu/libc99.a(__printformat.o)
 .text.double2hex.isra.2
                0x000048b8      0x234 /home/houxd/prog/NXP/S32DS_ARM_v2.0/S32DS/arm_ewl2/lib/armv7e-m/fpu/libc99.a(__printformat.o)
 .text.__pformatter
                0x00004aec      0x9b8 /home/houxd/prog/NXP/S32DS_ARM_v2.0/S32DS/arm_ewl2/lib/armv7e-m/fpu/libc99.a(__printformat.o)
                0x00004aec                __pformatter
 .text.isupper  0x000054a4       0x1c /home/houxd/prog/NXP/S32DS_ARM_v2.0/S32DS/arm_ewl2/lib/armv7e-m/fpu/libc99.a(ctype_aeabi.o)
                0x000054a4                isupper
 .text.__ewl_runtime_constraint_violation_s
                0x000054c0       0x10 /home/houxd/prog/NXP/S32DS_ARM_v2.0/S32DS/arm_ewl2/lib/armv7e-m/fpu/libc99.a(secure_error.o)
                0x000054c0                __ewl_runtime_constraint_violation_s
 .text.__fwrite
                0x000054d0      0x16c /home/houxd/prog/NXP/S32DS_ARM_v2.0/S32DS/arm_ewl2/lib/armv7e-m/fpu/libc99.a(fwrite.o)
                0x000054d0                __fwrite
 .text.__FileWrite
                0x0000563c       0x1a /home/houxd/prog/NXP/S32DS_ARM_v2.0/S32DS/arm_ewl2/lib/armv7e-m/fpu/libc99.a(fwrite.o)
                0x0000563c                __FileWrite
 *fill*         0x00005656        0x2 
 .text.abort    0x00005658       0x24 /home/houxd/prog/NXP/S32DS_ARM_v2.0/S32DS/arm_ewl2/lib/armv7e-m/fpu/libc99.a(abort.o)
                0x00005658                abort
 .text.wcstombs
                0x0000567c       0x42 /home/houxd/prog/NXP/S32DS_ARM_v2.0/S32DS/arm_ewl2/lib/armv7e-m/fpu/libc99.a(mbstowcs_s.o)
                0x0000567c                wcstombs
 .text.__wctomb_noconv
                0x000056be       0x12 /home/houxd/prog/NXP/S32DS_ARM_v2.0/S32DS/arm_ewl2/lib/armv7e-m/fpu/libc99.a(wctomb.o)
                0x000056be                __wctomb_noconv
 .text.wctomb   0x000056d0        0x4 /home/houxd/prog/NXP/S32DS_ARM_v2.0/S32DS/arm_ewl2/lib/armv7e-m/fpu/libc99.a(wctomb.o)
                0x000056d0                wctomb
 .text.__fill_mem
                0x000056d4       0x7a /home/houxd/prog/NXP/S32DS_ARM_v2.0/S32DS/arm_ewl2/lib/armv7e-m/fpu/libc99.a(__filll_mem.o)
                0x000056d4                __fill_mem
 .text.memchr   0x0000574e       0x1c /home/houxd/prog/NXP/S32DS_ARM_v2.0/S32DS/arm_ewl2/lib/armv7e-m/fpu/libc99.a(memchr.o)
                0x0000574e                memchr
 .text.__memrchr
                0x0000576a       0x1c /home/houxd/prog/NXP/S32DS_ARM_v2.0/S32DS/arm_ewl2/lib/armv7e-m/fpu/libc99.a(__memrchr.o)
                0x0000576a                __memrchr
 .text.strncpy  0x00005786       0x26 /home/houxd/prog/NXP/S32DS_ARM_v2.0/S32DS/arm_ewl2/lib/armv7e-m/fpu/libc99.a(strncpy.o)
                0x00005786                strncpy
 .text.raise    0x000057ac       0x38 /home/houxd/prog/NXP/S32DS_ARM_v2.0/S32DS/arm_ewl2/lib/armv7e-m/fpu/libc99.a(raise.o)
                0x000057ac                raise
 .text.__prep_buffer
                0x000057e4       0x16 /home/houxd/prog/NXP/S32DS_ARM_v2.0/S32DS/arm_ewl2/lib/armv7e-m/fpu/libc99.a(__buffer_io.o)
                0x000057e4                __prep_buffer
 .text.__flush_buffer
                0x000057fa       0x34 /home/houxd/prog/NXP/S32DS_ARM_v2.0/S32DS/arm_ewl2/lib/armv7e-m/fpu/libc99.a(__buffer_io.o)
                0x000057fa                __flush_buffer
 *fill*         0x0000582e        0x2 
 .text.__num2dec
                0x00005830      0x220 /home/houxd/prog/NXP/S32DS_ARM_v2.0/S32DS/arm_ewl2/lib/armv7e-m/fpu/libm.a(ansi_fp.o)
                0x00005830                __num2dec
 .text.__round_decimal
                0x00005a50       0x98 /home/houxd/prog/NXP/S32DS_ARM_v2.0/S32DS/arm_ewl2/lib/armv7e-m/fpu/libm.a(ansi_fp.o)
                0x00005a50                __round_decimal
 .text.__signbitd
                0x00005ae8        0x8 /home/houxd/prog/NXP/S32DS_ARM_v2.0/S32DS/arm_ewl2/lib/armv7e-m/fpu/libm.a(math_api.o)
                0x00005ae8                __signbitd
 .text.__fpclassifyd
                0x00005af0       0x44 /home/houxd/prog/NXP/S32DS_ARM_v2.0/S32DS/arm_ewl2/lib/armv7e-m/fpu/libm.a(math_api.o)
                0x00005af0                __fpclassifyd
 .text.frexp    0x00005b34       0x70 /home/houxd/prog/NXP/S32DS_ARM_v2.0/S32DS/arm_ewl2/lib/armv7e-m/fpu/libm.a(s_frexp.o)
                0x00005b34                frexp
 .text.__fini_cpp
                0x00005ba4       0x34 /home/houxd/prog/NXP/S32DS_ARM_v2.0/S32DS/arm_ewl2/lib/armv7e-m/fpu/librt.a(gcc_ctor_dtor.o)
                0x00005ba4                __fini_cpp
 .text._ExitProcess
                0x00005bd8        0x2 /home/houxd/prog/NXP/S32DS_ARM_v2.0/S32DS/arm_ewl2/lib/armv7e-m/fpu/librt.a(gcc_ctor_dtor.o)
                0x00005bd8                _ExitProcess
 *fill*         0x00005bda        0x2 
 .text.__destroy_global_chain
                0x00005bdc       0x18 /home/houxd/prog/NXP/S32DS_ARM_v2.0/S32DS/arm_ewl2/lib/armv7e-m/fpu/librt.a(__arm_eabi_init.o)
                0x00005bdc                __destroy_global_chain
 .text.sys_writec
                0x00005bf4        0xe /home/houxd/prog/NXP/S32DS_ARM_v2.0/S32DS/arm_ewl2/lib/armv7e-m/fpu/libhosted.a(semihosted_console_io.o)
                0x00005bf4                sys_writec
 .text.sys_readc
                0x00005c02       0x10 /home/houxd/prog/NXP/S32DS_ARM_v2.0/S32DS/arm_ewl2/lib/armv7e-m/fpu/libhosted.a(semihosted_console_io.o)
                0x00005c02                sys_readc
 .text.__read_console
                0x00005c12       0x1a /home/houxd/prog/NXP/S32DS_ARM_v2.0/S32DS/arm_ewl2/lib/armv7e-m/fpu/libhosted.a(semihosted_console_io.o)
                0x00005c12                __read_console
 .text.__write_console
                0x00005c2c       0x18 /home/houxd/prog/NXP/S32DS_ARM_v2.0/S32DS/arm_ewl2/lib/armv7e-m/fpu/libhosted.a(semihosted_console_io.o)
                0x00005c2c                __write_console
 .text.__close_console
                0x00005c44        0x4 /home/houxd/prog/NXP/S32DS_ARM_v2.0/S32DS/arm_ewl2/lib/armv7e-m/fpu/libhosted.a(semihosted_console_io.o)
                0x00005c44                __close_console
 .text.sys_write
                0x00005c48        0xe /home/houxd/prog/NXP/S32DS_ARM_v2.0/S32DS/arm_ewl2/lib/armv7e-m/fpu/libhosted.a(semihosted_file_io.o)
                0x00005c48                sys_write
 .text.__write_file
                0x00005c56       0x1e /home/houxd/prog/NXP/S32DS_ARM_v2.0/S32DS/arm_ewl2/lib/armv7e-m/fpu/libhosted.a(semihosted_file_io.o)
                0x00005c56                __write_file
 .text.sys_read
                0x00005c74        0xe /home/houxd/prog/NXP/S32DS_ARM_v2.0/S32DS/arm_ewl2/lib/armv7e-m/fpu/libhosted.a(semihosted_file_io.o)
                0x00005c74                sys_read
 .text.__read_file
                0x00005c82       0x34 /home/houxd/prog/NXP/S32DS_ARM_v2.0/S32DS/arm_ewl2/lib/armv7e-m/fpu/libhosted.a(semihosted_file_io.o)
                0x00005c82                __read_file
 *(.rodata)
 *fill*         0x00005cb6        0x2 
 .rodata        0x00005cb8      0x5e9 ./src/main.o
 *fill*         0x000062a1        0x3 
 .rodata        0x000062a4        0x8 ./FreeRTOS/timers.o
 .rodata        0x000062ac        0x5 ./FreeRTOS/tasks.o
 *(.rodata*)
 *fill*         0x000062b1        0x3 
 .rodata.test_tbl.6366
                0x000062b4        0x8 ./src/main.o
 .rodata.__FUNCTION__.6374
                0x000062bc        0x5 ./src/main.o
 .rodata.str1.1
                0x000062c1       0x14 /home/houxd/prog/NXP/S32DS_ARM_v2.0/S32DS/arm_ewl2/lib/armv7e-m/fpu/libc99.a(__printformat.o)
                                 0x25 (size before relaxing)
 *fill*         0x000062d5        0x3 
 .rodata.str4.4
                0x000062d8        0x4 /home/houxd/prog/NXP/S32DS_ARM_v2.0/S32DS/arm_ewl2/lib/armv7e-m/fpu/libc99.a(__printformat.o)
 .rodata.__aeabi_ctype_table_C
                0x000062dc      0x101 /home/houxd/prog/NXP/S32DS_ARM_v2.0/S32DS/arm_ewl2/lib/armv7e-m/fpu/libc99.a(ctype_aeabi.o)
                0x000062dc                __aeabi_ctype_table_C
 *fill*         0x000063dd        0x3 
 .rodata.digit_values
                0x000063e0       0x40 /home/houxd/prog/NXP/S32DS_ARM_v2.0/S32DS/arm_ewl2/lib/armv7e-m/fpu/libm.a(ansi_fp.o)
 .rodata.bit_values
                0x00006420       0x48 /home/houxd/prog/NXP/S32DS_ARM_v2.0/S32DS/arm_ewl2/lib/armv7e-m/fpu/libm.a(ansi_fp.o)
 *(.glue_7)
 .glue_7        0x00000000        0x0 linker stubs
 *(.glue_7t)
 .glue_7t       0x00000000        0x0 linker stubs
 *(.eh_frame)
 *(.init)
 *(.fini)
                0x00006468                . = ALIGN (0x4)

.vfp11_veneer   0x00006468        0x0
 .vfp11_veneer  0x00000000        0x0 linker stubs

.v4_bx          0x00006468        0x0
 .v4_bx         0x00000000        0x0 linker stubs

.iplt           0x00006468        0x0
 .iplt          0x00000000        0x0 /home/houxd/prog/NXP/S32DS_ARM_v2.0/S32DS/arm_ewl2/lib/armv7e-m/fpu/__arm_start-hosted.o

.ARM.extab
 *(.ARM.extab* .gnu.linkonce.armextab.*)

.ARM            0x00006468        0x8
                0x00006468                __exidx_start = .
 *(.ARM.exidx*)
 .ARM.exidx     0x00006468        0x8 /home/houxd/prog/NXP/S32DS_ARM_v2.0/Cross_Tools/gcc-arm-none-eabi-4_9/bin/../lib/gcc/arm-none-eabi/4.9.3/armv7e-m/fpu/libgcc.a(_divdi3.o)
 .ARM.exidx     0x00006470        0x0 /home/houxd/prog/NXP/S32DS_ARM_v2.0/Cross_Tools/gcc-arm-none-eabi-4_9/bin/../lib/gcc/arm-none-eabi/4.9.3/armv7e-m/fpu/libgcc.a(_udivdi3.o)
                                  0x8 (size before relaxing)
                0x00006470                __exidx_end = .

.rel.dyn        0x00006470        0x0
 .rel.iplt      0x00000000        0x0 /home/houxd/prog/NXP/S32DS_ARM_v2.0/S32DS/arm_ewl2/lib/armv7e-m/fpu/__arm_start-hosted.o

.ctors          0x00006470        0x0
                0x00006470                __CTOR_LIST__ = .
 *crtbegin.o(.ctors)
 *crtbegin?.o(.ctors)
 *(EXCLUDE_FILE(*crtend.o *crtend?.o) .ctors)
 *(SORT(.ctors.*))
 *(.ctors)
                0x00006470                __CTOR_END__ = .

.dtors          0x00006470        0x0
                0x00006470                __DTOR_LIST__ = .
 *crtbegin.o(.dtors)
 *crtbegin?.o(.dtors)
 *(EXCLUDE_FILE(*crtend.o *crtend?.o) .dtors)
 *(SORT(.dtors.*))
 *(.dtors)
                0x00006470                __DTOR_END__ = .

.preinit_array  0x00006470        0x0
                0x00006470                PROVIDE (__preinit_array_start, .)
 *(.preinit_array*)
                0x00006470                PROVIDE (__preinit_array_end, .)

.init_array     0x00006470        0x0
                0x00006470                PROVIDE (__init_array_start, .)
 *(SORT(.init_array.*))
 *(.init_array*)
                0x00006470                PROVIDE (__init_array_end, .)

.fini_array     0x00006470        0x0
                0x00006470                PROVIDE (__fini_array_start, .)
 *(SORT(.fini_array.*))
 *(.fini_array*)
                0x00006470                PROVIDE (__fini_array_end, .)
                0x00006470                __etext = .
                0x00006470                __DATA_ROM = .

.interrupts_ram
                0x1fff8000      0x400
                0x1fff8000                . = ALIGN (0x4)
                0x1fff8000                __VECTOR_RAM__ = .
                0x1fff8000                __interrupts_ram_start__ = .
 *(.m_interrupts_ram)
                0x1fff8400                . = (. + M_VECTOR_RAM_SIZE)
 *fill*         0x1fff8000      0x400 
                0x1fff8400                . = ALIGN (0x4)
                0x1fff8400                __interrupts_ram_end__ = .
                0x1fff8000                __VECTOR_RAM = DEFINED (__flash_vector_table__)?ORIGIN (m_interrupts):__VECTOR_RAM__
                0x00000400                __RAM_VECTOR_TABLE_SIZE = DEFINED (__flash_vector_table__)?0x0:(__interrupts_ram_end__ - __interrupts_ram_start__)

.data           0x1fff8400      0x108 load address 0x00006470
                0x1fff8400                . = ALIGN (0x4)
                0x1fff8400                __DATA_RAM = .
                0x1fff8400                __data_start__ = .
 *(.data)
 *(.data*)
 .data.CAN      0x1fff8400        0xc ./bl/FlexCAN.o
                0x1fff8400                CAN
 .data.PCC_FlexCAN_INDEX
                0x1fff840c        0xc ./bl/FlexCAN.o
                0x1fff840c                PCC_FlexCAN_INDEX
 .data.xFreeBytesRemaining
                0x1fff8418        0x4 ./FreeRTOS/portable/MemMang/heap_2.o
 .data.uxCriticalNesting
                0x1fff841c        0x4 ./FreeRTOS/portable/GCC/ARM_CM4F/port.o
 .data.__files  0x1fff8420       0xe4 /home/houxd/prog/NXP/S32DS_ARM_v2.0/S32DS/arm_ewl2/lib/armv7e-m/fpu/libc99.a(ansi_files.o)
                0x1fff8420                __files
 .data._ZN10__cxxabiv119__terminate_handlerE
                0x1fff8504        0x4 /home/houxd/prog/NXP/S32DS_ARM_v2.0/S32DS/arm_ewl2/lib/armv7e-m/fpu/librt.a(cxxabi_terminate_override.o)
                0x1fff8504                __cxxabiv1::__terminate_handler
 *(.jcr*)
                0x1fff8508                . = ALIGN (0x4)
                0x1fff8508                __data_end__ = .
                0x00006578                __DATA_END = (__DATA_ROM + (__data_end__ - __data_start__))
                0x00006578                __CODE_ROM = __DATA_END

.igot.plt       0x1fff8508        0x0 load address 0x00006578
 .igot.plt      0x00000000        0x0 /home/houxd/prog/NXP/S32DS_ARM_v2.0/S32DS/arm_ewl2/lib/armv7e-m/fpu/__arm_start-hosted.o

.code           0x1fff8508        0x0 load address 0x00006578
                0x1fff8508                . = ALIGN (0x4)
                0x1fff8508                __CODE_RAM = .
                0x1fff8508                __code_start__ = .
 *(.code_ram)
                0x1fff8508                . = ALIGN (0x4)
                0x1fff8508                __code_end__ = .
                0x00006578                __CODE_END = (__CODE_ROM + (__code_end__ - __code_start__))

.customSectionBlock
 *(.customSection)

.bss            0x20000000     0x4294
                0x20000000                . = ALIGN (0x4)
                0x20000000                __BSS_START = .
                0x20000000                __bss_start__ = .
 *(.bss)
 *(.bss*)
 .bss.prt_mutex
                0x20000000        0x4 ./src/main.o
 .bss.uartQueueTbl
                0x20000004        0xc ./src/main.o
 .bss.mainTaskHandle
                0x20000010        0x4 ./src/main.o
 .bss.tickCountVal
                0x20000014        0x4 ./bl/bl.o
 .bss.ucHeap    0x20000018     0x4000 ./FreeRTOS/portable/MemMang/heap_2.o
 .bss.xStart    0x20004018        0x8 ./FreeRTOS/portable/MemMang/heap_2.o
 .bss.xEnd      0x20004020        0x8 ./FreeRTOS/portable/MemMang/heap_2.o
 .bss.xHeapHasBeenInitialised.4449
                0x20004028        0x4 ./FreeRTOS/portable/MemMang/heap_2.o
 .bss.ucMaxSysCallPriority
                0x2000402c        0x1 ./FreeRTOS/portable/GCC/ARM_CM4F/port.o
 *fill*         0x2000402d        0x3 
 .bss.ulMaxPRIGROUPValue
                0x20004030        0x4 ./FreeRTOS/portable/GCC/ARM_CM4F/port.o
 .bss.xActiveTimerList1
                0x20004034       0x14 ./FreeRTOS/timers.o
 .bss.xActiveTimerList2
                0x20004048       0x14 ./FreeRTOS/timers.o
 .bss.pxCurrentTimerList
                0x2000405c        0x4 ./FreeRTOS/timers.o
 .bss.pxOverflowTimerList
                0x20004060        0x4 ./FreeRTOS/timers.o
 .bss.xTimerQueue
                0x20004064        0x4 ./FreeRTOS/timers.o
 .bss.xLastTime.4689
                0x20004068        0x4 ./FreeRTOS/timers.o
 .bss.pxCurrentTCB
                0x2000406c        0x4 ./FreeRTOS/tasks.o
                0x2000406c                pxCurrentTCB
 .bss.pxReadyTasksLists
                0x20004070       0xa0 ./FreeRTOS/tasks.o
 .bss.xDelayedTaskList1
                0x20004110       0x14 ./FreeRTOS/tasks.o
 .bss.xDelayedTaskList2
                0x20004124       0x14 ./FreeRTOS/tasks.o
 .bss.pxDelayedTaskList
                0x20004138        0x4 ./FreeRTOS/tasks.o
 .bss.pxOverflowDelayedTaskList
                0x2000413c        0x4 ./FreeRTOS/tasks.o
 .bss.xPendingReadyList
                0x20004140       0x14 ./FreeRTOS/tasks.o
 .bss.xTasksWaitingTermination
                0x20004154       0x14 ./FreeRTOS/tasks.o
 .bss.uxTasksDeleted
                0x20004168        0x4 ./FreeRTOS/tasks.o
 .bss.xSuspendedTaskList
                0x2000416c       0x14 ./FreeRTOS/tasks.o
 .bss.uxCurrentNumberOfTasks
                0x20004180        0x4 ./FreeRTOS/tasks.o
 .bss.xTickCount
                0x20004184        0x4 ./FreeRTOS/tasks.o
 .bss.uxTopReadyPriority
                0x20004188        0x4 ./FreeRTOS/tasks.o
 .bss.xSchedulerRunning
                0x2000418c        0x4 ./FreeRTOS/tasks.o
 .bss.uxPendedTicks
                0x20004190        0x4 ./FreeRTOS/tasks.o
 .bss.xYieldPending
                0x20004194        0x4 ./FreeRTOS/tasks.o
 .bss.xNumOfOverflows
                0x20004198        0x4 ./FreeRTOS/tasks.o
 .bss.uxTaskNumber
                0x2000419c        0x4 ./FreeRTOS/tasks.o
 .bss.xNextTaskUnblockTime
                0x200041a0        0x4 ./FreeRTOS/tasks.o
 .bss.uxSchedulerSuspended
                0x200041a4        0x4 ./FreeRTOS/tasks.o
 .bss.__stdio_exit
                0x200041a8        0x4 /home/houxd/prog/NXP/S32DS_ARM_v2.0/S32DS/arm_ewl2/lib/armv7e-m/fpu/libc99.a(exit.o)
                0x200041a8                __stdio_exit
 .bss.__console_exit
                0x200041ac        0x4 /home/houxd/prog/NXP/S32DS_ARM_v2.0/S32DS/arm_ewl2/lib/armv7e-m/fpu/libc99.a(exit.o)
                0x200041ac                __console_exit
 .bss.__ewl_constraint_handler
                0x200041b0        0x4 /home/houxd/prog/NXP/S32DS_ARM_v2.0/S32DS/arm_ewl2/lib/armv7e-m/fpu/libc99.a(secure_error.o)
 .bss.__global_destructor_chain
                0x200041b4        0x4 /home/houxd/prog/NXP/S32DS_ARM_v2.0/S32DS/arm_ewl2/lib/armv7e-m/fpu/librt.a(__arm_eabi_init.o)
                0x200041b4                __global_destructor_chain
 *(COMMON)
 COMMON         0x200041b8       0xc0 /home/houxd/prog/NXP/S32DS_ARM_v2.0/S32DS/arm_ewl2/lib/armv7e-m/fpu/libc99.a(ansi_files.o)
                0x200041b8                stdout_buff
                0x200041f8                stdin_buff
                0x20004238                stderr_buff
 COMMON         0x20004278       0x1c /home/houxd/prog/NXP/S32DS_ARM_v2.0/S32DS/arm_ewl2/lib/armv7e-m/fpu/libc99.a(signal.o)
                0x20004278                signal_funcs
                0x20004294                . = ALIGN (0x4)
                0x20004294                __bss_end__ = .
                0x20004294                __BSS_END = .

.heap           0x20004294      0x404
                0x20004298                . = ALIGN (0x8)
 *fill*         0x20004294        0x4 
                0x20004298                __end__ = .
                0x20004298                PROVIDE (end, .)
                0x20004298                PROVIDE (_end, .)
                0x20004298                PROVIDE (__end, .)
                0x20004298                __HeapBase = .
                0x20004698                . = (. + HEAP_SIZE)
 *fill*         0x20004298      0x400 
                0x20004698                __HeapLimit = .
                0x20004698                __heap_limit = .

.stack          0x20004698      0x400
                0x20004698                . = ALIGN (0x8)
                0x20004a98                . = (. + STACK_SIZE)
 *fill*         0x20004698      0x400 
                0x20007000                __StackTop = (ORIGIN (m_data_2) + 0x7000)
                0x20006c00                __StackLimit = (__StackTop - STACK_SIZE)
                0x20007000                PROVIDE (__stack, __StackTop)

.ARM.attributes
                0x00000000       0x37
 *(.ARM.attributes)
 .ARM.attributes
                0x00000000       0x39 ./src/main.o
 .ARM.attributes
                0x00000039       0x39 ./bl/clocks_and_modes.o
 .ARM.attributes
                0x00000072       0x39 ./bl/bl.o
 .ARM.attributes
                0x000000ab       0x39 ./bl/SPI_MSD0_Driver.o
 .ARM.attributes
                0x000000e4       0x39 ./bl/LPUART.o
 .ARM.attributes
                0x0000011d       0x39 ./bl/FlexCAN.o
 .ARM.attributes
                0x00000156       0x39 ./Project_Settings/Startup_Code/system_S32K144.o
 .ARM.attributes
                0x0000018f       0x1f ./Project_Settings/Startup_Code/startup_S32K144.o
 .ARM.attributes
                0x000001ae       0x39 ./Project_Settings/Startup_Code/startup.o
 .ARM.attributes
                0x000001e7       0x39 ./FreeRTOS/portable/MemMang/heap_2.o
 .ARM.attributes
                0x00000220       0x39 ./FreeRTOS/portable/GCC/ARM_CM4F/port.o
 .ARM.attributes
                0x00000259       0x39 ./FreeRTOS/timers.o
 .ARM.attributes
                0x00000292       0x39 ./FreeRTOS/tasks.o
 .ARM.attributes
                0x000002cb       0x39 ./FreeRTOS/queue.o
 .ARM.attributes
                0x00000304       0x39 ./FreeRTOS/list.o
 .ARM.attributes
                0x0000033d       0x39 /home/houxd/prog/NXP/S32DS_ARM_v2.0/S32DS/arm_ewl2/lib/armv7e-m/fpu/libc99.a(vprintf.o)
 .ARM.attributes
                0x00000376       0x39 /home/houxd/prog/NXP/S32DS_ARM_v2.0/S32DS/arm_ewl2/lib/armv7e-m/fpu/libc99.a(exit.o)
 .ARM.attributes
                0x000003af       0x39 /home/houxd/prog/NXP/S32DS_ARM_v2.0/S32DS/arm_ewl2/lib/armv7e-m/fpu/libc99.a(memcpy.o)
 .ARM.attributes
                0x000003e8       0x39 /home/houxd/prog/NXP/S32DS_ARM_v2.0/S32DS/arm_ewl2/lib/armv7e-m/fpu/libc99.a(memset.o)
 .ARM.attributes
                0x00000421       0x39 /home/houxd/prog/NXP/S32DS_ARM_v2.0/S32DS/arm_ewl2/lib/armv7e-m/fpu/libc99.a(strchr.o)
 .ARM.attributes
                0x0000045a       0x39 /home/houxd/prog/NXP/S32DS_ARM_v2.0/S32DS/arm_ewl2/lib/armv7e-m/fpu/libc99.a(strcpy.o)
 .ARM.attributes
                0x00000493       0x39 /home/houxd/prog/NXP/S32DS_ARM_v2.0/S32DS/arm_ewl2/lib/armv7e-m/fpu/libc99.a(strlen.o)
 .ARM.attributes
                0x000004cc       0x39 /home/houxd/prog/NXP/S32DS_ARM_v2.0/S32DS/arm_ewl2/lib/armv7e-m/fpu/libc99.a(fwide.o)
 .ARM.attributes
                0x00000505       0x39 /home/houxd/prog/NXP/S32DS_ARM_v2.0/S32DS/arm_ewl2/lib/armv7e-m/fpu/libc99.a(__printformat.o)
 .ARM.attributes
                0x0000053e       0x39 /home/houxd/prog/NXP/S32DS_ARM_v2.0/S32DS/arm_ewl2/lib/armv7e-m/fpu/libc99.a(ctype_aeabi.o)
 .ARM.attributes
                0x00000577       0x39 /home/houxd/prog/NXP/S32DS_ARM_v2.0/S32DS/arm_ewl2/lib/armv7e-m/fpu/libc99.a(secure_error.o)
 .ARM.attributes
                0x000005b0       0x39 /home/houxd/prog/NXP/S32DS_ARM_v2.0/S32DS/arm_ewl2/lib/armv7e-m/fpu/libc99.a(ansi_files.o)
 .ARM.attributes
                0x000005e9       0x39 /home/houxd/prog/NXP/S32DS_ARM_v2.0/S32DS/arm_ewl2/lib/armv7e-m/fpu/libc99.a(fwrite.o)
 .ARM.attributes
                0x00000622       0x39 /home/houxd/prog/NXP/S32DS_ARM_v2.0/S32DS/arm_ewl2/lib/armv7e-m/fpu/libc99.a(abort.o)
 .ARM.attributes
                0x0000065b       0x39 /home/houxd/prog/NXP/S32DS_ARM_v2.0/S32DS/arm_ewl2/lib/armv7e-m/fpu/libc99.a(mbstowcs_s.o)
 .ARM.attributes
                0x00000694       0x39 /home/houxd/prog/NXP/S32DS_ARM_v2.0/S32DS/arm_ewl2/lib/armv7e-m/fpu/libc99.a(wctomb.o)
 .ARM.attributes
                0x000006cd       0x39 /home/houxd/prog/NXP/S32DS_ARM_v2.0/S32DS/arm_ewl2/lib/armv7e-m/fpu/libc99.a(__filll_mem.o)
 .ARM.attributes
                0x00000706       0x39 /home/houxd/prog/NXP/S32DS_ARM_v2.0/S32DS/arm_ewl2/lib/armv7e-m/fpu/libc99.a(memchr.o)
 .ARM.attributes
                0x0000073f       0x39 /home/houxd/prog/NXP/S32DS_ARM_v2.0/S32DS/arm_ewl2/lib/armv7e-m/fpu/libc99.a(__memrchr.o)
 .ARM.attributes
                0x00000778       0x39 /home/houxd/prog/NXP/S32DS_ARM_v2.0/S32DS/arm_ewl2/lib/armv7e-m/fpu/libc99.a(strncpy.o)
 .ARM.attributes
                0x000007b1       0x39 /home/houxd/prog/NXP/S32DS_ARM_v2.0/S32DS/arm_ewl2/lib/armv7e-m/fpu/libc99.a(raise.o)
 .ARM.attributes
                0x000007ea       0x39 /home/houxd/prog/NXP/S32DS_ARM_v2.0/S32DS/arm_ewl2/lib/armv7e-m/fpu/libc99.a(signal.o)
 .ARM.attributes
                0x00000823       0x39 /home/houxd/prog/NXP/S32DS_ARM_v2.0/S32DS/arm_ewl2/lib/armv7e-m/fpu/libc99.a(__buffer_io.o)
 .ARM.attributes
                0x0000085c       0x39 /home/houxd/prog/NXP/S32DS_ARM_v2.0/S32DS/arm_ewl2/lib/armv7e-m/fpu/libm.a(ansi_fp.o)
 .ARM.attributes
                0x00000895       0x39 /home/houxd/prog/NXP/S32DS_ARM_v2.0/S32DS/arm_ewl2/lib/armv7e-m/fpu/libm.a(math_api.o)
 .ARM.attributes
                0x000008ce       0x39 /home/houxd/prog/NXP/S32DS_ARM_v2.0/S32DS/arm_ewl2/lib/armv7e-m/fpu/libm.a(s_frexp.o)
 .ARM.attributes
                0x00000907       0x22 /home/houxd/prog/NXP/S32DS_ARM_v2.0/Cross_Tools/gcc-arm-none-eabi-4_9/bin/../lib/gcc/arm-none-eabi/4.9.3/armv7e-m/fpu/libgcc.a(_arm_addsubdf3.o)
 .ARM.attributes
                0x00000929       0x22 /home/houxd/prog/NXP/S32DS_ARM_v2.0/Cross_Tools/gcc-arm-none-eabi-4_9/bin/../lib/gcc/arm-none-eabi/4.9.3/armv7e-m/fpu/libgcc.a(_arm_muldivdf3.o)
 .ARM.attributes
                0x0000094b       0x22 /home/houxd/prog/NXP/S32DS_ARM_v2.0/Cross_Tools/gcc-arm-none-eabi-4_9/bin/../lib/gcc/arm-none-eabi/4.9.3/armv7e-m/fpu/libgcc.a(_arm_cmpdf2.o)
 .ARM.attributes
                0x0000096d       0x22 /home/houxd/prog/NXP/S32DS_ARM_v2.0/Cross_Tools/gcc-arm-none-eabi-4_9/bin/../lib/gcc/arm-none-eabi/4.9.3/armv7e-m/fpu/libgcc.a(_arm_fixdfsi.o)
 .ARM.attributes
                0x0000098f       0x22 /home/houxd/prog/NXP/S32DS_ARM_v2.0/Cross_Tools/gcc-arm-none-eabi-4_9/bin/../lib/gcc/arm-none-eabi/4.9.3/armv7e-m/fpu/libgcc.a(_aeabi_uldivmod.o)
 .ARM.attributes
                0x000009b1       0x34 /home/houxd/prog/NXP/S32DS_ARM_v2.0/Cross_Tools/gcc-arm-none-eabi-4_9/bin/../lib/gcc/arm-none-eabi/4.9.3/armv7e-m/fpu/libgcc.a(bpabi.o)
 .ARM.attributes
                0x000009e5       0x22 /home/houxd/prog/NXP/S32DS_ARM_v2.0/Cross_Tools/gcc-arm-none-eabi-4_9/bin/../lib/gcc/arm-none-eabi/4.9.3/armv7e-m/fpu/libgcc.a(_dvmd_tls.o)
 .ARM.attributes
                0x00000a07       0x34 /home/houxd/prog/NXP/S32DS_ARM_v2.0/Cross_Tools/gcc-arm-none-eabi-4_9/bin/../lib/gcc/arm-none-eabi/4.9.3/armv7e-m/fpu/libgcc.a(_divdi3.o)
 .ARM.attributes
                0x00000a3b       0x34 /home/houxd/prog/NXP/S32DS_ARM_v2.0/Cross_Tools/gcc-arm-none-eabi-4_9/bin/../lib/gcc/arm-none-eabi/4.9.3/armv7e-m/fpu/libgcc.a(_udivdi3.o)
 .ARM.attributes
                0x00000a6f       0x39 /home/houxd/prog/NXP/S32DS_ARM_v2.0/S32DS/arm_ewl2/lib/armv7e-m/fpu/librt.a(gcc_ctor_dtor.o)
 .ARM.attributes
                0x00000aa8       0x39 /home/houxd/prog/NXP/S32DS_ARM_v2.0/S32DS/arm_ewl2/lib/armv7e-m/fpu/librt.a(__arm_eabi_init.o)
 .ARM.attributes
                0x00000ae1       0x39 /home/houxd/prog/NXP/S32DS_ARM_v2.0/S32DS/arm_ewl2/lib/armv7e-m/fpu/librt.a(cxxabi_terminate_override.o)
 .ARM.attributes
                0x00000b1a       0x39 /home/houxd/prog/NXP/S32DS_ARM_v2.0/S32DS/arm_ewl2/lib/armv7e-m/fpu/libhosted.a(semihosted_console_io.o)
 .ARM.attributes
                0x00000b53       0x39 /home/houxd/prog/NXP/S32DS_ARM_v2.0/S32DS/arm_ewl2/lib/armv7e-m/fpu/libhosted.a(semihosted_file_io.o)
                0x00000001                ASSERT ((__StackLimit >= __HeapLimit), region m_data_2 overflowed with stack and heap)
OUTPUT(dp1000.elf elf32-littlearm)

.debug_info     0x00000000     0xda45
 .debug_info    0x00000000     0x1203 ./src/main.o
 .debug_info    0x00001203      0x269 ./bl/clocks_and_modes.o
 .debug_info    0x0000146c      0x8c4 ./bl/bl.o
 .debug_info    0x00001d30      0xba1 ./bl/SPI_MSD0_Driver.o
 .debug_info    0x000028d1      0x251 ./bl/LPUART.o
 .debug_info    0x00002b22      0x575 ./bl/FlexCAN.o
 .debug_info    0x00003097      0x500 ./Project_Settings/Startup_Code/system_S32K144.o
 .debug_info    0x00003597       0x8b ./Project_Settings/Startup_Code/startup_S32K144.o
 .debug_info    0x00003622      0x3eb ./Project_Settings/Startup_Code/startup.o
 .debug_info    0x00003a0d      0x2d4 ./FreeRTOS/portable/MemMang/heap_2.o
 .debug_info    0x00003ce1      0x512 ./FreeRTOS/portable/GCC/ARM_CM4F/port.o
 .debug_info    0x000041f3      0xb3c ./FreeRTOS/timers.o
 .debug_info    0x00004d2f     0x1a87 ./FreeRTOS/tasks.o
 .debug_info    0x000067b6     0x104e ./FreeRTOS/queue.o
 .debug_info    0x00007804      0x28f ./FreeRTOS/list.o
 .debug_info    0x00007a93      0x3e8 /home/houxd/prog/NXP/S32DS_ARM_v2.0/S32DS/arm_ewl2/lib/armv7e-m/fpu/libc99.a(vprintf.o)
 .debug_info    0x00007e7b      0x111 /home/houxd/prog/NXP/S32DS_ARM_v2.0/S32DS/arm_ewl2/lib/armv7e-m/fpu/libc99.a(exit.o)
 .debug_info    0x00007f8c      0x111 /home/houxd/prog/NXP/S32DS_ARM_v2.0/S32DS/arm_ewl2/lib/armv7e-m/fpu/libc99.a(memcpy.o)
 .debug_info    0x0000809d       0xec /home/houxd/prog/NXP/S32DS_ARM_v2.0/S32DS/arm_ewl2/lib/armv7e-m/fpu/libc99.a(memset.o)
 .debug_info    0x00008189      0x106 /home/houxd/prog/NXP/S32DS_ARM_v2.0/S32DS/arm_ewl2/lib/armv7e-m/fpu/libc99.a(strchr.o)
 .debug_info    0x0000828f      0x10e /home/houxd/prog/NXP/S32DS_ARM_v2.0/S32DS/arm_ewl2/lib/armv7e-m/fpu/libc99.a(strcpy.o)
 .debug_info    0x0000839d       0xeb /home/houxd/prog/NXP/S32DS_ARM_v2.0/S32DS/arm_ewl2/lib/armv7e-m/fpu/libc99.a(strlen.o)
 .debug_info    0x00008488      0x4cc /home/houxd/prog/NXP/S32DS_ARM_v2.0/S32DS/arm_ewl2/lib/armv7e-m/fpu/libc99.a(fwide.o)
 .debug_info    0x00008954      0xe0e /home/houxd/prog/NXP/S32DS_ARM_v2.0/S32DS/arm_ewl2/lib/armv7e-m/fpu/libc99.a(__printformat.o)
 .debug_info    0x00009762      0x306 /home/houxd/prog/NXP/S32DS_ARM_v2.0/S32DS/arm_ewl2/lib/armv7e-m/fpu/libc99.a(ctype_aeabi.o)
 .debug_info    0x00009a68      0x248 /home/houxd/prog/NXP/S32DS_ARM_v2.0/S32DS/arm_ewl2/lib/armv7e-m/fpu/libc99.a(secure_error.o)
 .debug_info    0x00009cb0      0x514 /home/houxd/prog/NXP/S32DS_ARM_v2.0/S32DS/arm_ewl2/lib/armv7e-m/fpu/libc99.a(ansi_files.o)
 .debug_info    0x0000a1c4      0x659 /home/houxd/prog/NXP/S32DS_ARM_v2.0/S32DS/arm_ewl2/lib/armv7e-m/fpu/libc99.a(fwrite.o)
 .debug_info    0x0000a81d       0xb2 /home/houxd/prog/NXP/S32DS_ARM_v2.0/S32DS/arm_ewl2/lib/armv7e-m/fpu/libc99.a(abort.o)
 .debug_info    0x0000a8cf      0x570 /home/houxd/prog/NXP/S32DS_ARM_v2.0/S32DS/arm_ewl2/lib/armv7e-m/fpu/libc99.a(mbstowcs_s.o)
 .debug_info    0x0000ae3f      0x3e5 /home/houxd/prog/NXP/S32DS_ARM_v2.0/S32DS/arm_ewl2/lib/armv7e-m/fpu/libc99.a(wctomb.o)
 .debug_info    0x0000b224      0x137 /home/houxd/prog/NXP/S32DS_ARM_v2.0/S32DS/arm_ewl2/lib/armv7e-m/fpu/libc99.a(__filll_mem.o)
 .debug_info    0x0000b35b      0x121 /home/houxd/prog/NXP/S32DS_ARM_v2.0/S32DS/arm_ewl2/lib/armv7e-m/fpu/libc99.a(memchr.o)
 .debug_info    0x0000b47c      0x116 /home/houxd/prog/NXP/S32DS_ARM_v2.0/S32DS/arm_ewl2/lib/armv7e-m/fpu/libc99.a(__memrchr.o)
 .debug_info    0x0000b592      0x108 /home/houxd/prog/NXP/S32DS_ARM_v2.0/S32DS/arm_ewl2/lib/armv7e-m/fpu/libc99.a(strncpy.o)
 .debug_info    0x0000b69a      0x108 /home/houxd/prog/NXP/S32DS_ARM_v2.0/S32DS/arm_ewl2/lib/armv7e-m/fpu/libc99.a(raise.o)
 .debug_info    0x0000b7a2      0x124 /home/houxd/prog/NXP/S32DS_ARM_v2.0/S32DS/arm_ewl2/lib/armv7e-m/fpu/libc99.a(signal.o)
 .debug_info    0x0000b8c6      0x492 /home/houxd/prog/NXP/S32DS_ARM_v2.0/S32DS/arm_ewl2/lib/armv7e-m/fpu/libc99.a(__buffer_io.o)
 .debug_info    0x0000bd58      0x51d /home/houxd/prog/NXP/S32DS_ARM_v2.0/S32DS/arm_ewl2/lib/armv7e-m/fpu/libm.a(ansi_fp.o)
 .debug_info    0x0000c275      0x30c /home/houxd/prog/NXP/S32DS_ARM_v2.0/S32DS/arm_ewl2/lib/armv7e-m/fpu/libm.a(math_api.o)
 .debug_info    0x0000c581      0x1a1 /home/houxd/prog/NXP/S32DS_ARM_v2.0/S32DS/arm_ewl2/lib/armv7e-m/fpu/libm.a(s_frexp.o)
 .debug_info    0x0000c722      0x14a /home/houxd/prog/NXP/S32DS_ARM_v2.0/S32DS/arm_ewl2/lib/armv7e-m/fpu/librt.a(gcc_ctor_dtor.o)
 .debug_info    0x0000c86c      0x2dc /home/houxd/prog/NXP/S32DS_ARM_v2.0/S32DS/arm_ewl2/lib/armv7e-m/fpu/librt.a(__arm_eabi_init.o)
 .debug_info    0x0000cb48       0x62 /home/houxd/prog/NXP/S32DS_ARM_v2.0/S32DS/arm_ewl2/lib/armv7e-m/fpu/librt.a(cxxabi_terminate_override.o)
 .debug_info    0x0000cbaa      0x232 /home/houxd/prog/NXP/S32DS_ARM_v2.0/S32DS/arm_ewl2/lib/armv7e-m/fpu/libhosted.a(semihosted_console_io.o)
 .debug_info    0x0000cddc      0xc69 /home/houxd/prog/NXP/S32DS_ARM_v2.0/S32DS/arm_ewl2/lib/armv7e-m/fpu/libhosted.a(semihosted_file_io.o)

.debug_abbrev   0x00000000     0x3499
 .debug_abbrev  0x00000000      0x33f ./src/main.o
 .debug_abbrev  0x0000033f       0xc2 ./bl/clocks_and_modes.o
 .debug_abbrev  0x00000401      0x185 ./bl/bl.o
 .debug_abbrev  0x00000586      0x244 ./bl/SPI_MSD0_Driver.o
 .debug_abbrev  0x000007ca      0x114 ./bl/LPUART.o
 .debug_abbrev  0x000008de      0x186 ./bl/FlexCAN.o
 .debug_abbrev  0x00000a64      0x118 ./Project_Settings/Startup_Code/system_S32K144.o
 .debug_abbrev  0x00000b7c       0x14 ./Project_Settings/Startup_Code/startup_S32K144.o
 .debug_abbrev  0x00000b90      0x101 ./Project_Settings/Startup_Code/startup.o
 .debug_abbrev  0x00000c91      0x171 ./FreeRTOS/portable/MemMang/heap_2.o
 .debug_abbrev  0x00000e02      0x1c0 ./FreeRTOS/portable/GCC/ARM_CM4F/port.o
 .debug_abbrev  0x00000fc2      0x1ea ./FreeRTOS/timers.o
 .debug_abbrev  0x000011ac      0x276 ./FreeRTOS/tasks.o
 .debug_abbrev  0x00001422      0x1d7 ./FreeRTOS/queue.o
 .debug_abbrev  0x000015f9       0xc1 ./FreeRTOS/list.o
 .debug_abbrev  0x000016ba      0x126 /home/houxd/prog/NXP/S32DS_ARM_v2.0/S32DS/arm_ewl2/lib/armv7e-m/fpu/libc99.a(vprintf.o)
 .debug_abbrev  0x000017e0       0x91 /home/houxd/prog/NXP/S32DS_ARM_v2.0/S32DS/arm_ewl2/lib/armv7e-m/fpu/libc99.a(exit.o)
 .debug_abbrev  0x00001871       0x95 /home/houxd/prog/NXP/S32DS_ARM_v2.0/S32DS/arm_ewl2/lib/armv7e-m/fpu/libc99.a(memcpy.o)
 .debug_abbrev  0x00001906       0x62 /home/houxd/prog/NXP/S32DS_ARM_v2.0/S32DS/arm_ewl2/lib/armv7e-m/fpu/libc99.a(memset.o)
 .debug_abbrev  0x00001968       0x89 /home/houxd/prog/NXP/S32DS_ARM_v2.0/S32DS/arm_ewl2/lib/armv7e-m/fpu/libc99.a(strchr.o)
 .debug_abbrev  0x000019f1       0x96 /home/houxd/prog/NXP/S32DS_ARM_v2.0/S32DS/arm_ewl2/lib/armv7e-m/fpu/libc99.a(strcpy.o)
 .debug_abbrev  0x00001a87       0x7a /home/houxd/prog/NXP/S32DS_ARM_v2.0/S32DS/arm_ewl2/lib/armv7e-m/fpu/libc99.a(strlen.o)
 .debug_abbrev  0x00001b01      0x179 /home/houxd/prog/NXP/S32DS_ARM_v2.0/S32DS/arm_ewl2/lib/armv7e-m/fpu/libc99.a(fwide.o)
 .debug_abbrev  0x00001c7a      0x28e /home/houxd/prog/NXP/S32DS_ARM_v2.0/S32DS/arm_ewl2/lib/armv7e-m/fpu/libc99.a(__printformat.o)
 .debug_abbrev  0x00001f08       0x85 /home/houxd/prog/NXP/S32DS_ARM_v2.0/S32DS/arm_ewl2/lib/armv7e-m/fpu/libc99.a(ctype_aeabi.o)
 .debug_abbrev  0x00001f8d      0x140 /home/houxd/prog/NXP/S32DS_ARM_v2.0/S32DS/arm_ewl2/lib/armv7e-m/fpu/libc99.a(secure_error.o)
 .debug_abbrev  0x000020cd      0x107 /home/houxd/prog/NXP/S32DS_ARM_v2.0/S32DS/arm_ewl2/lib/armv7e-m/fpu/libc99.a(ansi_files.o)
 .debug_abbrev  0x000021d4      0x181 /home/houxd/prog/NXP/S32DS_ARM_v2.0/S32DS/arm_ewl2/lib/armv7e-m/fpu/libc99.a(fwrite.o)
 .debug_abbrev  0x00002355       0x5c /home/houxd/prog/NXP/S32DS_ARM_v2.0/S32DS/arm_ewl2/lib/armv7e-m/fpu/libc99.a(abort.o)
 .debug_abbrev  0x000023b1      0x132 /home/houxd/prog/NXP/S32DS_ARM_v2.0/S32DS/arm_ewl2/lib/armv7e-m/fpu/libc99.a(mbstowcs_s.o)
 .debug_abbrev  0x000024e3      0x126 /home/houxd/prog/NXP/S32DS_ARM_v2.0/S32DS/arm_ewl2/lib/armv7e-m/fpu/libc99.a(wctomb.o)
 .debug_abbrev  0x00002609       0x78 /home/houxd/prog/NXP/S32DS_ARM_v2.0/S32DS/arm_ewl2/lib/armv7e-m/fpu/libc99.a(__filll_mem.o)
 .debug_abbrev  0x00002681       0x95 /home/houxd/prog/NXP/S32DS_ARM_v2.0/S32DS/arm_ewl2/lib/armv7e-m/fpu/libc99.a(memchr.o)
 .debug_abbrev  0x00002716       0x95 /home/houxd/prog/NXP/S32DS_ARM_v2.0/S32DS/arm_ewl2/lib/armv7e-m/fpu/libc99.a(__memrchr.o)
 .debug_abbrev  0x000027ab       0x89 /home/houxd/prog/NXP/S32DS_ARM_v2.0/S32DS/arm_ewl2/lib/armv7e-m/fpu/libc99.a(strncpy.o)
 .debug_abbrev  0x00002834       0xa6 /home/houxd/prog/NXP/S32DS_ARM_v2.0/S32DS/arm_ewl2/lib/armv7e-m/fpu/libc99.a(raise.o)
 .debug_abbrev  0x000028da       0xc6 /home/houxd/prog/NXP/S32DS_ARM_v2.0/S32DS/arm_ewl2/lib/armv7e-m/fpu/libc99.a(signal.o)
 .debug_abbrev  0x000029a0      0x142 /home/houxd/prog/NXP/S32DS_ARM_v2.0/S32DS/arm_ewl2/lib/armv7e-m/fpu/libc99.a(__buffer_io.o)
 .debug_abbrev  0x00002ae2      0x15d /home/houxd/prog/NXP/S32DS_ARM_v2.0/S32DS/arm_ewl2/lib/armv7e-m/fpu/libm.a(ansi_fp.o)
 .debug_abbrev  0x00002c3f       0xf7 /home/houxd/prog/NXP/S32DS_ARM_v2.0/S32DS/arm_ewl2/lib/armv7e-m/fpu/libm.a(math_api.o)
 .debug_abbrev  0x00002d36       0xce /home/houxd/prog/NXP/S32DS_ARM_v2.0/S32DS/arm_ewl2/lib/armv7e-m/fpu/libm.a(s_frexp.o)
 .debug_abbrev  0x00002e04       0xae /home/houxd/prog/NXP/S32DS_ARM_v2.0/S32DS/arm_ewl2/lib/armv7e-m/fpu/librt.a(gcc_ctor_dtor.o)
 .debug_abbrev  0x00002eb2      0x1e2 /home/houxd/prog/NXP/S32DS_ARM_v2.0/S32DS/arm_ewl2/lib/armv7e-m/fpu/librt.a(__arm_eabi_init.o)
 .debug_abbrev  0x00003094       0x55 /home/houxd/prog/NXP/S32DS_ARM_v2.0/S32DS/arm_ewl2/lib/armv7e-m/fpu/librt.a(cxxabi_terminate_override.o)
 .debug_abbrev  0x000030e9      0x137 /home/houxd/prog/NXP/S32DS_ARM_v2.0/S32DS/arm_ewl2/lib/armv7e-m/fpu/libhosted.a(semihosted_console_io.o)
 .debug_abbrev  0x00003220      0x279 /home/houxd/prog/NXP/S32DS_ARM_v2.0/S32DS/arm_ewl2/lib/armv7e-m/fpu/libhosted.a(semihosted_file_io.o)

.debug_aranges  0x00000000      0xe20
 .debug_aranges
                0x00000000      0x120 ./src/main.o
 .debug_aranges
                0x00000120       0x30 ./bl/clocks_and_modes.o
 .debug_aranges
                0x00000150       0x98 ./bl/bl.o
 .debug_aranges
                0x000001e8       0xa0 ./bl/SPI_MSD0_Driver.o
 .debug_aranges
                0x00000288       0x48 ./bl/LPUART.o
 .debug_aranges
                0x000002d0       0x30 ./bl/FlexCAN.o
 .debug_aranges
                0x00000300       0x30 ./Project_Settings/Startup_Code/system_S32K144.o
 .debug_aranges
                0x00000330       0x20 ./Project_Settings/Startup_Code/startup_S32K144.o
 .debug_aranges
                0x00000350       0x20 ./Project_Settings/Startup_Code/startup.o
 .debug_aranges
                0x00000370       0x40 ./FreeRTOS/portable/MemMang/heap_2.o
 .debug_aranges
                0x000003b0       0x80 ./FreeRTOS/portable/GCC/ARM_CM4F/port.o
 .debug_aranges
                0x00000430       0xa8 ./FreeRTOS/timers.o
 .debug_aranges
                0x000004d8      0x1a8 ./FreeRTOS/tasks.o
 .debug_aranges
                0x00000680       0xd0 ./FreeRTOS/queue.o
 .debug_aranges
                0x00000750       0x40 ./FreeRTOS/list.o
 .debug_aranges
                0x00000790       0x28 /home/houxd/prog/NXP/S32DS_ARM_v2.0/S32DS/arm_ewl2/lib/armv7e-m/fpu/libc99.a(vprintf.o)
 .debug_aranges
                0x000007b8       0x28 /home/houxd/prog/NXP/S32DS_ARM_v2.0/S32DS/arm_ewl2/lib/armv7e-m/fpu/libc99.a(exit.o)
 .debug_aranges
                0x000007e0       0x20 /home/houxd/prog/NXP/S32DS_ARM_v2.0/S32DS/arm_ewl2/lib/armv7e-m/fpu/libc99.a(memcpy.o)
 .debug_aranges
                0x00000800       0x20 /home/houxd/prog/NXP/S32DS_ARM_v2.0/S32DS/arm_ewl2/lib/armv7e-m/fpu/libc99.a(memset.o)
 .debug_aranges
                0x00000820       0x20 /home/houxd/prog/NXP/S32DS_ARM_v2.0/S32DS/arm_ewl2/lib/armv7e-m/fpu/libc99.a(strchr.o)
 .debug_aranges
                0x00000840       0x20 /home/houxd/prog/NXP/S32DS_ARM_v2.0/S32DS/arm_ewl2/lib/armv7e-m/fpu/libc99.a(strcpy.o)
 .debug_aranges
                0x00000860       0x20 /home/houxd/prog/NXP/S32DS_ARM_v2.0/S32DS/arm_ewl2/lib/armv7e-m/fpu/libc99.a(strlen.o)
 .debug_aranges
                0x00000880       0x30 /home/houxd/prog/NXP/S32DS_ARM_v2.0/S32DS/arm_ewl2/lib/armv7e-m/fpu/libc99.a(fwide.o)
 .debug_aranges
                0x000008b0       0x48 /home/houxd/prog/NXP/S32DS_ARM_v2.0/S32DS/arm_ewl2/lib/armv7e-m/fpu/libc99.a(__printformat.o)
 .debug_aranges
                0x000008f8       0x88 /home/houxd/prog/NXP/S32DS_ARM_v2.0/S32DS/arm_ewl2/lib/armv7e-m/fpu/libc99.a(ctype_aeabi.o)
 .debug_aranges
                0x00000980       0x40 /home/houxd/prog/NXP/S32DS_ARM_v2.0/S32DS/arm_ewl2/lib/armv7e-m/fpu/libc99.a(secure_error.o)
 .debug_aranges
                0x000009c0       0x28 /home/houxd/prog/NXP/S32DS_ARM_v2.0/S32DS/arm_ewl2/lib/armv7e-m/fpu/libc99.a(ansi_files.o)
 .debug_aranges
                0x000009e8       0x38 /home/houxd/prog/NXP/S32DS_ARM_v2.0/S32DS/arm_ewl2/lib/armv7e-m/fpu/libc99.a(fwrite.o)
 .debug_aranges
                0x00000a20       0x20 /home/houxd/prog/NXP/S32DS_ARM_v2.0/S32DS/arm_ewl2/lib/armv7e-m/fpu/libc99.a(abort.o)
 .debug_aranges
                0x00000a40       0x38 /home/houxd/prog/NXP/S32DS_ARM_v2.0/S32DS/arm_ewl2/lib/armv7e-m/fpu/libc99.a(mbstowcs_s.o)
 .debug_aranges
                0x00000a78       0x30 /home/houxd/prog/NXP/S32DS_ARM_v2.0/S32DS/arm_ewl2/lib/armv7e-m/fpu/libc99.a(wctomb.o)
 .debug_aranges
                0x00000aa8       0x20 /home/houxd/prog/NXP/S32DS_ARM_v2.0/S32DS/arm_ewl2/lib/armv7e-m/fpu/libc99.a(__filll_mem.o)
 .debug_aranges
                0x00000ac8       0x20 /home/houxd/prog/NXP/S32DS_ARM_v2.0/S32DS/arm_ewl2/lib/armv7e-m/fpu/libc99.a(memchr.o)
 .debug_aranges
                0x00000ae8       0x20 /home/houxd/prog/NXP/S32DS_ARM_v2.0/S32DS/arm_ewl2/lib/armv7e-m/fpu/libc99.a(__memrchr.o)
 .debug_aranges
                0x00000b08       0x20 /home/houxd/prog/NXP/S32DS_ARM_v2.0/S32DS/arm_ewl2/lib/armv7e-m/fpu/libc99.a(strncpy.o)
 .debug_aranges
                0x00000b28       0x20 /home/houxd/prog/NXP/S32DS_ARM_v2.0/S32DS/arm_ewl2/lib/armv7e-m/fpu/libc99.a(raise.o)
 .debug_aranges
                0x00000b48       0x20 /home/houxd/prog/NXP/S32DS_ARM_v2.0/S32DS/arm_ewl2/lib/armv7e-m/fpu/libc99.a(signal.o)
 .debug_aranges
                0x00000b68       0x30 /home/houxd/prog/NXP/S32DS_ARM_v2.0/S32DS/arm_ewl2/lib/armv7e-m/fpu/libc99.a(__buffer_io.o)
 .debug_aranges
                0x00000b98       0x30 /home/houxd/prog/NXP/S32DS_ARM_v2.0/S32DS/arm_ewl2/lib/armv7e-m/fpu/libm.a(ansi_fp.o)
 .debug_aranges
                0x00000bc8       0x60 /home/houxd/prog/NXP/S32DS_ARM_v2.0/S32DS/arm_ewl2/lib/armv7e-m/fpu/libm.a(math_api.o)
 .debug_aranges
                0x00000c28       0x20 /home/houxd/prog/NXP/S32DS_ARM_v2.0/S32DS/arm_ewl2/lib/armv7e-m/fpu/libm.a(s_frexp.o)
 .debug_aranges
                0x00000c48       0x30 /home/houxd/prog/NXP/S32DS_ARM_v2.0/S32DS/arm_ewl2/lib/armv7e-m/fpu/librt.a(gcc_ctor_dtor.o)
 .debug_aranges
                0x00000c78       0x60 /home/houxd/prog/NXP/S32DS_ARM_v2.0/S32DS/arm_ewl2/lib/armv7e-m/fpu/librt.a(__arm_eabi_init.o)
 .debug_aranges
                0x00000cd8       0x18 /home/houxd/prog/NXP/S32DS_ARM_v2.0/S32DS/arm_ewl2/lib/armv7e-m/fpu/librt.a(cxxabi_terminate_override.o)
 .debug_aranges
                0x00000cf0       0x50 /home/houxd/prog/NXP/S32DS_ARM_v2.0/S32DS/arm_ewl2/lib/armv7e-m/fpu/libhosted.a(semihosted_console_io.o)
 .debug_aranges
                0x00000d40       0xe0 /home/houxd/prog/NXP/S32DS_ARM_v2.0/S32DS/arm_ewl2/lib/armv7e-m/fpu/libhosted.a(semihosted_file_io.o)

.debug_ranges   0x00000000      0x690
 .debug_ranges  0x00000000      0x110 ./src/main.o
 .debug_ranges  0x00000110       0x20 ./bl/clocks_and_modes.o
 .debug_ranges  0x00000130       0x88 ./bl/bl.o
 .debug_ranges  0x000001b8       0x90 ./bl/SPI_MSD0_Driver.o
 .debug_ranges  0x00000248       0x38 ./bl/LPUART.o
 .debug_ranges  0x00000280       0x20 ./bl/FlexCAN.o
 .debug_ranges  0x000002a0       0x20 ./Project_Settings/Startup_Code/system_S32K144.o
 .debug_ranges  0x000002c0       0x10 ./Project_Settings/Startup_Code/startup.o
 .debug_ranges  0x000002d0       0x30 ./FreeRTOS/portable/MemMang/heap_2.o
 .debug_ranges  0x00000300       0x70 ./FreeRTOS/portable/GCC/ARM_CM4F/port.o
 .debug_ranges  0x00000370       0x98 ./FreeRTOS/timers.o
 .debug_ranges  0x00000408      0x198 ./FreeRTOS/tasks.o
 .debug_ranges  0x000005a0       0xc0 ./FreeRTOS/queue.o
 .debug_ranges  0x00000660       0x30 ./FreeRTOS/list.o

.debug_macro    0x00000000    0x1fac6
 .debug_macro   0x00000000      0x27e ./src/main.o
 .debug_macro   0x0000027e      0x886 ./src/main.o
 .debug_macro   0x00000b04       0x52 ./src/main.o
 .debug_macro   0x00000b56       0xa0 ./src/main.o
 .debug_macro   0x00000bf6       0x16 ./src/main.o
 .debug_macro   0x00000c0c       0x64 ./src/main.o
 .debug_macro   0x00000c70      0x185 ./src/main.o
 .debug_macro   0x00000df5      0x140 ./src/main.o
 .debug_macro   0x00000f35       0x16 ./src/main.o
 .debug_macro   0x00000f4b       0x28 ./src/main.o
 .debug_macro   0x00000f73       0x10 ./src/main.o
 .debug_macro   0x00000f83       0x16 ./src/main.o
 .debug_macro   0x00000f99       0x16 ./src/main.o
 .debug_macro   0x00000faf       0x16 ./src/main.o
 .debug_macro   0x00000fc5       0x8b ./src/main.o
 .debug_macro   0x00001050       0x22 ./src/main.o
 .debug_macro   0x00001072       0x10 ./src/main.o
 .debug_macro   0x00001082       0x20 ./src/main.o
 .debug_macro   0x000010a2       0x10 ./src/main.o
 .debug_macro   0x000010b2       0x19 ./src/main.o
 .debug_macro   0x000010cb       0x9d ./src/main.o
 .debug_macro   0x00001168      0x1af ./src/main.o
 .debug_macro   0x00001317     0xdf8d ./src/main.o
 .debug_macro   0x0000f2a4      0x175 ./src/main.o
 .debug_macro   0x0000f419      0x15d ./src/main.o
 .debug_macro   0x0000f576       0xe4 ./src/main.o
 .debug_macro   0x0000f65a       0x10 ./src/main.o
 .debug_macro   0x0000f66a       0x1f ./src/main.o
 .debug_macro   0x0000f689      0x345 ./src/main.o
 .debug_macro   0x0000f9ce       0xc0 ./src/main.o
 .debug_macro   0x0000fa8e       0x8c ./src/main.o
 .debug_macro   0x0000fb1a       0xb0 ./src/main.o
 .debug_macro   0x0000fbca       0x7f ./src/main.o
 .debug_macro   0x0000fc49       0xa0 ./src/main.o
 .debug_macro   0x0000fce9       0x97 ./src/main.o
 .debug_macro   0x0000fd80       0xe7 ./src/main.o
 .debug_macro   0x0000fe67       0xd2 ./src/main.o
 .debug_macro   0x0000ff39       0xb0 ./bl/clocks_and_modes.o
 .debug_macro   0x0000ffe9      0x177 ./bl/bl.o
 .debug_macro   0x00010160     0xdfa2 ./bl/bl.o
 .debug_macro   0x0001e102      0x157 ./bl/SPI_MSD0_Driver.o
 .debug_macro   0x0001e259       0xb4 ./bl/LPUART.o
 .debug_macro   0x0001e30d       0xbf ./bl/FlexCAN.o
 .debug_macro   0x0001e3cc       0xe9 ./Project_Settings/Startup_Code/system_S32K144.o
 .debug_macro   0x0001e4b5       0x10 ./Project_Settings/Startup_Code/system_S32K144.o
 .debug_macro   0x0001e4c5       0x73 ./Project_Settings/Startup_Code/system_S32K144.o
 .debug_macro   0x0001e538      0x978 ./Project_Settings/Startup_Code/system_S32K144.o
 .debug_macro   0x0001eeb0       0x22 ./Project_Settings/Startup_Code/system_S32K144.o
 .debug_macro   0x0001eed2       0x22 ./Project_Settings/Startup_Code/system_S32K144.o
 .debug_macro   0x0001eef4       0xea ./Project_Settings/Startup_Code/startup.o
 .debug_macro   0x0001efde      0x179 ./FreeRTOS/portable/MemMang/heap_2.o
 .debug_macro   0x0001f157       0x2e ./FreeRTOS/portable/MemMang/heap_2.o
 .debug_macro   0x0001f185      0x1f5 ./FreeRTOS/portable/GCC/ARM_CM4F/port.o
 .debug_macro   0x0001f37a      0x188 ./FreeRTOS/timers.o
 .debug_macro   0x0001f502       0x91 ./FreeRTOS/timers.o
 .debug_macro   0x0001f593      0x207 ./FreeRTOS/tasks.o
 .debug_macro   0x0001f79a       0x16 ./FreeRTOS/tasks.o
 .debug_macro   0x0001f7b0      0x1cb ./FreeRTOS/queue.o
 .debug_macro   0x0001f97b      0x14b ./FreeRTOS/list.o

.debug_line     0x00000000     0x7349
 .debug_line    0x00000000      0xab7 ./src/main.o
 .debug_line    0x00000ab7      0x23a ./bl/clocks_and_modes.o
 .debug_line    0x00000cf1      0x42f ./bl/bl.o
 .debug_line    0x00001120      0x5f7 ./bl/SPI_MSD0_Driver.o
 .debug_line    0x00001717      0x24f ./bl/LPUART.o
 .debug_line    0x00001966      0x270 ./bl/FlexCAN.o
 .debug_line    0x00001bd6      0x2b0 ./Project_Settings/Startup_Code/system_S32K144.o
 .debug_line    0x00001e86       0x83 ./Project_Settings/Startup_Code/startup_S32K144.o
 .debug_line    0x00001f09      0x273 ./Project_Settings/Startup_Code/startup.o
 .debug_line    0x0000217c      0x4cf ./FreeRTOS/portable/MemMang/heap_2.o
 .debug_line    0x0000264b      0x5ea ./FreeRTOS/portable/GCC/ARM_CM4F/port.o
 .debug_line    0x00002c35      0x716 ./FreeRTOS/timers.o
 .debug_line    0x0000334b      0xf72 ./FreeRTOS/tasks.o
 .debug_line    0x000042bd      0xb46 ./FreeRTOS/queue.o
 .debug_line    0x00004e03      0x47d ./FreeRTOS/list.o
 .debug_line    0x00005280       0xde /home/houxd/prog/NXP/S32DS_ARM_v2.0/S32DS/arm_ewl2/lib/armv7e-m/fpu/libc99.a(vprintf.o)
 .debug_line    0x0000535e       0xa4 /home/houxd/prog/NXP/S32DS_ARM_v2.0/S32DS/arm_ewl2/lib/armv7e-m/fpu/libc99.a(exit.o)
 .debug_line    0x00005402       0x88 /home/houxd/prog/NXP/S32DS_ARM_v2.0/S32DS/arm_ewl2/lib/armv7e-m/fpu/libc99.a(memcpy.o)
 .debug_line    0x0000548a       0x8f /home/houxd/prog/NXP/S32DS_ARM_v2.0/S32DS/arm_ewl2/lib/armv7e-m/fpu/libc99.a(memset.o)
 .debug_line    0x00005519       0x7c /home/houxd/prog/NXP/S32DS_ARM_v2.0/S32DS/arm_ewl2/lib/armv7e-m/fpu/libc99.a(strchr.o)
 .debug_line    0x00005595       0x7c /home/houxd/prog/NXP/S32DS_ARM_v2.0/S32DS/arm_ewl2/lib/armv7e-m/fpu/libc99.a(strcpy.o)
 .debug_line    0x00005611       0x84 /home/houxd/prog/NXP/S32DS_ARM_v2.0/S32DS/arm_ewl2/lib/armv7e-m/fpu/libc99.a(strlen.o)
 .debug_line    0x00005695       0xe9 /home/houxd/prog/NXP/S32DS_ARM_v2.0/S32DS/arm_ewl2/lib/armv7e-m/fpu/libc99.a(fwide.o)
 .debug_line    0x0000577e      0x566 /home/houxd/prog/NXP/S32DS_ARM_v2.0/S32DS/arm_ewl2/lib/armv7e-m/fpu/libc99.a(__printformat.o)
 .debug_line    0x00005ce4      0x180 /home/houxd/prog/NXP/S32DS_ARM_v2.0/S32DS/arm_ewl2/lib/armv7e-m/fpu/libc99.a(ctype_aeabi.o)
 .debug_line    0x00005e64       0xd1 /home/houxd/prog/NXP/S32DS_ARM_v2.0/S32DS/arm_ewl2/lib/armv7e-m/fpu/libc99.a(secure_error.o)
 .debug_line    0x00005f35       0xcb /home/houxd/prog/NXP/S32DS_ARM_v2.0/S32DS/arm_ewl2/lib/armv7e-m/fpu/libc99.a(ansi_files.o)
 .debug_line    0x00006000      0x188 /home/houxd/prog/NXP/S32DS_ARM_v2.0/S32DS/arm_ewl2/lib/armv7e-m/fpu/libc99.a(fwrite.o)
 .debug_line    0x00006188       0x77 /home/houxd/prog/NXP/S32DS_ARM_v2.0/S32DS/arm_ewl2/lib/armv7e-m/fpu/libc99.a(abort.o)
 .debug_line    0x000061ff      0x16e /home/houxd/prog/NXP/S32DS_ARM_v2.0/S32DS/arm_ewl2/lib/armv7e-m/fpu/libc99.a(mbstowcs_s.o)
 .debug_line    0x0000636d       0xe1 /home/houxd/prog/NXP/S32DS_ARM_v2.0/S32DS/arm_ewl2/lib/armv7e-m/fpu/libc99.a(wctomb.o)
 .debug_line    0x0000644e       0xb2 /home/houxd/prog/NXP/S32DS_ARM_v2.0/S32DS/arm_ewl2/lib/armv7e-m/fpu/libc99.a(__filll_mem.o)
 .debug_line    0x00006500       0x93 /home/houxd/prog/NXP/S32DS_ARM_v2.0/S32DS/arm_ewl2/lib/armv7e-m/fpu/libc99.a(memchr.o)
 .debug_line    0x00006593       0x8f /home/houxd/prog/NXP/S32DS_ARM_v2.0/S32DS/arm_ewl2/lib/armv7e-m/fpu/libc99.a(__memrchr.o)
 .debug_line    0x00006622       0x8b /home/houxd/prog/NXP/S32DS_ARM_v2.0/S32DS/arm_ewl2/lib/armv7e-m/fpu/libc99.a(strncpy.o)
 .debug_line    0x000066ad       0x8a /home/houxd/prog/NXP/S32DS_ARM_v2.0/S32DS/arm_ewl2/lib/armv7e-m/fpu/libc99.a(raise.o)
 .debug_line    0x00006737       0x8a /home/houxd/prog/NXP/S32DS_ARM_v2.0/S32DS/arm_ewl2/lib/armv7e-m/fpu/libc99.a(signal.o)
 .debug_line    0x000067c1       0xf9 /home/houxd/prog/NXP/S32DS_ARM_v2.0/S32DS/arm_ewl2/lib/armv7e-m/fpu/libc99.a(__buffer_io.o)
 .debug_line    0x000068ba      0x1b1 /home/houxd/prog/NXP/S32DS_ARM_v2.0/S32DS/arm_ewl2/lib/armv7e-m/fpu/libm.a(ansi_fp.o)
 .debug_line    0x00006a6b      0x177 /home/houxd/prog/NXP/S32DS_ARM_v2.0/S32DS/arm_ewl2/lib/armv7e-m/fpu/libm.a(math_api.o)
 .debug_line    0x00006be2       0xbd /home/houxd/prog/NXP/S32DS_ARM_v2.0/S32DS/arm_ewl2/lib/armv7e-m/fpu/libm.a(s_frexp.o)
 .debug_line    0x00006c9f       0x74 /home/houxd/prog/NXP/S32DS_ARM_v2.0/S32DS/arm_ewl2/lib/armv7e-m/fpu/librt.a(gcc_ctor_dtor.o)
 .debug_line    0x00006d13      0x11b /home/houxd/prog/NXP/S32DS_ARM_v2.0/S32DS/arm_ewl2/lib/armv7e-m/fpu/librt.a(__arm_eabi_init.o)
 .debug_line    0x00006e2e       0x66 /home/houxd/prog/NXP/S32DS_ARM_v2.0/S32DS/arm_ewl2/lib/armv7e-m/fpu/librt.a(cxxabi_terminate_override.o)
 .debug_line    0x00006e94      0x145 /home/houxd/prog/NXP/S32DS_ARM_v2.0/S32DS/arm_ewl2/lib/armv7e-m/fpu/libhosted.a(semihosted_console_io.o)
 .debug_line    0x00006fd9      0x370 /home/houxd/prog/NXP/S32DS_ARM_v2.0/S32DS/arm_ewl2/lib/armv7e-m/fpu/libhosted.a(semihosted_file_io.o)

.debug_str      0x00000000    0x6e5a6
 .debug_str     0x00000000    0x64451 ./src/main.o
                              0x64599 (size before relaxing)
 .debug_str     0x00064451       0xf1 ./bl/clocks_and_modes.o
                              0x5ddef (size before relaxing)
 .debug_str     0x00064542      0x702 ./bl/bl.o
                              0x5ebde (size before relaxing)
 .debug_str     0x00064c44      0x464 ./bl/SPI_MSD0_Driver.o
                              0x5e915 (size before relaxing)
 .debug_str     0x000650a8       0x93 ./bl/LPUART.o
                              0x5ddce (size before relaxing)
 .debug_str     0x0006513b      0x1a9 ./bl/FlexCAN.o
                              0x5eceb (size before relaxing)
 .debug_str     0x000652e4     0x47dd ./Project_Settings/Startup_Code/system_S32K144.o
                              0x62585 (size before relaxing)
 .debug_str     0x00069ac1      0x120 ./Project_Settings/Startup_Code/startup.o
                              0x624bc (size before relaxing)
 .debug_str     0x00069be1      0x44e ./FreeRTOS/portable/MemMang/heap_2.o
                               0x7acb (size before relaxing)
 .debug_str     0x0006a02f      0x83a ./FreeRTOS/portable/GCC/ARM_CM4F/port.o
                               0x7ee0 (size before relaxing)
 .debug_str     0x0006a869      0xcb2 ./FreeRTOS/timers.o
                               0x8ee4 (size before relaxing)
 .debug_str     0x0006b51b     0x10e3 ./FreeRTOS/tasks.o
                               0x91ee (size before relaxing)
 .debug_str     0x0006c5fe      0x5aa ./FreeRTOS/queue.o
                               0x8949 (size before relaxing)
 .debug_str     0x0006cba8       0x9c ./FreeRTOS/list.o
                               0x7282 (size before relaxing)
 .debug_str     0x0006cc44      0x2eb /home/houxd/prog/NXP/S32DS_ARM_v2.0/S32DS/arm_ewl2/lib/armv7e-m/fpu/libc99.a(vprintf.o)
                                0x408 (size before relaxing)
 .debug_str     0x0006cf2f       0x3b /home/houxd/prog/NXP/S32DS_ARM_v2.0/S32DS/arm_ewl2/lib/armv7e-m/fpu/libc99.a(exit.o)
                                0x24e (size before relaxing)
 .debug_str     0x0006cf6a       0x1c /home/houxd/prog/NXP/S32DS_ARM_v2.0/S32DS/arm_ewl2/lib/armv7e-m/fpu/libc99.a(memcpy.o)
                                0x229 (size before relaxing)
 .debug_str     0x0006cf86       0x1c /home/houxd/prog/NXP/S32DS_ARM_v2.0/S32DS/arm_ewl2/lib/armv7e-m/fpu/libc99.a(memset.o)
                                0x231 (size before relaxing)
 .debug_str     0x0006cfa2       0x1c /home/houxd/prog/NXP/S32DS_ARM_v2.0/S32DS/arm_ewl2/lib/armv7e-m/fpu/libc99.a(strchr.o)
                                0x228 (size before relaxing)
 .debug_str     0x0006cfbe       0x24 /home/houxd/prog/NXP/S32DS_ARM_v2.0/S32DS/arm_ewl2/lib/armv7e-m/fpu/libc99.a(strcpy.o)
                                0x233 (size before relaxing)
 .debug_str     0x0006cfe2       0x1c /home/houxd/prog/NXP/S32DS_ARM_v2.0/S32DS/arm_ewl2/lib/armv7e-m/fpu/libc99.a(strlen.o)
                                0x231 (size before relaxing)
 .debug_str     0x0006cffe       0xb1 /home/houxd/prog/NXP/S32DS_ARM_v2.0/S32DS/arm_ewl2/lib/armv7e-m/fpu/libc99.a(fwide.o)
                                0x4a2 (size before relaxing)
 .debug_str     0x0006d0af      0x364 /home/houxd/prog/NXP/S32DS_ARM_v2.0/S32DS/arm_ewl2/lib/armv7e-m/fpu/libc99.a(__printformat.o)
                                0x820 (size before relaxing)
 .debug_str     0x0006d413       0x9d /home/houxd/prog/NXP/S32DS_ARM_v2.0/S32DS/arm_ewl2/lib/armv7e-m/fpu/libc99.a(ctype_aeabi.o)
                                0x2ad (size before relaxing)
 .debug_str     0x0006d4b0       0xd0 /home/houxd/prog/NXP/S32DS_ARM_v2.0/S32DS/arm_ewl2/lib/armv7e-m/fpu/libc99.a(secure_error.o)
                                0x2e4 (size before relaxing)
 .debug_str     0x0006d580      0x140 /home/houxd/prog/NXP/S32DS_ARM_v2.0/S32DS/arm_ewl2/lib/armv7e-m/fpu/libc99.a(ansi_files.o)
                                0x59b (size before relaxing)
 .debug_str     0x0006d6c0      0x18c /home/houxd/prog/NXP/S32DS_ARM_v2.0/S32DS/arm_ewl2/lib/armv7e-m/fpu/libc99.a(fwrite.o)
                                0x65d (size before relaxing)
 .debug_str     0x0006d84c       0x13 /home/houxd/prog/NXP/S32DS_ARM_v2.0/S32DS/arm_ewl2/lib/armv7e-m/fpu/libc99.a(abort.o)
                                0x230 (size before relaxing)
 .debug_str     0x0006d85f       0x69 /home/houxd/prog/NXP/S32DS_ARM_v2.0/S32DS/arm_ewl2/lib/armv7e-m/fpu/libc99.a(mbstowcs_s.o)
                                0x454 (size before relaxing)
 .debug_str     0x0006d8c8       0x2b /home/houxd/prog/NXP/S32DS_ARM_v2.0/S32DS/arm_ewl2/lib/armv7e-m/fpu/libc99.a(wctomb.o)
                                0x3f8 (size before relaxing)
 .debug_str     0x0006d8f3       0x25 /home/houxd/prog/NXP/S32DS_ARM_v2.0/S32DS/arm_ewl2/lib/armv7e-m/fpu/libc99.a(__filll_mem.o)
                                0x243 (size before relaxing)
 .debug_str     0x0006d918       0x1c /home/houxd/prog/NXP/S32DS_ARM_v2.0/S32DS/arm_ewl2/lib/armv7e-m/fpu/libc99.a(memchr.o)
                                0x239 (size before relaxing)
 .debug_str     0x0006d934       0x22 /home/houxd/prog/NXP/S32DS_ARM_v2.0/S32DS/arm_ewl2/lib/armv7e-m/fpu/libc99.a(__memrchr.o)
                                0x236 (size before relaxing)
 .debug_str     0x0006d956       0x1e /home/houxd/prog/NXP/S32DS_ARM_v2.0/S32DS/arm_ewl2/lib/armv7e-m/fpu/libc99.a(strncpy.o)
                                0x22b (size before relaxing)
 .debug_str     0x0006d974       0x38 /home/houxd/prog/NXP/S32DS_ARM_v2.0/S32DS/arm_ewl2/lib/armv7e-m/fpu/libc99.a(raise.o)
                                0x252 (size before relaxing)
 .debug_str     0x0006d9ac       0x31 /home/houxd/prog/NXP/S32DS_ARM_v2.0/S32DS/arm_ewl2/lib/armv7e-m/fpu/libc99.a(signal.o)
                                0x26a (size before relaxing)
 .debug_str     0x0006d9dd       0x81 /home/houxd/prog/NXP/S32DS_ARM_v2.0/S32DS/arm_ewl2/lib/armv7e-m/fpu/libc99.a(__buffer_io.o)
                                0x48c (size before relaxing)
 .debug_str     0x0006da5e       0x93 /home/houxd/prog/NXP/S32DS_ARM_v2.0/S32DS/arm_ewl2/lib/armv7e-m/fpu/libm.a(ansi_fp.o)
                                0x30a (size before relaxing)
 .debug_str     0x0006daf1       0xe5 /home/houxd/prog/NXP/S32DS_ARM_v2.0/S32DS/arm_ewl2/lib/armv7e-m/fpu/libm.a(math_api.o)
                                0x319 (size before relaxing)
 .debug_str     0x0006dbd6       0x24 /home/houxd/prog/NXP/S32DS_ARM_v2.0/S32DS/arm_ewl2/lib/armv7e-m/fpu/libm.a(s_frexp.o)
                                0x24e (size before relaxing)
 .debug_str     0x0006dbfa      0x2a8 /home/houxd/prog/NXP/S32DS_ARM_v2.0/S32DS/arm_ewl2/lib/armv7e-m/fpu/librt.a(gcc_ctor_dtor.o)
                                0x2b1 (size before relaxing)
 .debug_str     0x0006dea2      0x10d /home/houxd/prog/NXP/S32DS_ARM_v2.0/S32DS/arm_ewl2/lib/armv7e-m/fpu/librt.a(__arm_eabi_init.o)
                                0x2e2 (size before relaxing)
 .debug_str     0x0006dfaf      0x227 /home/houxd/prog/NXP/S32DS_ARM_v2.0/S32DS/arm_ewl2/lib/armv7e-m/fpu/librt.a(cxxabi_terminate_override.o)
                                0x270 (size before relaxing)
 .debug_str     0x0006e1d6       0x9b /home/houxd/prog/NXP/S32DS_ARM_v2.0/S32DS/arm_ewl2/lib/armv7e-m/fpu/libhosted.a(semihosted_console_io.o)
                                0x2cf (size before relaxing)
 .debug_str     0x0006e271      0x335 /home/houxd/prog/NXP/S32DS_ARM_v2.0/S32DS/arm_ewl2/lib/armv7e-m/fpu/libhosted.a(semihosted_file_io.o)
                                0x715 (size before relaxing)

.comment        0x00000000       0x70
 .comment       0x00000000       0x70 ./src/main.o
                                 0x71 (size before relaxing)
 .comment       0x00000000       0x71 ./bl/clocks_and_modes.o
 .comment       0x00000000       0x71 ./bl/bl.o
 .comment       0x00000000       0x71 ./bl/SPI_MSD0_Driver.o
 .comment       0x00000000       0x71 ./bl/LPUART.o
 .comment       0x00000000       0x71 ./bl/FlexCAN.o
 .comment       0x00000000       0x71 ./Project_Settings/Startup_Code/system_S32K144.o
 .comment       0x00000000       0x71 ./Project_Settings/Startup_Code/startup.o
 .comment       0x00000000       0x71 ./FreeRTOS/portable/MemMang/heap_2.o
 .comment       0x00000000       0x71 ./FreeRTOS/portable/GCC/ARM_CM4F/port.o
 .comment       0x00000000       0x71 ./FreeRTOS/timers.o
 .comment       0x00000000       0x71 ./FreeRTOS/tasks.o
 .comment       0x00000000       0x71 ./FreeRTOS/queue.o
 .comment       0x00000000       0x71 ./FreeRTOS/list.o
 .comment       0x00000000       0x71 /home/houxd/prog/NXP/S32DS_ARM_v2.0/S32DS/arm_ewl2/lib/armv7e-m/fpu/libc99.a(vprintf.o)
 .comment       0x00000000       0x71 /home/houxd/prog/NXP/S32DS_ARM_v2.0/S32DS/arm_ewl2/lib/armv7e-m/fpu/libc99.a(exit.o)
 .comment       0x00000000       0x71 /home/houxd/prog/NXP/S32DS_ARM_v2.0/S32DS/arm_ewl2/lib/armv7e-m/fpu/libc99.a(memcpy.o)
 .comment       0x00000000       0x71 /home/houxd/prog/NXP/S32DS_ARM_v2.0/S32DS/arm_ewl2/lib/armv7e-m/fpu/libc99.a(memset.o)
 .comment       0x00000000       0x71 /home/houxd/prog/NXP/S32DS_ARM_v2.0/S32DS/arm_ewl2/lib/armv7e-m/fpu/libc99.a(strchr.o)
 .comment       0x00000000       0x71 /home/houxd/prog/NXP/S32DS_ARM_v2.0/S32DS/arm_ewl2/lib/armv7e-m/fpu/libc99.a(strcpy.o)
 .comment       0x00000000       0x71 /home/houxd/prog/NXP/S32DS_ARM_v2.0/S32DS/arm_ewl2/lib/armv7e-m/fpu/libc99.a(strlen.o)
 .comment       0x00000000       0x71 /home/houxd/prog/NXP/S32DS_ARM_v2.0/S32DS/arm_ewl2/lib/armv7e-m/fpu/libc99.a(fwide.o)
 .comment       0x00000000       0x71 /home/houxd/prog/NXP/S32DS_ARM_v2.0/S32DS/arm_ewl2/lib/armv7e-m/fpu/libc99.a(__printformat.o)
 .comment       0x00000000       0x71 /home/houxd/prog/NXP/S32DS_ARM_v2.0/S32DS/arm_ewl2/lib/armv7e-m/fpu/libc99.a(ctype_aeabi.o)
 .comment       0x00000000       0x71 /home/houxd/prog/NXP/S32DS_ARM_v2.0/S32DS/arm_ewl2/lib/armv7e-m/fpu/libc99.a(secure_error.o)
 .comment       0x00000000       0x71 /home/houxd/prog/NXP/S32DS_ARM_v2.0/S32DS/arm_ewl2/lib/armv7e-m/fpu/libc99.a(ansi_files.o)
 .comment       0x00000000       0x71 /home/houxd/prog/NXP/S32DS_ARM_v2.0/S32DS/arm_ewl2/lib/armv7e-m/fpu/libc99.a(fwrite.o)
 .comment       0x00000000       0x71 /home/houxd/prog/NXP/S32DS_ARM_v2.0/S32DS/arm_ewl2/lib/armv7e-m/fpu/libc99.a(abort.o)
 .comment       0x00000000       0x71 /home/houxd/prog/NXP/S32DS_ARM_v2.0/S32DS/arm_ewl2/lib/armv7e-m/fpu/libc99.a(mbstowcs_s.o)
 .comment       0x00000000       0x71 /home/houxd/prog/NXP/S32DS_ARM_v2.0/S32DS/arm_ewl2/lib/armv7e-m/fpu/libc99.a(wctomb.o)
 .comment       0x00000000       0x71 /home/houxd/prog/NXP/S32DS_ARM_v2.0/S32DS/arm_ewl2/lib/armv7e-m/fpu/libc99.a(__filll_mem.o)
 .comment       0x00000000       0x71 /home/houxd/prog/NXP/S32DS_ARM_v2.0/S32DS/arm_ewl2/lib/armv7e-m/fpu/libc99.a(memchr.o)
 .comment       0x00000000       0x71 /home/houxd/prog/NXP/S32DS_ARM_v2.0/S32DS/arm_ewl2/lib/armv7e-m/fpu/libc99.a(__memrchr.o)
 .comment       0x00000000       0x71 /home/houxd/prog/NXP/S32DS_ARM_v2.0/S32DS/arm_ewl2/lib/armv7e-m/fpu/libc99.a(strncpy.o)
 .comment       0x00000000       0x71 /home/houxd/prog/NXP/S32DS_ARM_v2.0/S32DS/arm_ewl2/lib/armv7e-m/fpu/libc99.a(raise.o)
 .comment       0x00000000       0x71 /home/houxd/prog/NXP/S32DS_ARM_v2.0/S32DS/arm_ewl2/lib/armv7e-m/fpu/libc99.a(signal.o)
 .comment       0x00000000       0x71 /home/houxd/prog/NXP/S32DS_ARM_v2.0/S32DS/arm_ewl2/lib/armv7e-m/fpu/libc99.a(__buffer_io.o)
 .comment       0x00000000       0x71 /home/houxd/prog/NXP/S32DS_ARM_v2.0/S32DS/arm_ewl2/lib/armv7e-m/fpu/libm.a(ansi_fp.o)
 .comment       0x00000000       0x71 /home/houxd/prog/NXP/S32DS_ARM_v2.0/S32DS/arm_ewl2/lib/armv7e-m/fpu/libm.a(math_api.o)
 .comment       0x00000000       0x71 /home/houxd/prog/NXP/S32DS_ARM_v2.0/S32DS/arm_ewl2/lib/armv7e-m/fpu/libm.a(s_frexp.o)
 .comment       0x00000000       0x71 /home/houxd/prog/NXP/S32DS_ARM_v2.0/S32DS/arm_ewl2/lib/armv7e-m/fpu/librt.a(gcc_ctor_dtor.o)
 .comment       0x00000000       0x71 /home/houxd/prog/NXP/S32DS_ARM_v2.0/S32DS/arm_ewl2/lib/armv7e-m/fpu/librt.a(__arm_eabi_init.o)
 .comment       0x00000000       0x71 /home/houxd/prog/NXP/S32DS_ARM_v2.0/S32DS/arm_ewl2/lib/armv7e-m/fpu/librt.a(cxxabi_terminate_override.o)
 .comment       0x00000000       0x71 /home/houxd/prog/NXP/S32DS_ARM_v2.0/S32DS/arm_ewl2/lib/armv7e-m/fpu/libhosted.a(semihosted_console_io.o)
 .comment       0x00000000       0x71 /home/houxd/prog/NXP/S32DS_ARM_v2.0/S32DS/arm_ewl2/lib/armv7e-m/fpu/libhosted.a(semihosted_file_io.o)

.debug_frame    0x00000000     0x2994
 .debug_frame   0x00000000      0x4a8 ./src/main.o
 .debug_frame   0x000004a8       0x70 ./bl/clocks_and_modes.o
 .debug_frame   0x00000518      0x250 ./bl/bl.o
 .debug_frame   0x00000768      0x29c ./bl/SPI_MSD0_Driver.o
 .debug_frame   0x00000a04       0xdc ./bl/LPUART.o
 .debug_frame   0x00000ae0       0x88 ./bl/FlexCAN.o
 .debug_frame   0x00000b68       0x80 ./Project_Settings/Startup_Code/system_S32K144.o
 .debug_frame   0x00000be8       0x38 ./Project_Settings/Startup_Code/startup.o