Archive member included because of file (symbol)

/home/houxd/prog/NXP/S32DS_ARM_v2.0/S32DS/arm_ewl2/lib/armv7e-m/fpu/libc99.a(snprintf.o)
                              ./src/timelib.o (snprintf)
/home/houxd/prog/NXP/S32DS_ARM_v2.0/S32DS/arm_ewl2/lib/armv7e-m/fpu/libc99.a(sscanf.o)
                              ./src/main.o (sscanf)
/home/houxd/prog/NXP/S32DS_ARM_v2.0/S32DS/arm_ewl2/lib/armv7e-m/fpu/libc99.a(vsnprintf.o)
                              ./src/oswrapper.o (vsnprintf)
/home/houxd/prog/NXP/S32DS_ARM_v2.0/S32DS/arm_ewl2/lib/armv7e-m/fpu/libc99.a(vsscanf.o)
                              /home/houxd/prog/NXP/S32DS_ARM_v2.0/S32DS/arm_ewl2/lib/armv7e-m/fpu/libc99.a(sscanf.o) (vsscanf)
/home/houxd/prog/NXP/S32DS_ARM_v2.0/S32DS/arm_ewl2/lib/armv7e-m/fpu/libc99.a(exit.o)
                              /home/houxd/prog/NXP/S32DS_ARM_v2.0/S32DS/arm_ewl2/lib/armv7e-m/fpu/__arm_start-hosted.o (exit)
/home/houxd/prog/NXP/S32DS_ARM_v2.0/S32DS/arm_ewl2/lib/armv7e-m/fpu/libc99.a(strtoul.o)
                              ./src/main.o (strtoul)
/home/houxd/prog/NXP/S32DS_ARM_v2.0/S32DS/arm_ewl2/lib/armv7e-m/fpu/libc99.a(strtoull.o)
                              /home/houxd/prog/NXP/S32DS_ARM_v2.0/S32DS/arm_ewl2/lib/armv7e-m/fpu/libc99.a(strtoul.o) (strtoull)
/home/houxd/prog/NXP/S32DS_ARM_v2.0/S32DS/arm_ewl2/lib/armv7e-m/fpu/libc99.a(memcpy.o)
                              ./FreeRTOS/queue.o (memcpy)
/home/houxd/prog/NXP/S32DS_ARM_v2.0/S32DS/arm_ewl2/lib/armv7e-m/fpu/libc99.a(memset.o)
                              /home/houxd/prog/NXP/S32DS_ARM_v2.0/S32DS/arm_ewl2/lib/armv7e-m/fpu/__arm_start-hosted.o (memset)
/home/houxd/prog/NXP/S32DS_ARM_v2.0/S32DS/arm_ewl2/lib/armv7e-m/fpu/libc99.a(strchr.o)
                              ./src/convert.o (strchr)
/home/houxd/prog/NXP/S32DS_ARM_v2.0/S32DS/arm_ewl2/lib/armv7e-m/fpu/libc99.a(strcmp.o)
                              ./src/main.o (strcmp)
/home/houxd/prog/NXP/S32DS_ARM_v2.0/S32DS/arm_ewl2/lib/armv7e-m/fpu/libc99.a(strcpy.o)
                              ./src/main.o (strcpy)
/home/houxd/prog/NXP/S32DS_ARM_v2.0/S32DS/arm_ewl2/lib/armv7e-m/fpu/libc99.a(strlen.o)
                              ./src/main.o (strlen)
/home/houxd/prog/NXP/S32DS_ARM_v2.0/S32DS/arm_ewl2/lib/armv7e-m/fpu/libc99.a(strncmp.o)
                              ./src/main.o (strncmp)
/home/houxd/prog/NXP/S32DS_ARM_v2.0/S32DS/arm_ewl2/lib/armv7e-m/fpu/libc99.a(strspn.o)
                              ./src/main.o (strspn)
/home/houxd/prog/NXP/S32DS_ARM_v2.0/S32DS/arm_ewl2/lib/armv7e-m/fpu/libc99.a(fgetwc.o)
                              /home/houxd/prog/NXP/S32DS_ARM_v2.0/S32DS/arm_ewl2/lib/armv7e-m/fpu/libc99.a(snprintf.o) (getwc)
/home/houxd/prog/NXP/S32DS_ARM_v2.0/S32DS/arm_ewl2/lib/armv7e-m/fpu/libc99.a(wcstoll.o)
                              /home/houxd/prog/NXP/S32DS_ARM_v2.0/S32DS/arm_ewl2/lib/armv7e-m/fpu/libc99.a(strtoul.o) (wcstoll)
/home/houxd/prog/NXP/S32DS_ARM_v2.0/S32DS/arm_ewl2/lib/armv7e-m/fpu/libc99.a(__wcstoull.o)
                              /home/houxd/prog/NXP/S32DS_ARM_v2.0/S32DS/arm_ewl2/lib/armv7e-m/fpu/libc99.a(wcstoll.o) (__wcstoull)
/home/houxd/prog/NXP/S32DS_ARM_v2.0/S32DS/arm_ewl2/lib/armv7e-m/fpu/libc99.a(wcstoull.o)
                              /home/houxd/prog/NXP/S32DS_ARM_v2.0/S32DS/arm_ewl2/lib/armv7e-m/fpu/libc99.a(strtoul.o) (wcstoull)
/home/houxd/prog/NXP/S32DS_ARM_v2.0/S32DS/arm_ewl2/lib/armv7e-m/fpu/libc99.a(__wgetchar.o)
                              /home/houxd/prog/NXP/S32DS_ARM_v2.0/S32DS/arm_ewl2/lib/armv7e-m/fpu/libc99.a(fgetwc.o) (__fgetwc)
/home/houxd/prog/NXP/S32DS_ARM_v2.0/S32DS/arm_ewl2/lib/armv7e-m/fpu/libc99.a(__wsread.o)
                              /home/houxd/prog/NXP/S32DS_ARM_v2.0/S32DS/arm_ewl2/lib/armv7e-m/fpu/libc99.a(wcstoll.o) (__wStringRead)
/home/houxd/prog/NXP/S32DS_ARM_v2.0/S32DS/arm_ewl2/lib/armv7e-m/fpu/libc99.a(iswalpha.o)
                              /home/houxd/prog/NXP/S32DS_ARM_v2.0/S32DS/arm_ewl2/lib/armv7e-m/fpu/libc99.a(__wcstoull.o) (iswalpha)
/home/houxd/prog/NXP/S32DS_ARM_v2.0/S32DS/arm_ewl2/lib/armv7e-m/fpu/libc99.a(iswdigit.o)
                              /home/houxd/prog/NXP/S32DS_ARM_v2.0/S32DS/arm_ewl2/lib/armv7e-m/fpu/libc99.a(__wcstoull.o) (iswdigit)
/home/houxd/prog/NXP/S32DS_ARM_v2.0/S32DS/arm_ewl2/lib/armv7e-m/fpu/libc99.a(iswspace.o)
                              /home/houxd/prog/NXP/S32DS_ARM_v2.0/S32DS/arm_ewl2/lib/armv7e-m/fpu/libc99.a(__wcstoull.o) (iswspace)
/home/houxd/prog/NXP/S32DS_ARM_v2.0/S32DS/arm_ewl2/lib/armv7e-m/fpu/libc99.a(towupper.o)
                              /home/houxd/prog/NXP/S32DS_ARM_v2.0/S32DS/arm_ewl2/lib/armv7e-m/fpu/libc99.a(__wcstoull.o) (towupper)
/home/houxd/prog/NXP/S32DS_ARM_v2.0/S32DS/arm_ewl2/lib/armv7e-m/fpu/libc99.a(__printformat.o)
                              /home/houxd/prog/NXP/S32DS_ARM_v2.0/S32DS/arm_ewl2/lib/armv7e-m/fpu/libc99.a(vsnprintf.o) (__pformatter)
/home/houxd/prog/NXP/S32DS_ARM_v2.0/S32DS/arm_ewl2/lib/armv7e-m/fpu/libc99.a(__scanformat.o)
[...]
Memory Configuration

Name             Origin             Length             Attributes
m_interrupts     0x00000000         0x00000400         xr
m_flash_config   0x00000400         0x00000010         xr
m_text           0x00000410         0x0007fbf0         xr
m_data           0x1fff8000         0x00008000         rw
m_data_2         0x20000000         0x00007000         rw
*default*        0x00000000         0xffffffff

Linker script and memory map

LOAD /home/houxd/prog/NXP/S32DS_ARM_v2.0/S32DS/arm_ewl2/lib/armv7e-m/fpu/__arm_start-hosted.o
LOAD ./src/timelib.o
LOAD ./src/oswrapper.o
LOAD ./src/main.o
LOAD ./src/convert.o
LOAD ./fatfs/unicode.o
LOAD ./fatfs/ff.o
LOAD ./fatfs/diskio.o
LOAD ./fatfs/ccsbcs.o
LOAD ./bl/softonewire.o
LOAD ./bl/softi2c.o
LOAD ./bl/ds3231.o
LOAD ./bl/ds2411.o
LOAD ./bl/clocks_and_modes.o
LOAD ./bl/bl.o
LOAD ./bl/SPI_MSD0_Driver.o
LOAD ./bl/LPUART.o
LOAD ./bl/FlexCAN.o
LOAD ./Project_Settings/Startup_Code/system_S32K144.o
LOAD ./Project_Settings/Startup_Code/startup_S32K144.o
LOAD ./Project_Settings/Startup_Code/startup.o
LOAD ./FreeRTOS/portable/MemMang/heap_2.o
LOAD ./FreeRTOS/portable/GCC/ARM_CM4F/port.o
LOAD ./FreeRTOS/timers.o
LOAD ./FreeRTOS/tasks.o
LOAD ./FreeRTOS/queue.o
LOAD ./FreeRTOS/list.o
LOAD ./FreeRTOS/event_groups.o
LOAD ./FreeRTOS/croutine.o
LOAD /home/houxd/prog/NXP/S32DS_ARM_v2.0/S32DS/arm_ewl2/lib/armv7e-m/fpu/libstdc++.a
LOAD /home/houxd/prog/NXP/S32DS_ARM_v2.0/S32DS/arm_ewl2/lib/armv7e-m/fpu/libm.a
START GROUP
LOAD /home/houxd/prog/NXP/S32DS_ARM_v2.0/S32DS/arm_ewl2/lib/armv7e-m/fpu/libc99.a
LOAD /home/houxd/prog/NXP/S32DS_ARM_v2.0/S32DS/arm_ewl2/lib/armv7e-m/fpu/libstdc++.a
LOAD /home/houxd/prog/NXP/S32DS_ARM_v2.0/S32DS/arm_ewl2/lib/armv7e-m/fpu/libm.a
LOAD /home/houxd/prog/NXP/S32DS_ARM_v2.0/Cross_Tools/gcc-arm-none-eabi-4_9/bin/../lib/gcc/arm-none-eabi/4.9.3/armv7e-m/fpu/libgcc.a
LOAD /home/houxd/prog/NXP/S32DS_ARM_v2.0/S32DS/arm_ewl2/lib/armv7e-m/fpu/librt.a
LOAD /home/houxd/prog/NXP/S32DS_ARM_v2.0/S32DS/arm_ewl2/lib/armv7e-m/fpu/libsupc++.a
LOAD /home/houxd/prog/NXP/S32DS_ARM_v2.0/S32DS/arm_ewl2/lib/armv7e-m/fpu/libhosted.a
END GROUP
LOAD /home/houxd/prog/NXP/S32DS_ARM_v2.0/S32DS/arm_ewl2/lib/armv7e-m/fpu/__arm_end-hosted.o
                0x00000400                HEAP_SIZE = DEFINED (__heap_size__)?__heap_size__:0x400
                0x00000400                STACK_SIZE = DEFINED (__stack_size__)?__stack_size__:0x400
                0x00000400                M_VECTOR_RAM_SIZE = DEFINED (__flash_vector_table__)?0x0:0x400

.interrupts     0x00000000      0x400
                0x00000000                __VECTOR_TABLE = .
                0x00000000                . = ALIGN (0x4)
 *(.isr_vector)
 .isr_vector    0x00000000      0x400 ./Project_Settings/Startup_Code/startup_S32K144.o
                0x00000000                __isr_vector
                0x00000400                . = ALIGN (0x4)

.flash_config   0x00000400       0x10
                0x00000400                . = ALIGN (0x4)
 *(.FlashConfig)
 .FlashConfig   0x00000400       0x10 ./Project_Settings/Startup_Code/startup_S32K144.o
                0x00000410                . = ALIGN (0x4)

.text           0x00000410     0xf7f0
                0x00000410                . = ALIGN (0x4)
 *(.text)
 .text          0x00000410       0x44 ./Project_Settings/Startup_Code/startup_S32K144.o
                0x00000410                Reset_Handler
                0x00000450                Reserved54_IRQHandler
                0x00000450                DebugMon_Handler
                0x00000450                Reserved88_IRQHandler
                0x00000450                CAN0_ORed_IRQHandler
                0x00000450                HardFault_Handler
                0x00000450                Reserved86_IRQHandler
                0x00000450                Reserved103_IRQHandler
                0x00000450                FTM2_Ovf_Reload_IRQHandler
                0x00000450                Reserved50_IRQHandler
                0x00000450                FTFC_Fault_IRQHandler
                0x00000450                FTM0_Ch6_Ch7_IRQHandler
                0x00000450                Reserved114_IRQHandler
                0x00000450                NMI_Handler
                0x00000450                Reserved89_IRQHandler
                0x00000450                ERM_double_fault_IRQHandler
                0x00000450                DMA2_IRQHandler
                0x00000450                Reserved59_IRQHandler
                0x00000450                LPIT0_Ch0_IRQHandler
                0x00000450                Reserved99_IRQHandler
                0x00000450                FTM3_Ch6_Ch7_IRQHandler
                0x00000450                CAN2_ORed_0_15_MB_IRQHandler
                0x00000450                LPIT0_Ch3_IRQHandler
                0x00000450                Reserved92_IRQHandler
                0x00000450                FTM0_Ch4_Ch5_IRQHandler
                0x00000450                CAN1_Error_IRQHandler
                0x00000450                FTM3_Ch0_Ch1_IRQHandler
                0x00000450                SWI_IRQHandler
                0x00000450                ADC0_IRQHandler
                0x00000450                FTM2_Ch4_Ch5_IRQHandler
                0x00000450                UsageFault_Handler
                0x00000450                FTM0_Ovf_Reload_IRQHandler
                0x00000450                DefaultISR
                0x00000450                DMA9_IRQHandler
                0x00000450                Reserved58_IRQHandler
                0x00000450                CAN1_ORed_0_15_MB_IRQHandler
                0x00000450                FTM1_Ch2_Ch3_IRQHandler
                0x00000450                DMA14_IRQHandler
                0x00000450                Reserved82_IRQHandler
                0x00000450                CAN0_ORed_16_31_MB_IRQHandler
                0x00000450                LPI2C0_Slave_IRQHandler
                0x00000450                Reserved71_IRQHandler
                0x00000450                PORTD_IRQHandler
                0x00000450                Reserved69_IRQHandler
                0x00000450                PORTB_IRQHandler
                0x00000450                Reserved70_IRQHandler
                0x00000450                ADC1_IRQHandler
                0x00000450                FTM2_Ch2_Ch3_IRQHandler
                0x00000450                Reserved53_IRQHandler
                0x00000450                DMA5_IRQHandler
                0x00000450                RTC_IRQHandler
                0x00000450                PDB0_IRQHandler
                0x00000450                FTM2_Ch6_Ch7_IRQHandler
                0x00000450                FTM3_Ch2_Ch3_IRQHandler
                0x00000450                FTM2_Ch0_Ch1_IRQHandler
                0x00000450                LPSPI1_IRQHandler
                0x00000450                RTC_Seconds_IRQHandler
                0x00000450                CAN2_ORed_IRQHandler
                0x00000450                Reserved72_IRQHandler
                0x00000450                Reserved110_IRQHandler
                0x00000450                DMA11_IRQHandler
                0x00000450                Reserved107_IRQHandler
                0x00000450                Read_Collision_IRQHandler
                0x00000450                CAN2_Error_IRQHandler
                0x00000450                FTFC_IRQHandler
                0x00000450                DMA7_IRQHandler
                0x00000450                FTM1_Ch6_Ch7_IRQHandler
                0x00000450                Reserved105_IRQHandler
                0x00000450                LPIT0_Ch1_IRQHandler
                0x00000450                FTM1_Ch4_Ch5_IRQHandler
                0x00000450                FTM3_Ovf_Reload_IRQHandler
                0x00000450                LPSPI0_IRQHandler
                0x00000450                WDOG_EWM_IRQHandler
                0x00000450                MemManage_Handler
                0x00000450                Reserved90_IRQHandler
                0x00000450                Reserved83_IRQHandler
                0x00000450                FTM0_Fault_IRQHandler
                0x00000450                Reserved48_IRQHandler
                0x00000450                ERM_single_fault_IRQHandler
                0x00000450                FTM2_Fault_IRQHandler
                0x00000450                FTM0_Ch2_Ch3_IRQHandler
                0x00000450                DMA13_IRQHandler
                0x00000450                FTM0_Ch0_Ch1_IRQHandler
                0x00000450                FTM3_Fault_IRQHandler
                0x00000450                RCM_IRQHandler
                0x00000450                DMA3_IRQHandler
                0x00000450                Reserved100_IRQHandler
                0x00000450                DMA0_IRQHandler
                0x00000450                Reserved91_IRQHandler
                0x00000450                CAN1_ORed_IRQHandler
                0x00000450                DMA15_IRQHandler
                0x00000450                SCG_IRQHandler
                0x00000450                PDB1_IRQHandler
                0x00000450                Reserved81_IRQHandler
                0x00000450                Reserved46_IRQHandler
                0x00000450                Reserved45_IRQHandler
                0x00000450                CAN0_Error_IRQHandler
                0x00000450                Reserved112_IRQHandler
                0x00000450                LPI2C0_Master_IRQHandler
                0x00000450                DMA4_IRQHandler
                0x00000450                FTM1_Fault_IRQHandler
                0x00000450                Reserved106_IRQHandler
                0x00000450                DMA_Error_IRQHandler
                0x00000450                LVD_LVW_IRQHandler
                0x00000450                LPIT0_Ch2_IRQHandler
                0x00000450                PORTA_IRQHandler
                0x00000450                MCM_IRQHandler
                0x00000450                LPSPI2_IRQHandler
                0x00000450                DMA12_IRQHandler
                0x00000450                FTM3_Ch4_Ch5_IRQHandler
                0x00000450                CAN0_ORed_0_15_MB_IRQHandler
                0x00000450                PORTE_IRQHandler
                0x00000450                LPTMR0_IRQHandler
                0x00000450                BusFault_Handler
                0x00000450                Reserved87_IRQHandler
                0x00000450                FTM1_Ovf_Reload_IRQHandler
                0x00000450                DMA8_IRQHandler
                0x00000450                Reserved93_IRQHandler
                0x00000450                DMA10_IRQHandler
                0x00000450                CAN0_Wake_Up_IRQHandler
                0x00000450                CMP0_IRQHandler
                0x00000450                Reserved52_IRQHandler
                0x00000450                PORTC_IRQHandler
                0x00000450                DMA6_IRQHandler
                0x00000450                FTM1_Ch0_Ch1_IRQHandler
                0x00000450                FLEXIO_IRQHandler
                0x00000450                DMA1_IRQHandler
                0x00000450                Reserved113_IRQHandler
 .text          0x00000454      0x370 /home/houxd/prog/NXP/S32DS_ARM_v2.0/Cross_Tools/gcc-arm-none-eabi-4_9/bin/../lib/gcc/arm-none-eabi/4.9.3/armv7e-m/fpu/libgcc.a(_arm_addsubdf3.o)
                0x00000454                __aeabi_drsub
                0x0000045c                __aeabi_dsub
                0x0000045c                __subdf3
                0x00000460                __adddf3
                0x00000460                __aeabi_dadd
                0x000006d8                __aeabi_ui2d
                0x000006d8                __floatunsidf
                0x000006f8                __floatsidf
                0x000006f8                __aeabi_i2d
                0x0000071c                __extendsfdf2
                0x0000071c                __aeabi_f2d
                0x00000758                __aeabi_ul2d
                0x00000758                __floatundidf
                0x00000768                __floatdidf
                0x00000768                __aeabi_l2d
 .text          0x000007c4      0x424 /home/houxd/prog/NXP/S32DS_ARM_v2.0/Cross_Tools/gcc-arm-none-eabi-4_9/bin/../lib/gcc/arm-none-eabi/4.9.3/armv7e-m/fpu/libgcc.a(_arm_muldivdf3.o)
                0x000007c4                __aeabi_dmul
                0x000007c4                __muldf3
                0x00000a18                __aeabi_ddiv
                0x00000a18                __divdf3
 .text          0x00000be8      0x110 /home/houxd/prog/NXP/S32DS_ARM_v2.0/Cross_Tools/gcc-arm-none-eabi-4_9/bin/../lib/gcc/arm-none-eabi/4.9.3/armv7e-m/fpu/libgcc.a(_arm_cmpdf2.o)
                0x00000be8                __gtdf2
                0x00000be8                __gedf2
                0x00000bf0                __ltdf2
                0x00000bf0                __ledf2
                0x00000bf8                __cmpdf2
                0x00000bf8                __eqdf2
                0x00000bf8                __nedf2
                0x00000c74                __aeabi_cdrcmple
                0x00000c84                __aeabi_cdcmple
                0x00000c84                __aeabi_cdcmpeq
                0x00000c94                __aeabi_dcmpeq
                0x00000ca8                __aeabi_dcmplt
                0x00000cbc                __aeabi_dcmple
                0x00000cd0                __aeabi_dcmpge
                0x00000ce4                __aeabi_dcmpgt
 .text          0x00000cf8       0x50 /home/houxd/prog/NXP/S32DS_ARM_v2.0/Cross_Tools/gcc-arm-none-eabi-4_9/bin/../lib/gcc/arm-none-eabi/4.9.3/armv7e-m/fpu/libgcc.a(_arm_fixdfsi.o)
                0x00000cf8                __fixdfsi
                0x00000cf8                __aeabi_d2iz
 .text          0x00000d48       0xa0 /home/houxd/prog/NXP/S32DS_ARM_v2.0/Cross_Tools/gcc-arm-none-eabi-4_9/bin/../lib/gcc/arm-none-eabi/4.9.3/armv7e-m/fpu/libgcc.a(_arm_truncdfsf2.o)
                0x00000d48                __aeabi_d2f
                0x00000d48                __truncdfsf2
 .text          0x00000de8       0x30 /home/houxd/prog/NXP/S32DS_ARM_v2.0/Cross_Tools/gcc-arm-none-eabi-4_9/bin/../lib/gcc/arm-none-eabi/4.9.3/armv7e-m/fpu/libgcc.a(_aeabi_uldivmod.o)
                0x00000de8                __aeabi_uldivmod
 .text          0x00000e18        0x4 /home/houxd/prog/NXP/S32DS_ARM_v2.0/Cross_Tools/gcc-arm-none-eabi-4_9/bin/../lib/gcc/arm-none-eabi/4.9.3/armv7e-m/fpu/libgcc.a(_clear_cache.o)
                0x00000e18                __clear_cache
 .text          0x00000e1c       0x60 /home/houxd/prog/NXP/S32DS_ARM_v2.0/Cross_Tools/gcc-arm-none-eabi-4_9/bin/../lib/gcc/arm-none-eabi/4.9.3/armv7e-m/fpu/libgcc.a(bpabi.o)
                0x00000e1c                __gnu_ldivmod_helper
                0x00000e4c                __gnu_uldivmod_helper
 .text          0x00000e7c        0x4 /home/houxd/prog/NXP/S32DS_ARM_v2.0/Cross_Tools/gcc-arm-none-eabi-4_9/bin/../lib/gcc/arm-none-eabi/4.9.3/armv7e-m/fpu/libgcc.a(_dvmd_tls.o)
                0x00000e7c                __aeabi_ldiv0
                0x00000e7c                __aeabi_idiv0
 .text          0x00000e80      0x29c /home/houxd/prog/NXP/S32DS_ARM_v2.0/Cross_Tools/gcc-arm-none-eabi-4_9/bin/../lib/gcc/arm-none-eabi/4.9.3/armv7e-m/fpu/libgcc.a(_divdi3.o)
                0x00000e80                __divdi3
 .text          0x0000111c      0x26c /home/houxd/prog/NXP/S32DS_ARM_v2.0/Cross_Tools/gcc-arm-none-eabi-4_9/bin/../lib/gcc/arm-none-eabi/4.9.3/armv7e-m/fpu/libgcc.a(_udivdi3.o)
                0x0000111c                __udivdi3
 *(.text*)
 .text.time     0x00001388       0x74 ./src/timelib.o
                0x00001388                time
 .text.mktime_z
                0x000013fc       0xdc ./src/timelib.o
                0x000013fc                mktime_z
 .text.mktime   0x000014d8       0x24 ./src/timelib.o
                0x000014d8                mktime
 .text.localtime_z
                0x000014fc      0x1a0 ./src/timelib.o
                0x000014fc                localtime_z
 .text.__timezone
                0x0000169c       0x2c ./src/timelib.o
                0x0000169c                __timezone
 .text.localtime_s
                0x000016c8       0x40 ./src/timelib.o
                0x000016c8                localtime_s
 .text.localtime
                0x00001708       0x20 ./src/timelib.o
                0x00001708                localtime
 .text.asctime_s
                0x00001728       0x88 ./src/timelib.o
                0x00001728                asctime_s
 .text.asctime  0x000017b0       0x20 ./src/timelib.o
                0x000017b0                asctime
 .text.os_trace_init
                0x000017d0       0x10 ./src/oswrapper.o
                0x000017d0                os_trace_init
 .text.os_trace
                0x000017e0       0x50 ./src/oswrapper.o
                0x000017e0                os_trace
 .text.os_console_gets
                0x00001830       0x20 ./src/oswrapper.o
                0x00001830                os_console_gets
 .text.os_mutex_create
                0x00001850       0x48 ./src/oswrapper.o
                0x00001850                os_mutex_create
 .text.os_mutex_lock
                0x00001898       0x40 ./src/oswrapper.o
                0x00001898                os_mutex_lock
 .text.os_mutex_unlock
                0x000018d8       0x3c ./src/oswrapper.o
                0x000018d8                os_mutex_unlock
 .text.os_sleep_ms
                0x00001914       0x18 ./src/oswrapper.o
                0x00001914                os_sleep_ms
 .text.test_buzzer
                0x0000192c       0x54 ./src/main.o
                0x0000192c                test_buzzer
 .text.test_sd  0x00001980      0x194 ./src/main.o
 .text.can_task_proc
                0x00001b14       0x9c ./src/main.o
 .text.test_can
                0x00001bb0      0x1e8 ./src/main.o
 .text.UartRxIRQHandler
                0x00001d98       0x54 ./src/main.o
                0x00001d98                UartRxIRQHandler
 .text.uart_getc_timeout
                0x00001dec       0x40 ./src/main.o
                0x00001dec                uart_getc_timeout
 .text.uart_gets_timeout
                0x00001e2c       0x70 ./src/main.o
                0x00001e2c                uart_gets_timeout
 .text.uart_gets_echo_blocked
                0x00001e9c       0x90 ./src/main.o
                0x00001e9c                uart_gets_echo_blocked
 .text.uart_gets_blocked
                0x00001f2c       0x24 ./src/main.o
                0x00001f2c                uart_gets_blocked
 .text.uart_getdata
                0x00001f50       0x74 ./src/main.o
                0x00001f50                uart_getdata
 .text.uart_puts
                0x00001fc4       0x3c ./src/main.o
                0x00001fc4                uart_puts
 .text.uart_send_lf_crlf
                0x00002000       0x68 ./src/main.o
                0x00002000                uart_send_lf_crlf
 .text.uart_send
                0x00002068       0x58 ./src/main.o
                0x00002068                uart_send
 .text.uart_proc
                0x000020c0       0x98 ./src/main.o
 .text.test_uart
                0x00002158      0x164 ./src/main.o
 .text.nic_io_init
                0x000022bc       0x94 ./src/main.o
                0x000022bc                nic_io_init
 .text.nic_power_onoff
                0x00002350       0x68 ./src/main.o
 .text.at_csq.6554
                0x000023b8       0x4c ./src/main.o
 .text.test_4g  0x00002404      0x4fc ./src/main.o
 .text.at_creg.6559
                0x00002900       0x4c ./src/main.o
 .text.at_cimi.6564
                0x0000294c       0x48 ./src/main.o
 .text.at_miprofile.6566
                0x00002994       0x24 ./src/main.o
 .text.at_mipopen.6568
                0x000029b8       0x38 ./src/main.o
 .text.at_miopen_r.6570
                0x000029f0       0x4c ./src/main.o
 .text.at_mipcall.6575
                0x00002a3c       0x44 ./src/main.o
 .text.load_time
                0x00002a80       0xb0 ./src/main.o
                0x00002a80                load_time
 .text.store_time
                0x00002b30       0xa4 ./src/main.o
                0x00002b30                store_time
 .text.rtc_proc.6621
                0x00002bd4       0x38 ./src/main.o
 .text.test_rtc
                0x00002c0c       0x98 ./src/main.o
                0x00002c0c                test_rtc
 .text.test_ds2411
                0x00002ca4       0x88 ./src/main.o
                0x00002ca4                test_ds2411
 .text.test_gps
                0x00002d2c       0x9c ./src/main.o
                0x00002d2c                test_gps
 .text.test_485
                0x00002dc8       0x88 ./src/main.o
                0x00002dc8                test_485
 .text.test_io_in
                0x00002e50       0x64 ./src/main.o
 .text.test_led
                0x00002eb4       0x78 ./src/main.o
 .text.mainTask
                0x00002f2c      0x2b0 ./src/main.o
                0x00002f2c                mainTask
 .text.main     0x000031dc       0xf0 ./src/main.o
                0x000031dc                main
 .text.vApplicationStackOverflowHook
                0x000032cc       0x1c ./src/main.o
                0x000032cc                vApplicationStackOverflowHook
 .text.vApplicationMallocFailedHook
                0x000032e8       0x10 ./src/main.o
                0x000032e8                vApplicationMallocFailedHook
 .text.bcd2int  0x000032f8       0x34 ./src/convert.o
                0x000032f8                bcd2int
 .text.int2bcd  0x0000332c       0x50 ./src/convert.o
                0x0000332c                int2bcd
 .text.int2asc  0x0000337c       0x4c ./src/convert.o
                0x0000337c                int2asc
 .text.hx_dumphex
                0x000033c8       0x6c ./src/convert.o
                0x000033c8                hx_dumphex
 .text.hx_dumphex2str
                0x00003434       0x30 ./src/convert.o
                0x00003434                hx_dumphex2str
 .text.HX_MSB_B2DW
                0x00003464       0x5c ./src/convert.o
                0x00003464                HX_MSB_B2DW
 .text.HX_MSB_DW2B
                0x000034c0       0x48 ./src/convert.o
                0x000034c0                HX_MSB_DW2B
 .text.mem_cpy  0x00003508       0x3c ./fatfs/ff.o
 .text.mem_set  0x00003544       0x34 ./fatfs/ff.o
 .text.mem_cmp  0x00003578       0x50 ./fatfs/ff.o
 .text.chk_chr  0x000035c8       0x38 ./fatfs/ff.o
 .text.sync_window
                0x00003600       0x90 ./fatfs/ff.o
 .text.move_window
                0x00003690       0x54 ./fatfs/ff.o
 .text.sync_fs  0x000036e4      0x148 ./fatfs/ff.o
 .text.clust2sect
                0x0000382c       0x40 ./fatfs/ff.o
                0x0000382c                clust2sect
 .text.get_fat  0x0000386c      0x158 ./fatfs/ff.o
                0x0000386c                get_fat
 .text.put_fat  0x000039c4      0x1f4 ./fatfs/ff.o
                0x000039c4                put_fat
 .text.remove_chain
                0x00003bb8       0x9c ./fatfs/ff.o
 .text.create_chain
                0x00003c54      0x118 ./fatfs/ff.o
 .text.dir_sdi  0x00003d6c      0x104 ./fatfs/ff.o
 .text.dir_next
                0x00003e70      0x1a4 ./fatfs/ff.o
 .text.dir_alloc
                0x00004014       0x8c ./fatfs/ff.o
 .text.ld_clust
                0x000040a0       0x5c ./fatfs/ff.o
 .text.st_clust
                0x000040fc       0x4c ./fatfs/ff.o
 .text.cmp_lfn  0x00004148       0xdc ./fatfs/ff.o
 .text.fit_lfn  0x00004224       0xe8 ./fatfs/ff.o
 .text.gen_numname
                0x0000430c       0xe4 ./fatfs/ff.o
                0x0000430c                gen_numname
 .text.sum_sfn  0x000043f0       0x44 ./fatfs/ff.o
 .text.dir_find
                0x00004434      0x150 ./fatfs/ff.o
 .text.dir_register
                0x00004584      0x204 ./fatfs/ff.o
 .text.create_name
                0x00004788      0x3f4 ./fatfs/ff.o
 .text.follow_path
                0x00004b7c      0x100 ./fatfs/ff.o
 .text.check_fs
                0x00004c7c       0xc0 ./fatfs/ff.o
 .text.chk_mounted
                0x00004d3c      0x590 ./fatfs/ff.o
 .text.validate
                0x000052cc       0x5c ./fatfs/ff.o
 .text.f_mount  0x00005328       0x54 ./fatfs/ff.o
                0x00005328                f_mount
 .text.f_open   0x0000537c      0x288 ./fatfs/ff.o
                0x0000537c                f_open
 .text.f_read   0x00005604      0x2ac ./fatfs/ff.o
                0x00005604                f_read
 .text.f_write  0x000058b0      0x30c ./fatfs/ff.o
                0x000058b0                f_write
 .text.f_sync   0x00005bbc      0x158 ./fatfs/ff.o
                0x00005bbc                f_sync
 .text.f_close  0x00005d14       0x28 ./fatfs/ff.o
                0x00005d14                f_close
 .text.f_lseek  0x00005d3c      0x2a8 ./fatfs/ff.o
                0x00005d3c                f_lseek
 .text.disk_initialize
                0x00005fe4       0x54 ./fatfs/diskio.o
                0x00005fe4                disk_initialize
 .text.disk_status
                0x00006038       0x34 ./fatfs/diskio.o
                0x00006038                disk_status
 .text.disk_read
                0x0000606c       0x7c ./fatfs/diskio.o
                0x0000606c                disk_read
 .text.disk_write
                0x000060e8       0x7c ./fatfs/diskio.o
                0x000060e8                disk_write
 .text.disk_ioctl
                0x00006164      0x104 ./fatfs/diskio.o
                0x00006164                disk_ioctl
 .text.get_fattime
                0x00006268       0x58 ./fatfs/diskio.o
                0x00006268                get_fattime
 .text.ff_convert
                0x000062c0       0x74 ./fatfs/ccsbcs.o
                0x000062c0                ff_convert
 .text.ff_wtoupper
                0x00006334       0x5c ./fatfs/ccsbcs.o
                0x00006334                ff_wtoupper
 .text.onewire_delay_us
                0x00006390       0x34 ./bl/softonewire.o
 .text.onewrie_io_init
                0x000063c4       0x20 ./bl/softonewire.o
                0x000063c4                onewrie_io_init
 .text.onewrie_reset
                0x000063e4       0x60 ./bl/softonewire.o
                0x000063e4                onewrie_reset
 .text.onewrite_write_bit
                0x00006444       0x7c ./bl/softonewire.o
                0x00006444                onewrite_write_bit
 .text.onewire_read_bit
                0x000064c0       0x64 ./bl/softonewire.o
                0x000064c0                onewire_read_bit
 .text.onewire_write_byte
                0x00006524       0x3c ./bl/softonewire.o
                0x00006524                onewire_write_byte
 .text.onewire_read_byte
                0x00006560       0x48 ./bl/softonewire.o
                0x00006560                onewire_read_byte
 .text.onewire_read
                0x000065a8       0x54 ./bl/softonewire.o
                0x000065a8                onewire_read
 .text.onewrie_crc8
                0x000065fc       0x84 ./bl/softonewire.o
                0x000065fc                onewrie_crc8
 .text.softi2c_delay
                0x00006680       0x34 ./bl/softi2c.o
 .text.softi2c_init_io
                0x000066b4       0x28 ./bl/softi2c.o
                0x000066b4                softi2c_init_io
 .text.softi2c_start
                0x000066dc       0x50 ./bl/softi2c.o
                0x000066dc                softi2c_start
 .text.softi2c_stop
                0x0000672c       0x3c ./bl/softi2c.o
                0x0000672c                softi2c_stop
 .text.softi2c_send_byte
                0x00006768       0x70 ./bl/softi2c.o
                0x00006768                softi2c_send_byte
 .text.softi2c_check_ack
                0x000067d8       0x70 ./bl/softi2c.o
                0x000067d8                softi2c_check_ack
 .text.softi2c_read_byte
                0x00006848       0x88 ./bl/softi2c.o
                0x00006848                softi2c_read_byte
 .text.softi2c_send_ack
                0x000068d0       0x50 ./bl/softi2c.o
                0x000068d0                softi2c_send_ack
 .text.softi2c_send_noack
                0x00006920       0x50 ./bl/softi2c.o
                0x00006920                softi2c_send_noack
 .text.softi2c_send_data
                0x00006970       0x80 ./bl/softi2c.o
                0x00006970                softi2c_send_data
 .text.softi2c_read_data
                0x000069f0       0x94 ./bl/softi2c.o
                0x000069f0                softi2c_read_data
 .text.SET_SCL  0x00006a84       0x1c ./bl/ds3231.o
                0x00006a84                SET_SCL
 .text.CLR_SCL  0x00006aa0       0x1c ./bl/ds3231.o
                0x00006aa0                CLR_SCL
 .text.SET_SDA  0x00006abc       0x1c ./bl/ds3231.o
                0x00006abc                SET_SDA
 .text.CLR_SDA  0x00006ad8       0x1c ./bl/ds3231.o
                0x00006ad8                CLR_SDA
 .text.SCL_OUT  0x00006af4       0x1c ./bl/ds3231.o
                0x00006af4                SCL_OUT
 .text.SCL_IN   0x00006b10       0x1c ./bl/ds3231.o
                0x00006b10                SCL_IN
 .text.SDA_OUT  0x00006b2c       0x1c ./bl/ds3231.o
                0x00006b2c                SDA_OUT
 .text.SDA_IN   0x00006b48       0x1c ./bl/ds3231.o
                0x00006b48                SDA_IN
 .text.SDA_VAL  0x00006b64       0x1c ./bl/ds3231.o
                0x00006b64                SDA_VAL
 .text.ds3231_settime
                0x00006b80       0x1c ./bl/ds3231.o
                0x00006b80                ds3231_settime
 .text.ds3231_gettime
                0x00006b9c       0x1c ./bl/ds3231.o
                0x00006b9c                ds3231_gettime
 .text.ds3231_gettempr
                0x00006bb8       0x70 ./bl/ds3231.o
                0x00006bb8                ds3231_gettempr
 .text.ds3231_init
                0x00006c28       0x10 ./bl/ds3231.o
                0x00006c28                ds3231_init
 .text.IO_OUT_SET
                0x00006c38       0x28 ./bl/ds2411.o
                0x00006c38                IO_OUT_SET
 .text.IO_OUT_CLR
                0x00006c60       0x28 ./bl/ds2411.o
                0x00006c60                IO_OUT_CLR
 .text.IO_IN_VAL
                0x00006c88       0x28 ./bl/ds2411.o
                0x00006c88                IO_IN_VAL
 .text.ds2411_getsn
                0x00006cb0       0x54 ./bl/ds2411.o
                0x00006cb0                ds2411_getsn
 .text.SOSC_init_8MHz
                0x00006d04       0x4c ./bl/clocks_and_modes.o
                0x00006d04                SOSC_init_8MHz
 .text.SPLL_init_160MHz
                0x00006d50       0x64 ./bl/clocks_and_modes.o
                0x00006d50                SPLL_init_160MHz
 .text.NormalRUNmode_80MHz
                0x00006db4       0x2c ./bl/clocks_and_modes.o
                0x00006db4                NormalRUNmode_80MHz
 .text.WDOG_disable
                0x00006de0       0x2c ./bl/bl.o
                0x00006de0                WDOG_disable
 .text.NVIC_init_IRQs
                0x00006e0c       0x58 ./bl/bl.o
                0x00006e0c                NVIC_init_IRQs
 .text.PORT_init
                0x00006e64      0x370 ./bl/bl.o
                0x00006e64                PORT_init
 .text.rs485_dir
                0x000071d4       0x38 ./bl/bl.o
                0x000071d4                rs485_dir
 .text.get_input_val
                0x0000720c       0x60 ./bl/bl.o
                0x0000720c                get_input_val
 .text.led_ctrl
                0x0000726c       0x48 ./bl/bl.o
                0x0000726c                led_ctrl
 .text.vApplicationTickHook
                0x000072b4       0x24 ./bl/bl.o
                0x000072b4                vApplicationTickHook
 .text.buzzer_ctrl
                0x000072d8       0x38 ./bl/bl.o
                0x000072d8                buzzer_ctrl
 .text.MSD0_spi_read_write
                0x00007310       0x64 ./bl/SPI_MSD0_Driver.o
                0x00007310                MSD0_spi_read_write
 .text.MSD0_SPIHighSpeed
                0x00007374       0x38 ./bl/SPI_MSD0_Driver.o
                0x00007374                MSD0_SPIHighSpeed
 .text.MSD0_Init
                0x000073ac      0x288 ./bl/SPI_MSD0_Driver.o
                0x000073ac                MSD0_Init
 .text.MSD0_GetCardInfo
                0x00007634      0x420 ./bl/SPI_MSD0_Driver.o
                0x00007634                MSD0_GetCardInfo
 .text.MSD0_read_buffer
                0x00007a54       0x84 ./bl/SPI_MSD0_Driver.o
                0x00007a54                MSD0_read_buffer
 .text.MSD0_ReadSingleBlock
                0x00007ad8       0x5c ./bl/SPI_MSD0_Driver.o
                0x00007ad8                MSD0_ReadSingleBlock
 .text.MSD0_ReadMultiBlock
                0x00007b34       0x84 ./bl/SPI_MSD0_Driver.o
                0x00007b34                MSD0_ReadMultiBlock
 .text.MSD0_WriteSingleBlock
                0x00007bb8       0xc4 ./bl/SPI_MSD0_Driver.o
                0x00007bb8                MSD0_WriteSingleBlock
 .text.MSD0_WriteMultiBlock
                0x00007c7c      0x110 ./bl/SPI_MSD0_Driver.o
                0x00007c7c                MSD0_WriteMultiBlock
 .text.MSD0_send_command
                0x00007d8c       0x90 ./bl/SPI_MSD0_Driver.o
                0x00007d8c                MSD0_send_command
 .text.MSD0_send_command_hold
                0x00007e1c       0x88 ./bl/SPI_MSD0_Driver.o
                0x00007e1c                MSD0_send_command_hold
 .text.LPSPI0_init_master
                0x00007ea4       0xa8 ./bl/SPI_MSD0_Driver.o
                0x00007ea4                LPSPI0_init_master
 .text.LPUART_init
                0x00007f4c       0xf0 ./bl/LPUART.o
                0x00007f4c                LPUART_init
 .text.LPUART_transmit_char
                0x0000803c       0x38 ./bl/LPUART.o
                0x0000803c                LPUART_transmit_char
 .text.LPUART0_RxTx_IRQHandler
                0x00008074       0x30 ./bl/LPUART.o
                0x00008074                LPUART0_RxTx_IRQHandler
 .text.LPUART1_RxTx_IRQHandler
                0x000080a4       0x30 ./bl/LPUART.o
                0x000080a4                LPUART1_RxTx_IRQHandler
 .text.LPUART2_RxTx_IRQHandler
                0x000080d4       0x30 ./bl/LPUART.o
                0x000080d4                LPUART2_RxTx_IRQHandler
 .text.FLEXCAN_init
                0x00008104      0x150 ./bl/FlexCAN.o
                0x00008104                FLEXCAN_init
 .text.FLEXCAN_transmit_msg
                0x00008254       0x74 ./bl/FlexCAN.o
                0x00008254                FLEXCAN_transmit_msg
 .text.FLEXCAN_receive_msg
                0x000082c8       0x94 ./bl/FlexCAN.o
                0x000082c8                FLEXCAN_receive_msg
 .text.SystemInit
                0x0000835c       0x58 ./Project_Settings/Startup_Code/system_S32K144.o
                0x0000835c                SystemInit
 .text.init_data_bss
                0x000083b4       0xf4 ./Project_Settings/Startup_Code/startup.o
                0x000083b4                init_data_bss
 .text.pvPortMalloc
                0x000084a8      0x124 ./FreeRTOS/portable/MemMang/heap_2.o
                0x000084a8                pvPortMalloc
 .text.vPortFree
                0x000085cc       0x70 ./FreeRTOS/portable/MemMang/heap_2.o
                0x000085cc                vPortFree
 .text.prvHeapInit
                0x0000863c       0x50 ./FreeRTOS/portable/MemMang/heap_2.o
 .text.pxPortInitialiseStack
                0x0000868c       0x64 ./FreeRTOS/portable/GCC/ARM_CM4F/port.o
                0x0000868c                pxPortInitialiseStack
 .text.prvTaskExitError
                0x000086f0       0x3c ./FreeRTOS/portable/GCC/ARM_CM4F/port.o
 .text.SVC_Handler
                0x0000872c       0x20 ./FreeRTOS/portable/GCC/ARM_CM4F/port.o
                0x0000872c                SVC_Handler
 .text.prvPortStartFirstTask
                0x0000874c       0x20 ./FreeRTOS/portable/GCC/ARM_CM4F/port.o
 .text.xPortStartScheduler
                0x0000876c      0x118 ./FreeRTOS/portable/GCC/ARM_CM4F/port.o
                0x0000876c                xPortStartScheduler
 .text.vPortEnterCritical
                0x00008884       0x5c ./FreeRTOS/portable/GCC/ARM_CM4F/port.o
                0x00008884                vPortEnterCritical
 .text.vPortExitCritical
                0x000088e0       0x4c ./FreeRTOS/portable/GCC/ARM_CM4F/port.o
                0x000088e0                vPortExitCritical
 .text.PendSV_Handler
                0x0000892c       0x60 ./FreeRTOS/portable/GCC/ARM_CM4F/port.o
                0x0000892c                PendSV_Handler
 .text.SysTick_Handler
                0x0000898c       0x44 ./FreeRTOS/portable/GCC/ARM_CM4F/port.o
                0x0000898c                SysTick_Handler
 .text.vPortSetupTimerInterrupt
                0x000089d0       0x24 ./FreeRTOS/portable/GCC/ARM_CM4F/port.o
                0x000089d0                vPortSetupTimerInterrupt
 .text.vPortEnableVFP
                0x000089f4       0x14 ./FreeRTOS/portable/GCC/ARM_CM4F/port.o
 .text.vPortValidateInterruptPriority
                0x00008a08       0x78 ./FreeRTOS/portable/GCC/ARM_CM4F/port.o
                0x00008a08                vPortValidateInterruptPriority
 .text.xTimerCreateTimerTask
                0x00008a80       0x64 ./FreeRTOS/timers.o
                0x00008a80                xTimerCreateTimerTask
 .text.xTimerGenericCommand
                0x00008ae4       0x8c ./FreeRTOS/timers.o
                0x00008ae4                xTimerGenericCommand
 .text.prvProcessExpiredTimer
                0x00008b70       0x80 ./FreeRTOS/timers.o
 .text.prvTimerTask
                0x00008bf0       0x24 ./FreeRTOS/timers.o
 .text.prvProcessTimerOrBlockTask
                0x00008c14       0x80 ./FreeRTOS/timers.o
 .text.prvGetNextExpireTime
                0x00008c94       0x48 ./FreeRTOS/timers.o
 .text.prvSampleTimeNow
                0x00008cdc       0x40 ./FreeRTOS/timers.o
 .text.prvInsertTimerInActiveList
                0x00008d1c       0x84 ./FreeRTOS/timers.o
 .text.prvProcessReceivedCommands
                0x00008da0      0x160 ./FreeRTOS/timers.o
 .text.prvSwitchTimerLists
                0x00008f00       0xc0 ./FreeRTOS/timers.o
 .text.prvCheckForValidListAndQueue
                0x00008fc0       0x74 ./FreeRTOS/timers.o
 .text.xTaskGenericCreate
                0x00009034      0x180 ./FreeRTOS/tasks.o
                0x00009034                xTaskGenericCreate
 .text.vTaskDelete
                0x000091b4      0x104 ./FreeRTOS/tasks.o
                0x000091b4                vTaskDelete
 .text.vTaskDelay
                0x000092b8       0xa4 ./FreeRTOS/tasks.o
                0x000092b8                vTaskDelay
 .text.vTaskStartScheduler
                0x0000935c       0x98 ./FreeRTOS/tasks.o
                0x0000935c                vTaskStartScheduler
 .text.vTaskSuspendAll
                0x000093f4       0x1c ./FreeRTOS/tasks.o
                0x000093f4                vTaskSuspendAll
 .text.xTaskResumeAll
                0x00009410      0x110 ./FreeRTOS/tasks.o
                0x00009410                xTaskResumeAll
 .text.xTaskGetTickCount
                0x00009520       0x20 ./FreeRTOS/tasks.o
                0x00009520                xTaskGetTickCount
 .text.xTaskIncrementTick
                0x00009540      0x14c ./FreeRTOS/tasks.o
                0x00009540                xTaskIncrementTick
 .text.vTaskSwitchContext
                0x0000968c       0xd0 ./FreeRTOS/tasks.o
                0x0000968c                vTaskSwitchContext
 .text.vTaskPlaceOnEventList
                0x0000975c       0x9c ./FreeRTOS/tasks.o
                0x0000975c                vTaskPlaceOnEventList
 .text.vTaskPlaceOnEventListRestricted
                0x000097f8       0x9c ./FreeRTOS/tasks.o
                0x000097f8                vTaskPlaceOnEventListRestricted
 .text.xTaskRemoveFromEventList
                0x00009894       0xc8 ./FreeRTOS/tasks.o
                0x00009894                xTaskRemoveFromEventList
 .text.vTaskSetTimeOutState
                0x0000995c       0x44 ./FreeRTOS/tasks.o
                0x0000995c                vTaskSetTimeOutState
 .text.xTaskCheckForTimeOut
                0x000099a0       0xbc ./FreeRTOS/tasks.o
                0x000099a0                xTaskCheckForTimeOut
 .text.vTaskMissedYield
                0x00009a5c       0x18 ./FreeRTOS/tasks.o
                0x00009a5c                vTaskMissedYield
 .text.prvIdleTask
                0x00009a74       0x24 ./FreeRTOS/tasks.o
 .text.prvInitialiseTCBVariables
                0x00009a98       0xa4 ./FreeRTOS/tasks.o
 .text.prvInitialiseTaskLists
                0x00009b3c       0x7c ./FreeRTOS/tasks.o
 .text.prvCheckTasksWaitingTermination
                0x00009bb8       0x74 ./FreeRTOS/tasks.o
 .text.prvAddCurrentTaskToDelayedList
                0x00009c2c       0x6c ./FreeRTOS/tasks.o
 .text.prvAllocateTCBAndStack
                0x00009c98       0x70 ./FreeRTOS/tasks.o
 .text.prvDeleteTCB
                0x00009d08       0x20 ./FreeRTOS/tasks.o
 .text.prvResetNextTaskUnblockTime
                0x00009d28       0x48 ./FreeRTOS/tasks.o
 .text.xTaskGetSchedulerState
                0x00009d70       0x3c ./FreeRTOS/tasks.o
                0x00009d70                xTaskGetSchedulerState
 .text.vTaskPriorityInherit
                0x00009dac       0xf0 ./FreeRTOS/tasks.o
                0x00009dac                vTaskPriorityInherit
 .text.xTaskPriorityDisinherit
                0x00009e9c      0x10c ./FreeRTOS/tasks.o
                0x00009e9c                xTaskPriorityDisinherit
 .text.pvTaskIncrementMutexHeldCount
                0x00009fa8       0x28 ./FreeRTOS/tasks.o
                0x00009fa8                pvTaskIncrementMutexHeldCount
 .text.xQueueGenericReset
                0x00009fd0       0xb4 ./FreeRTOS/queue.o
                0x00009fd0                xQueueGenericReset
 .text.xQueueGenericCreate
                0x0000a084       0xb0 ./FreeRTOS/queue.o
                0x0000a084                xQueueGenericCreate
 .text.xQueueCreateMutex
                0x0000a134       0x98 ./FreeRTOS/queue.o
                0x0000a134                xQueueCreateMutex
 .text.xQueueGenericSend
                0x0000a1cc      0x1c0 ./FreeRTOS/queue.o
                0x0000a1cc                xQueueGenericSend
 .text.xQueueGenericSendFromISR
                0x0000a38c      0x118 ./FreeRTOS/queue.o
                0x0000a38c                xQueueGenericSendFromISR
 .text.xQueueGenericReceive
                0x0000a4a4      0x1e0 ./FreeRTOS/queue.o
                0x0000a4a4                xQueueGenericReceive
 .text.prvCopyDataToQueue
                0x0000a684       0xdc ./FreeRTOS/queue.o
 .text.prvCopyDataFromQueue
                0x0000a760       0x4c ./FreeRTOS/queue.o
 .text.prvUnlockQueue
                0x0000a7ac       0x98 ./FreeRTOS/queue.o
 .text.prvIsQueueEmpty
                0x0000a844       0x2c ./FreeRTOS/queue.o
 .text.prvIsQueueFull
                0x0000a870       0x30 ./FreeRTOS/queue.o
 .text.vQueueWaitForMessageRestricted
                0x0000a8a0       0x5c ./FreeRTOS/queue.o
                0x0000a8a0                vQueueWaitForMessageRestricted
 .text.vListInitialise
                0x0000a8fc       0x40 ./FreeRTOS/list.o
                0x0000a8fc                vListInitialise
 .text.vListInitialiseItem
                0x0000a93c       0x18 ./FreeRTOS/list.o
                0x0000a93c                vListInitialiseItem
 .text.vListInsertEnd
                0x0000a954       0x48 ./FreeRTOS/list.o
                0x0000a954                vListInsertEnd
 .text.vListInsert
                0x0000a99c       0x70 ./FreeRTOS/list.o
                0x0000a99c                vListInsert
 .text.uxListRemove
                0x0000aa0c       0x54 ./FreeRTOS/list.o
                0x0000aa0c                uxListRemove
 .text.snprintf
                0x0000aa60       0x1a /home/houxd/prog/NXP/S32DS_ARM_v2.0/S32DS/arm_ewl2/lib/armv7e-m/fpu/libc99.a(snprintf.o)
                0x0000aa60                snprintf
 .text.sscanf   0x0000aa7a       0x1a /home/houxd/prog/NXP/S32DS_ARM_v2.0/S32DS/arm_ewl2/lib/armv7e-m/fpu/libc99.a(sscanf.o)
                0x0000aa7a                sscanf
 .text.__StringWrite
                0x0000aa94       0x26 /home/houxd/prog/NXP/S32DS_ARM_v2.0/S32DS/arm_ewl2/lib/armv7e-m/fpu/libc99.a(vsnprintf.o)
                0x0000aa94                __StringWrite
 *fill*         0x0000aaba        0x2 
 .text.vsnprintf
                0x0000aabc       0x34 /home/houxd/prog/NXP/S32DS_ARM_v2.0/S32DS/arm_ewl2/lib/armv7e-m/fpu/libc99.a(vsnprintf.o)
                0x0000aabc                vsnprintf
 .text.__StringRead
                0x0000aaf0       0x3a /home/houxd/prog/NXP/S32DS_ARM_v2.0/S32DS/arm_ewl2/lib/armv7e-m/fpu/libc99.a(vsscanf.o)
                0x0000aaf0                __StringRead
 *fill*         0x0000ab2a        0x2 
 .text.vsscanf  0x0000ab2c       0x2c /home/houxd/prog/NXP/S32DS_ARM_v2.0/S32DS/arm_ewl2/lib/armv7e-m/fpu/libc99.a(vsscanf.o)
                0x0000ab2c                vsscanf
 .text.exit     0x0000ab58       0x38 /home/houxd/prog/NXP/S32DS_ARM_v2.0/S32DS/arm_ewl2/lib/armv7e-m/fpu/libc99.a(exit.o)
                0x0000ab58                exit
 .text.strtoul  0x0000ab90       0x58 /home/houxd/prog/NXP/S32DS_ARM_v2.0/S32DS/arm_ewl2/lib/armv7e-m/fpu/libc99.a(strtoul.o)
                0x0000ab90                strtoul
 .text.memcpy   0x0000abe8       0x16 /home/houxd/prog/NXP/S32DS_ARM_v2.0/S32DS/arm_ewl2/lib/armv7e-m/fpu/libc99.a(memcpy.o)
                0x0000abe8                memcpy
 .text.memset   0x0000abfe        0xc /home/houxd/prog/NXP/S32DS_ARM_v2.0/S32DS/arm_ewl2/lib/armv7e-m/fpu/libc99.a(memset.o)
                0x0000abfe                memset
 .text.strchr   0x0000ac0a       0x1a /home/houxd/prog/NXP/S32DS_ARM_v2.0/S32DS/arm_ewl2/lib/armv7e-m/fpu/libc99.a(strchr.o)
                0x0000ac0a                strchr
 .text.strcmp   0x0000ac24       0x1a /home/houxd/prog/NXP/S32DS_ARM_v2.0/S32DS/arm_ewl2/lib/armv7e-m/fpu/libc99.a(strcmp.o)
                0x0000ac24                strcmp
 .text.strcpy   0x0000ac3e       0x12 /home/houxd/prog/NXP/S32DS_ARM_v2.0/S32DS/arm_ewl2/lib/armv7e-m/fpu/libc99.a(strcpy.o)
                0x0000ac3e                strcpy
 .text.strlen   0x0000ac50        0xe /home/houxd/prog/NXP/S32DS_ARM_v2.0/S32DS/arm_ewl2/lib/armv7e-m/fpu/libc99.a(strlen.o)
                0x0000ac50                strlen
 .text.strncmp  0x0000ac5e       0x24 /home/houxd/prog/NXP/S32DS_ARM_v2.0/S32DS/arm_ewl2/lib/armv7e-m/fpu/libc99.a(strncmp.o)
                0x0000ac5e                strncmp
 .text.strspn   0x0000ac82       0x5a /home/houxd/prog/NXP/S32DS_ARM_v2.0/S32DS/arm_ewl2/lib/armv7e-m/fpu/libc99.a(strspn.o)
                0x0000ac82                strspn
 .text.long2str.isra.0
                0x0000acdc      0x19e /home/houxd/prog/NXP/S32DS_ARM_v2.0/S32DS/arm_ewl2/lib/armv7e-m/fpu/libc99.a(__printformat.o)
 .text.longlong2str.isra.1
                0x0000ae7a      0x20e /home/houxd/prog/NXP/S32DS_ARM_v2.0/S32DS/arm_ewl2/lib/armv7e-m/fpu/libc99.a(__printformat.o)
 .text.double2hex.isra.2
                0x0000b088      0x234 /home/houxd/prog/NXP/S32DS_ARM_v2.0/S32DS/arm_ewl2/lib/armv7e-m/fpu/libc99.a(__printformat.o)
 .text.__pformatter
                0x0000b2bc      0x9b8 /home/houxd/prog/NXP/S32DS_ARM_v2.0/S32DS/arm_ewl2/lib/armv7e-m/fpu/libc99.a(__printformat.o)
                0x0000b2bc                __pformatter
 .text.__sformatter
                0x0000bc74      0xa30 /home/houxd/prog/NXP/S32DS_ARM_v2.0/S32DS/arm_ewl2/lib/armv7e-m/fpu/libc99.a(__scanformat.o)
                0x0000bc74                __sformatter
 .text.isalpha  0x0000c6a4       0x1c /home/houxd/prog/NXP/S32DS_ARM_v2.0/S32DS/arm_ewl2/lib/armv7e-m/fpu/libc99.a(ctype_aeabi.o)
                0x0000c6a4                isalpha
 .text.isspace  0x0000c6c0       0x1c /home/houxd/prog/NXP/S32DS_ARM_v2.0/S32DS/arm_ewl2/lib/armv7e-m/fpu/libc99.a(ctype_aeabi.o)
                0x0000c6c0                isspace
 .text.isupper  0x0000c6dc       0x1c /home/houxd/prog/NXP/S32DS_ARM_v2.0/S32DS/arm_ewl2/lib/armv7e-m/fpu/libc99.a(ctype_aeabi.o)
                0x0000c6dc                isupper
 .text.isxdigit
                0x0000c6f8       0x1c /home/houxd/prog/NXP/S32DS_ARM_v2.0/S32DS/arm_ewl2/lib/armv7e-m/fpu/libc99.a(ctype_aeabi.o)
                0x0000c6f8                isxdigit
 .text.toupper  0x0000c714        0xc /home/houxd/prog/NXP/S32DS_ARM_v2.0/S32DS/arm_ewl2/lib/armv7e-m/fpu/libc99.a(ctype_aeabi.o)
                0x0000c714                toupper
 .text.__ewl_runtime_constraint_violation_s
                0x0000c720       0x10 /home/houxd/prog/NXP/S32DS_ARM_v2.0/S32DS/arm_ewl2/lib/armv7e-m/fpu/libc99.a(secure_error.o)
                0x0000c720                __ewl_runtime_constraint_violation_s
 .text.__strtold
                0x0000c730      0x82c /home/houxd/prog/NXP/S32DS_ARM_v2.0/S32DS/arm_ewl2/lib/armv7e-m/fpu/libc99.a(__strtold.o)
                0x0000c730                __strtold
 .text.abort    0x0000cf5c       0x24 /home/houxd/prog/NXP/S32DS_ARM_v2.0/S32DS/arm_ewl2/lib/armv7e-m/fpu/libc99.a(abort.o)
                0x0000cf5c                abort
 .text.wcstombs
                0x0000cf80       0x42 /home/houxd/prog/NXP/S32DS_ARM_v2.0/S32DS/arm_ewl2/lib/armv7e-m/fpu/libc99.a(mbstowcs_s.o)
                0x0000cf80                wcstombs
 .text.__mbtowc_noconv
                0x0000cfc2       0x1e /home/houxd/prog/NXP/S32DS_ARM_v2.0/S32DS/arm_ewl2/lib/armv7e-m/fpu/libc99.a(mbtowc.o)
                0x0000cfc2                __mbtowc_noconv
 .text.mbtowc   0x0000cfe0        0x4 /home/houxd/prog/NXP/S32DS_ARM_v2.0/S32DS/arm_ewl2/lib/armv7e-m/fpu/libc99.a(mbtowc.o)
                0x0000cfe0                mbtowc
 .text.__strtoul
                0x0000cfe4      0x20c /home/houxd/prog/NXP/S32DS_ARM_v2.0/S32DS/arm_ewl2/lib/armv7e-m/fpu/libc99.a(__strtoul.o)
                0x0000cfe4                __strtoul
 .text.__strtoull
                0x0000d1f0      0x254 /home/houxd/prog/NXP/S32DS_ARM_v2.0/S32DS/arm_ewl2/lib/armv7e-m/fpu/libc99.a(__strtoull.o)
                0x0000d1f0                __strtoull
 .text.__wctomb_noconv
                0x0000d444       0x12 /home/houxd/prog/NXP/S32DS_ARM_v2.0/S32DS/arm_ewl2/lib/armv7e-m/fpu/libc99.a(wctomb.o)
                0x0000d444                __wctomb_noconv
 .text.wctomb   0x0000d456        0x4 /home/houxd/prog/NXP/S32DS_ARM_v2.0/S32DS/arm_ewl2/lib/armv7e-m/fpu/libc99.a(wctomb.o)
                0x0000d456                wctomb
 .text.__fill_mem
                0x0000d45a       0x7a /home/houxd/prog/NXP/S32DS_ARM_v2.0/S32DS/arm_ewl2/lib/armv7e-m/fpu/libc99.a(__filll_mem.o)
                0x0000d45a                __fill_mem
 .text.memchr   0x0000d4d4       0x1c /home/houxd/prog/NXP/S32DS_ARM_v2.0/S32DS/arm_ewl2/lib/armv7e-m/fpu/libc99.a(memchr.o)
                0x0000d4d4                memchr
 .text.strncpy  0x0000d4f0       0x26 /home/houxd/prog/NXP/S32DS_ARM_v2.0/S32DS/arm_ewl2/lib/armv7e-m/fpu/libc99.a(strncpy.o)
                0x0000d4f0                strncpy
 .text.nan      0x0000d516        0x2 /home/houxd/prog/NXP/S32DS_ARM_v2.0/S32DS/arm_ewl2/lib/armv7e-m/fpu/libc99.a(math_ARM.o)
                0x0000d516                nan
 .text.raise    0x0000d518       0x38 /home/houxd/prog/NXP/S32DS_ARM_v2.0/S32DS/arm_ewl2/lib/armv7e-m/fpu/libc99.a(raise.o)
                0x0000d518                raise
 .text.__num2dec
                0x0000d550      0x220 /home/houxd/prog/NXP/S32DS_ARM_v2.0/S32DS/arm_ewl2/lib/armv7e-m/fpu/libm.a(ansi_fp.o)
                0x0000d550                __num2dec
 .text.__dec2num
                0x0000d770      0x168 /home/houxd/prog/NXP/S32DS_ARM_v2.0/S32DS/arm_ewl2/lib/armv7e-m/fpu/libm.a(ansi_fp.o)
                0x0000d770                __dec2num
 .text.__round_decimal
                0x0000d8d8       0x98 /home/houxd/prog/NXP/S32DS_ARM_v2.0/S32DS/arm_ewl2/lib/armv7e-m/fpu/libm.a(ansi_fp.o)
                0x0000d8d8                __round_decimal
 .text.__signbitd
                0x0000d970        0x8 /home/houxd/prog/NXP/S32DS_ARM_v2.0/S32DS/arm_ewl2/lib/armv7e-m/fpu/libm.a(math_api.o)
                0x0000d970                __signbitd
 .text.__fpclassifyd
                0x0000d978       0x44 /home/houxd/prog/NXP/S32DS_ARM_v2.0/S32DS/arm_ewl2/lib/armv7e-m/fpu/libm.a(math_api.o)
                0x0000d978                __fpclassifyd
 .text.frexp    0x0000d9bc       0x70 /home/houxd/prog/NXP/S32DS_ARM_v2.0/S32DS/arm_ewl2/lib/armv7e-m/fpu/libm.a(s_frexp.o)
                0x0000d9bc                frexp
 *fill*         0x0000da2c        0x4 
 .text.ldexp    0x0000da30      0x12c /home/houxd/prog/NXP/S32DS_ARM_v2.0/S32DS/arm_ewl2/lib/armv7e-m/fpu/libm.a(s_ldexp.o)
                0x0000da30                ldexp
 .text.pow      0x0000db5c        0x4 /home/houxd/prog/NXP/S32DS_ARM_v2.0/S32DS/arm_ewl2/lib/armv7e-m/fpu/libm.a(w_pow.o)
                0x0000db5c                pow
 .text.__ieee754_pow
                0x0000db60      0xb5c /home/houxd/prog/NXP/S32DS_ARM_v2.0/S32DS/arm_ewl2/lib/armv7e-m/fpu/libm.a(e_pow.o)
                0x0000db60                __ieee754_pow
 .text.scalbn   0x0000e6bc       0x18 /home/houxd/prog/NXP/S32DS_ARM_v2.0/S32DS/arm_ewl2/lib/armv7e-m/fpu/libm.a(scalbn.o)
                0x0000e6bc                scalbn
 .text.sqrt     0x0000e6d4        0x4 /home/houxd/prog/NXP/S32DS_ARM_v2.0/S32DS/arm_ewl2/lib/armv7e-m/fpu/libm.a(w_sqrt.o)
                0x0000e6d4                sqrt
 .text.__ieee754_sqrt
                0x0000e6d8      0x16c /home/houxd/prog/NXP/S32DS_ARM_v2.0/S32DS/arm_ewl2/lib/armv7e-m/fpu/libm.a(e_sqrt.o)
                0x0000e6d8                __ieee754_sqrt
 .text.__fini_cpp
                0x0000e844       0x34 /home/houxd/prog/NXP/S32DS_ARM_v2.0/S32DS/arm_ewl2/lib/armv7e-m/fpu/librt.a(gcc_ctor_dtor.o)
                0x0000e844                __fini_cpp
 .text._ExitProcess
                0x0000e878        0x2 /home/houxd/prog/NXP/S32DS_ARM_v2.0/S32DS/arm_ewl2/lib/armv7e-m/fpu/librt.a(gcc_ctor_dtor.o)
                0x0000e878                _ExitProcess
 *fill*         0x0000e87a        0x2 
 .text.__destroy_global_chain
                0x0000e87c       0x18 /home/houxd/prog/NXP/S32DS_ARM_v2.0/S32DS/arm_ewl2/lib/armv7e-m/fpu/librt.a(__arm_eabi_init.o)
                0x0000e87c                __destroy_global_chain
 *(.rodata)
 .rodata        0x0000e894       0x1e ./src/timelib.o
 *fill*         0x0000e8b2        0x2 
 .rodata        0x0000e8b4       0x23 ./src/oswrapper.o
 *fill*         0x0000e8d7        0x1 
 .rodata        0x0000e8d8      0xa11 ./src/main.o
 *fill*         0x0000f2e9        0x3 
 .rodata        0x0000f2ec       0x58 ./fatfs/ff.o
 .rodata        0x0000f344        0x8 ./FreeRTOS/timers.o
 .rodata        0x0000f34c        0x5 ./FreeRTOS/tasks.o
 .rodata        0x0000f351       0x20 /home/houxd/prog/NXP/S32DS_ARM_v2.0/S32DS/arm_ewl2/lib/armv7e-m/fpu/libc99.a(__strtold.o)
 *(.rodata*)
 *fill*         0x0000f371        0x3 
 .rodata.days_tbl
                0x0000f374        0xc ./src/timelib.o
 .rodata.format
                0x0000f380       0x20 ./src/timelib.o
 .rodata.cn_name
                0x0000f3a0       0x1c ./src/timelib.o
 .rodata.__FUNCTION__.5864
                0x0000f3bc       0x10 ./src/oswrapper.o
 .rodata.__FUNCTION__.5869
                0x0000f3cc        0xe ./src/oswrapper.o
 *fill*         0x0000f3da        0x2 
 .rodata.__FUNCTION__.5874
                0x0000f3dc       0x10 ./src/oswrapper.o
 .rodata.__FUNCTION__.6400
                0x0000f3ec        0x9 ./src/main.o
 *fill*         0x0000f3f5        0x3 
 .rodata.__FUNCTION__.6523
                0x0000f3f8        0xa ./src/main.o
 *fill*         0x0000f402        0x2 
 .rodata.__FUNCTION__.6625
                0x0000f404        0x9 ./src/main.o
 *fill*         0x0000f40d        0x3 
 .rodata.test_tbl.6687
                0x0000f410       0x58 ./src/main.o
 .rodata.__FUNCTION__.6714
                0x0000f468        0x5 ./src/main.o
 *fill*         0x0000f46d        0x3 
 .rodata.ExCvt  0x0000f470       0x80 ./fatfs/ff.o
 .rodata.LfnOfs
                0x0000f4f0        0xd ./fatfs/ff.o
 *fill*         0x0000f4fd        0x3 
 .rodata.Tbl    0x0000f500      0x100 ./fatfs/ccsbcs.o
 .rodata.tbl_lower.4156
                0x0000f600      0x1e0 ./fatfs/ccsbcs.o
 .rodata.tbl_upper.4157
                0x0000f7e0      0x1e0 ./fatfs/ccsbcs.o
 .rodata.I2C0   0x0000f9c0       0x28 ./bl/ds3231.o
                0x0000f9c0                I2C0
 .rodata.DS2411_TIMING_TABLE
                0x0000f9e8       0x28 ./bl/ds2411.o
                0x0000f9e8                DS2411_TIMING_TABLE
 .rodata.OneWireDev
                0x0000fa10       0x10 ./bl/ds2411.o
                0x0000fa10                OneWireDev
 .rodata.str1.1
                0x0000fa20       0x14 /home/houxd/prog/NXP/S32DS_ARM_v2.0/S32DS/arm_ewl2/lib/armv7e-m/fpu/libc99.a(__printformat.o)
                                 0x25 (size before relaxing)
 .rodata.str4.4
                0x0000fa34        0x4 /home/houxd/prog/NXP/S32DS_ARM_v2.0/S32DS/arm_ewl2/lib/armv7e-m/fpu/libc99.a(__printformat.o)
 .rodata.__aeabi_ctype_table_C
                0x0000fa38      0x101 /home/houxd/prog/NXP/S32DS_ARM_v2.0/S32DS/arm_ewl2/lib/armv7e-m/fpu/libc99.a(ctype_aeabi.o)
                0x0000fa38                __aeabi_ctype_table_C
 .rodata.str1.1
                0x0000fb39        0xe /home/houxd/prog/NXP/S32DS_ARM_v2.0/S32DS/arm_ewl2/lib/armv7e-m/fpu/libc99.a(__strtold.o)
 *fill*         0x0000fb47        0x1 
 .rodata.digit_values
                0x0000fb48       0x40 /home/houxd/prog/NXP/S32DS_ARM_v2.0/S32DS/arm_ewl2/lib/armv7e-m/fpu/libm.a(ansi_fp.o)
 .rodata.bit_values
                0x0000fb88       0x48 /home/houxd/prog/NXP/S32DS_ARM_v2.0/S32DS/arm_ewl2/lib/armv7e-m/fpu/libm.a(ansi_fp.o)
 .rodata.dp_h   0x0000fbd0       0x10 /home/houxd/prog/NXP/S32DS_ARM_v2.0/S32DS/arm_ewl2/lib/armv7e-m/fpu/libm.a(e_pow.o)
 .rodata.dp_l   0x0000fbe0       0x10 /home/houxd/prog/NXP/S32DS_ARM_v2.0/S32DS/arm_ewl2/lib/armv7e-m/fpu/libm.a(e_pow.o)
 .rodata.bp     0x0000fbf0       0x10 /home/houxd/prog/NXP/S32DS_ARM_v2.0/S32DS/arm_ewl2/lib/armv7e-m/fpu/libm.a(e_pow.o)
 *(.glue_7)
 .glue_7        0x00000000        0x0 linker stubs
 *(.glue_7t)
 .glue_7t       0x00000000        0x0 linker stubs
 *(.eh_frame)
 *(.init)
 *(.fini)
                0x0000fc00                . = ALIGN (0x4)

.vfp11_veneer   0x0000fc00        0x0
 .vfp11_veneer  0x00000000        0x0 linker stubs

.v4_bx          0x0000fc00        0x0
 .v4_bx         0x00000000        0x0 linker stubs

.iplt           0x0000fc00        0x0
 .iplt          0x00000000        0x0 /home/houxd/prog/NXP/S32DS_ARM_v2.0/S32DS/arm_ewl2/lib/armv7e-m/fpu/__arm_start-hosted.o

.ARM.extab
 *(.ARM.extab* .gnu.linkonce.armextab.*)

.ARM            0x0000fc00        0x8
                0x0000fc00                __exidx_start = .
 *(.ARM.exidx*)
 .ARM.exidx     0x0000fc00        0x8 /home/houxd/prog/NXP/S32DS_ARM_v2.0/Cross_Tools/gcc-arm-none-eabi-4_9/bin/../lib/gcc/arm-none-eabi/4.9.3/armv7e-m/fpu/libgcc.a(_divdi3.o)
 .ARM.exidx     0x0000fc08        0x0 /home/houxd/prog/NXP/S32DS_ARM_v2.0/Cross_Tools/gcc-arm-none-eabi-4_9/bin/../lib/gcc/arm-none-eabi/4.9.3/armv7e-m/fpu/libgcc.a(_udivdi3.o)
                                  0x8 (size before relaxing)
                0x0000fc08                __exidx_end = .

.rel.dyn        0x0000fc08        0x0
 .rel.iplt      0x00000000        0x0 /home/houxd/prog/NXP/S32DS_ARM_v2.0/S32DS/arm_ewl2/lib/armv7e-m/fpu/__arm_start-hosted.o

.ctors          0x0000fc08        0x0
                0x0000fc08                __CTOR_LIST__ = .
 *crtbegin.o(.ctors)
 *crtbegin?.o(.ctors)
 *(EXCLUDE_FILE(*crtend.o *crtend?.o) .ctors)
 *(SORT(.ctors.*))
 *(.ctors)
                0x0000fc08                __CTOR_END__ = .

.dtors          0x0000fc08        0x0
                0x0000fc08                __DTOR_LIST__ = .
 *crtbegin.o(.dtors)
 *crtbegin?.o(.dtors)
 *(EXCLUDE_FILE(*crtend.o *crtend?.o) .dtors)
 *(SORT(.dtors.*))
 *(.dtors)
                0x0000fc08                __DTOR_END__ = .

.preinit_array  0x0000fc08        0x0
                0x0000fc08                PROVIDE (__preinit_array_start, .)
 *(.preinit_array*)
                0x0000fc08                PROVIDE (__preinit_array_end, .)

.init_array     0x0000fc08        0x0
                0x0000fc08                PROVIDE (__init_array_start, .)
 *(SORT(.init_array.*))
 *(.init_array*)
                0x0000fc08                PROVIDE (__init_array_end, .)

.fini_array     0x0000fc08        0x0
                0x0000fc08                PROVIDE (__fini_array_start, .)
 *(SORT(.fini_array.*))
 *(.fini_array*)
                0x0000fc08                PROVIDE (__fini_array_end, .)
                0x0000fc08                __etext = .
                0x0000fc08                __DATA_ROM = .

.interrupts_ram
                0x1fff8000      0x400
                0x1fff8000                . = ALIGN (0x4)
                0x1fff8000                __VECTOR_RAM__ = .
                0x1fff8000                __interrupts_ram_start__ = .
 *(.m_interrupts_ram)
                0x1fff8400                . = (. + M_VECTOR_RAM_SIZE)
 *fill*         0x1fff8000      0x400 
                0x1fff8400                . = ALIGN (0x4)
                0x1fff8400                __interrupts_ram_end__ = .
                0x1fff8000                __VECTOR_RAM = DEFINED (__flash_vector_table__)?ORIGIN (m_interrupts):__VECTOR_RAM__
                0x00000400                __RAM_VECTOR_TABLE_SIZE = DEFINED (__flash_vector_table__)?0x0:(__interrupts_ram_end__ - __interrupts_ram_start__)

.data           0x1fff8400       0x5c load address 0x0000fc08
                0x1fff8400                . = ALIGN (0x4)
                0x1fff8400                __DATA_RAM = .
                0x1fff8400                __data_start__ = .
 *(.data)
 *(.data*)
 .data.tz.4427  0x1fff8400        0x4 ./src/timelib.o
 .data.VolToPart
                0x1fff8404        0x4 ./fatfs/ff.o
                0x1fff8404                VolToPart
 .data.uartTbl  0x1fff8408        0xc ./bl/LPUART.o
 .data.CAN      0x1fff8414        0xc ./bl/FlexCAN.o
                0x1fff8414                CAN
 .data.PCC_FlexCAN_INDEX
                0x1fff8420        0xc ./bl/FlexCAN.o
                0x1fff8420                PCC_FlexCAN_INDEX
 .data.xFreeBytesRemaining
                0x1fff842c        0x4 ./FreeRTOS/portable/MemMang/heap_2.o
 .data.uxCriticalNesting
                0x1fff8430        0x4 ./FreeRTOS/portable/GCC/ARM_CM4F/port.o
 .data.__double_nan
                0x1fff8434        0x8 /home/houxd/prog/NXP/S32DS_ARM_v2.0/S32DS/arm_ewl2/lib/armv7e-m/fpu/libm.a(float.o)
                0x1fff8434                __double_nan
 .data.__double_huge
                0x1fff843c        0x8 /home/houxd/prog/NXP/S32DS_ARM_v2.0/S32DS/arm_ewl2/lib/armv7e-m/fpu/libm.a(float.o)
                0x1fff843c                __double_huge
 .data.__extended_huge
                0x1fff8444        0x8 /home/houxd/prog/NXP/S32DS_ARM_v2.0/S32DS/arm_ewl2/lib/armv7e-m/fpu/libm.a(float.o)
                0x1fff8444                __extended_huge
 .data.__float_nan
                0x1fff844c        0x4 /home/houxd/prog/NXP/S32DS_ARM_v2.0/S32DS/arm_ewl2/lib/armv7e-m/fpu/libm.a(float.o)
                0x1fff844c                __float_nan
 .data.__extended_max
                0x1fff8450        0x8 /home/houxd/prog/NXP/S32DS_ARM_v2.0/S32DS/arm_ewl2/lib/armv7e-m/fpu/libm.a(float.o)
                0x1fff8450                __extended_max
 .data._ZN10__cxxabiv119__terminate_handlerE
                0x1fff8458        0x4 /home/houxd/prog/NXP/S32DS_ARM_v2.0/S32DS/arm_ewl2/lib/armv7e-m/fpu/librt.a(cxxabi_terminate_override.o)
                0x1fff8458                __cxxabiv1::__terminate_handler
 *(.jcr*)
                0x1fff845c                . = ALIGN (0x4)
                0x1fff845c                __data_end__ = .
                0x0000fc64                __DATA_END = (__DATA_ROM + (__data_end__ - __data_start__))
                0x0000fc64                __CODE_ROM = __DATA_END

.igot.plt       0x1fff845c        0x0 load address 0x0000fc64
 .igot.plt      0x00000000        0x0 /home/houxd/prog/NXP/S32DS_ARM_v2.0/S32DS/arm_ewl2/lib/armv7e-m/fpu/__arm_start-hosted.o

.code           0x1fff845c        0x0 load address 0x0000fc64
                0x1fff845c                . = ALIGN (0x4)
                0x1fff845c                __CODE_RAM = .
                0x1fff845c                __code_start__ = .
 *(.code_ram)
                0x1fff845c                . = ALIGN (0x4)
                0x1fff845c                __code_end__ = .
                0x0000fc64                __CODE_END = (__CODE_ROM + (__code_end__ - __code_start__))

.customSectionBlock
 *(.customSection)

.bss            0x20000000     0x44ac
                0x20000000                . = ALIGN (0x4)
                0x20000000                __BSS_START = .
                0x20000000                __bss_start__ = .
 *(.bss)
 *(.bss*)
 .bss.__timelib_tick_count
                0x20000000        0x8 ./src/timelib.o
                0x20000000                __timelib_tick_count
 .bss.time_tick_diff
                0x20000008        0x8 ./src/timelib.o
 .bss.ltm.4436  0x20000010       0x1c ./src/timelib.o
 .bss.buf.4448  0x2000002c       0x40 ./src/timelib.o
 .bss.trace_mutex
                0x2000006c        0x4 ./src/oswrapper.o
 .bss.uartQueueTbl
                0x20000070        0xc ./src/main.o
 .bss.mainTaskHandle
                0x2000007c        0x4 ./src/main.o
 .bss.FatFs     0x20000080        0x8 ./fatfs/ff.o
 .bss.Fsid      0x20000088        0x2 ./fatfs/ff.o
 .bss.CurrVol   0x2000008a        0x1 ./fatfs/ff.o
 *fill*         0x2000008b        0x1 
 .bss.LfnBuf    0x2000008c      0x200 ./fatfs/ff.o
 .bss.this_dev  0x2000028c        0x4 ./bl/softi2c.o
 .bss.ucHeap    0x20000290     0x4000 ./FreeRTOS/portable/MemMang/heap_2.o
 .bss.xStart    0x20004290        0x8 ./FreeRTOS/portable/MemMang/heap_2.o
 .bss.xEnd      0x20004298        0x8 ./FreeRTOS/portable/MemMang/heap_2.o
 .bss.xHeapHasBeenInitialised.4449
                0x200042a0        0x4 ./FreeRTOS/portable/MemMang/heap_2.o
 .bss.ucMaxSysCallPriority
                0x200042a4        0x1 ./FreeRTOS/portable/GCC/ARM_CM4F/port.o
 *fill*         0x200042a5        0x3 
 .bss.ulMaxPRIGROUPValue
                0x200042a8        0x4 ./FreeRTOS/portable/GCC/ARM_CM4F/port.o
 .bss.xActiveTimerList1
                0x200042ac       0x14 ./FreeRTOS/timers.o
 .bss.xActiveTimerList2
                0x200042c0       0x14 ./FreeRTOS/timers.o
 .bss.pxCurrentTimerList
                0x200042d4        0x4 ./FreeRTOS/timers.o
 .bss.pxOverflowTimerList
                0x200042d8        0x4 ./FreeRTOS/timers.o
 .bss.xTimerQueue
                0x200042dc        0x4 ./FreeRTOS/timers.o
 .bss.xLastTime.4689
                0x200042e0        0x4 ./FreeRTOS/timers.o
 .bss.pxCurrentTCB
                0x200042e4        0x4 ./FreeRTOS/tasks.o
                0x200042e4                pxCurrentTCB
 .bss.pxReadyTasksLists
                0x200042e8       0xa0 ./FreeRTOS/tasks.o
 .bss.xDelayedTaskList1
                0x20004388       0x14 ./FreeRTOS/tasks.o
 .bss.xDelayedTaskList2
                0x2000439c       0x14 ./FreeRTOS/tasks.o
 .bss.pxDelayedTaskList
                0x200043b0        0x4 ./FreeRTOS/tasks.o
 .bss.pxOverflowDelayedTaskList
                0x200043b4        0x4 ./FreeRTOS/tasks.o
 .bss.xPendingReadyList
                0x200043b8       0x14 ./FreeRTOS/tasks.o
 .bss.xTasksWaitingTermination
                0x200043cc       0x14 ./FreeRTOS/tasks.o
 .bss.uxTasksDeleted
                0x200043e0        0x4 ./FreeRTOS/tasks.o
 .bss.xSuspendedTaskList
                0x200043e4       0x14 ./FreeRTOS/tasks.o
 .bss.uxCurrentNumberOfTasks
                0x200043f8        0x4 ./FreeRTOS/tasks.o
 .bss.xTickCount
                0x200043fc        0x4 ./FreeRTOS/tasks.o
 .bss.uxTopReadyPriority
                0x20004400        0x4 ./FreeRTOS/tasks.o
 .bss.xSchedulerRunning
                0x20004404        0x4 ./FreeRTOS/tasks.o
 .bss.uxPendedTicks
                0x20004408        0x4 ./FreeRTOS/tasks.o
 .bss.xYieldPending
                0x2000440c        0x4 ./FreeRTOS/tasks.o
 .bss.xNumOfOverflows
                0x20004410        0x4 ./FreeRTOS/tasks.o
 .bss.uxTaskNumber
                0x20004414        0x4 ./FreeRTOS/tasks.o
 .bss.xNextTaskUnblockTime
                0x20004418        0x4 ./FreeRTOS/tasks.o
 .bss.uxSchedulerSuspended
                0x2000441c        0x4 ./FreeRTOS/tasks.o
 .bss.__stdio_exit
                0x20004420        0x4 /home/houxd/prog/NXP/S32DS_ARM_v2.0/S32DS/arm_ewl2/lib/armv7e-m/fpu/libc99.a(exit.o)
                0x20004420                __stdio_exit
 .bss.__console_exit
                0x20004424        0x4 /home/houxd/prog/NXP/S32DS_ARM_v2.0/S32DS/arm_ewl2/lib/armv7e-m/fpu/libc99.a(exit.o)
                0x20004424                __console_exit
 .bss.__ewl_constraint_handler
                0x20004428        0x4 /home/houxd/prog/NXP/S32DS_ARM_v2.0/S32DS/arm_ewl2/lib/armv7e-m/fpu/libc99.a(secure_error.o)
 .bss.__global_destructor_chain
                0x2000442c        0x4 /home/houxd/prog/NXP/S32DS_ARM_v2.0/S32DS/arm_ewl2/lib/armv7e-m/fpu/librt.a(__arm_eabi_init.o)
                0x2000442c                __global_destructor_chain
 *(COMMON)
 COMMON         0x20004430        0x4 ./bl/softonewire.o
                0x20004430                this_dev
 COMMON         0x20004434       0x58 ./bl/SPI_MSD0_Driver.o
                0x20004434                SD0_CardInfo
 COMMON         0x2000448c        0x4 /home/houxd/prog/NXP/S32DS_ARM_v2.0/S32DS/arm_ewl2/lib/armv7e-m/fpu/libc99.a(errno.o)
                0x2000448c                errno
 COMMON         0x20004490       0x1c /home/houxd/prog/NXP/S32DS_ARM_v2.0/S32DS/arm_ewl2/lib/armv7e-m/fpu/libc99.a(signal.o)
                0x20004490                signal_funcs
                0x200044ac                . = ALIGN (0x4)
                0x200044ac                __bss_end__ = .
                0x200044ac                __BSS_END = .

.heap           0x200044ac      0x404
                0x200044b0                . = ALIGN (0x8)
 *fill*         0x200044ac        0x4 
                0x200044b0                __end__ = .
                0x200044b0                PROVIDE (end, .)
                0x200044b0                PROVIDE (_end, .)
                0x200044b0                PROVIDE (__end, .)
                0x200044b0                __HeapBase = .
                0x200048b0                . = (. + HEAP_SIZE)
 *fill*         0x200044b0      0x400 
                0x200048b0                __HeapLimit = .
                0x200048b0                __heap_limit = .

.stack          0x200048b0      0x400
                0x200048b0                . = ALIGN (0x8)
                0x20004cb0                . = (. + STACK_SIZE)
 *fill*         0x200048b0      0x400 
                0x20007000                __StackTop = (ORIGIN (m_data_2) + 0x7000)
                0x20006c00                __StackLimit = (__StackTop - STACK_SIZE)
                0x20007000                PROVIDE (__stack, __StackTop)

.ARM.attributes
                0x00000000       0x37
 *(.ARM.attributes)
 .ARM.attributes
                0x00000000       0x39 ./src/timelib.o
 .ARM.attributes
                0x00000039       0x39 ./src/oswrapper.o
 .ARM.attributes
                0x00000072       0x39 ./src/main.o
 .ARM.attributes
                0x000000ab       0x39 ./src/convert.o
 .ARM.attributes
                0x000000e4       0x39 ./fatfs/ff.o
 .ARM.attributes
                0x0000011d       0x39 ./fatfs/diskio.o
 .ARM.attributes
                0x00000156       0x39 ./fatfs/ccsbcs.o
 .ARM.attributes
                0x0000018f       0x39 ./bl/softonewire.o
 .ARM.attributes
                0x000001c8       0x39 ./bl/softi2c.o
 .ARM.attributes
                0x00000201       0x39 ./bl/ds3231.o
 .ARM.attributes
                0x0000023a       0x39 ./bl/ds2411.o
 .ARM.attributes
                0x00000273       0x39 ./bl/clocks_and_modes.o
 .ARM.attributes
                0x000002ac       0x39 ./bl/bl.o
 .ARM.attributes
                0x000002e5       0x39 ./bl/SPI_MSD0_Driver.o
 .ARM.attributes
                0x0000031e       0x39 ./bl/LPUART.o
 .ARM.attributes
                0x00000357       0x39 ./bl/FlexCAN.o
 .ARM.attributes
                0x00000390       0x39 ./Project_Settings/Startup_Code/system_S32K144.o
 .ARM.attributes
                0x000003c9       0x1f ./Project_Settings/Startup_Code/startup_S32K144.o
 .ARM.attributes
                0x000003e8       0x39 ./Project_Settings/Startup_Code/startup.o
 .ARM.attributes
                0x00000421       0x39 ./FreeRTOS/portable/MemMang/heap_2.o
 .ARM.attributes
                0x0000045a       0x39 ./FreeRTOS/portable/GCC/ARM_CM4F/port.o
 .ARM.attributes
                0x00000493       0x39 ./FreeRTOS/timers.o
 .ARM.attributes
                0x000004cc       0x39 ./FreeRTOS/tasks.o
 .ARM.attributes
                0x00000505       0x39 ./FreeRTOS/queue.o
 .ARM.attributes
                0x0000053e       0x39 ./FreeRTOS/list.o
 .ARM.attributes
                0x00000577       0x39 /home/houxd/prog/NXP/S32DS_ARM_v2.0/S32DS/arm_ewl2/lib/armv7e-m/fpu/libc99.a(snprintf.o)
 .ARM.attributes
                0x000005b0       0x39 /home/houxd/prog/NXP/S32DS_ARM_v2.0/S32DS/arm_ewl2/lib/armv7e-m/fpu/libc99.a(sscanf.o)
 .ARM.attributes
                0x000005e9       0x39 /home/houxd/prog/NXP/S32DS_ARM_v2.0/S32DS/arm_ewl2/lib/armv7e-m/fpu/libc99.a(vsnprintf.o)
 .ARM.attributes
                0x00000622       0x39 /home/houxd/prog/NXP/S32DS_ARM_v2.0/S32DS/arm_ewl2/lib/armv7e-m/fpu/libc99.a(vsscanf.o)
 .ARM.attributes
                0x0000065b       0x39 /home/houxd/prog/NXP/S32DS_ARM_v2.0/S32DS/arm_ewl2/lib/armv7e-m/fpu/libc99.a(exit.o)
 .ARM.attributes
                0x00000694       0x39 /home/houxd/prog/NXP/S32DS_ARM_v2.0/S32DS/arm_ewl2/lib/armv7e-m/fpu/libc99.a(strtoul.o)
 .ARM.attributes
                0x000006cd       0x39 /home/houxd/prog/NXP/S32DS_ARM_v2.0/S32DS/arm_ewl2/lib/armv7e-m/fpu/libc99.a(memcpy.o)
 .ARM.attributes
                0x00000706       0x39 /home/houxd/prog/NXP/S32DS_ARM_v2.0/S32DS/arm_ewl2/lib/armv7e-m/fpu/libc99.a(memset.o)
 .ARM.attributes
                0x0000073f       0x39 /home/houxd/prog/NXP/S32DS_ARM_v2.0/S32DS/arm_ewl2/lib/armv7e-m/fpu/libc99.a(strchr.o)
 .ARM.attributes
                0x00000778       0x39 /home/houxd/prog/NXP/S32DS_ARM_v2.0/S32DS/arm_ewl2/lib/armv7e-m/fpu/libc99.a(strcmp.o)
 .ARM.attributes
                0x000007b1       0x39 /home/houxd/prog/NXP/S32DS_ARM_v2.0/S32DS/arm_ewl2/lib/armv7e-m/fpu/libc99.a(strcpy.o)
 .ARM.attributes
                0x000007ea       0x39 /home/houxd/prog/NXP/S32DS_ARM_v2.0/S32DS/arm_ewl2/lib/armv7e-m/fpu/libc99.a(strlen.o)
 .ARM.attributes
                0x00000823       0x39 /home/houxd/prog/NXP/S32DS_ARM_v2.0/S32DS/arm_ewl2/lib/armv7e-m/fpu/libc99.a(strncmp.o)
 .ARM.attributes
                0x0000085c       0x39 /home/houxd/prog/NXP/S32DS_ARM_v2.0/S32DS/arm_ewl2/lib/armv7e-m/fpu/libc99.a(strspn.o)
 .ARM.attributes
                0x00000895       0x39 /home/houxd/prog/NXP/S32DS_ARM_v2.0/S32DS/arm_ewl2/lib/armv7e-m/fpu/libc99.a(__printformat.o)
 .ARM.attributes
                0x000008ce       0x39 /home/houxd/prog/NXP/S32DS_ARM_v2.0/S32DS/arm_ewl2/lib/armv7e-m/fpu/libc99.a(__scanformat.o)
 .ARM.attributes
                0x00000907       0x39 /home/houxd/prog/NXP/S32DS_ARM_v2.0/S32DS/arm_ewl2/lib/armv7e-m/fpu/libc99.a(ctype_aeabi.o)
 .ARM.attributes
                0x00000940       0x39 /home/houxd/prog/NXP/S32DS_ARM_v2.0/S32DS/arm_ewl2/lib/armv7e-m/fpu/libc99.a(errno.o)
 .ARM.attributes
                0x00000979       0x39 /home/houxd/prog/NXP/S32DS_ARM_v2.0/S32DS/arm_ewl2/lib/armv7e-m/fpu/libc99.a(secure_error.o)
 .ARM.attributes
                0x000009b2       0x39 /home/houxd/prog/NXP/S32DS_ARM_v2.0/S32DS/arm_ewl2/lib/armv7e-m/fpu/libc99.a(__strtold.o)
 .ARM.attributes
                0x000009eb       0x39 /home/houxd/prog/NXP/S32DS_ARM_v2.0/S32DS/arm_ewl2/lib/armv7e-m/fpu/libc99.a(abort.o)
 .ARM.attributes
                0x00000a24       0x39 /home/houxd/prog/NXP/S32DS_ARM_v2.0/S32DS/arm_ewl2/lib/armv7e-m/fpu/libc99.a(mbstowcs_s.o)
 .ARM.attributes
                0x00000a5d       0x39 /home/houxd/prog/NXP/S32DS_ARM_v2.0/S32DS/arm_ewl2/lib/armv7e-m/fpu/libc99.a(mbtowc.o)
 .ARM.attributes
                0x00000a96       0x39 /home/houxd/prog/NXP/S32DS_ARM_v2.0/S32DS/arm_ewl2/lib/armv7e-m/fpu/libc99.a(__strtoul.o)
 .ARM.attributes
                0x00000acf       0x39 /home/houxd/prog/NXP/S32DS_ARM_v2.0/S32DS/arm_ewl2/lib/armv7e-m/fpu/libc99.a(__strtoull.o)
 .ARM.attributes
                0x00000b08       0x39 /home/houxd/prog/NXP/S32DS_ARM_v2.0/S32DS/arm_ewl2/lib/armv7e-m/fpu/libc99.a(wctomb.o)
 .ARM.attributes
                0x00000b41       0x39 /home/houxd/prog/NXP/S32DS_ARM_v2.0/S32DS/arm_ewl2/lib/armv7e-m/fpu/libc99.a(__filll_mem.o)
 .ARM.attributes
                0x00000b7a       0x39 /home/houxd/prog/NXP/S32DS_ARM_v2.0/S32DS/arm_ewl2/lib/armv7e-m/fpu/libc99.a(memchr.o)
 .ARM.attributes
                0x00000bb3       0x39 /home/houxd/prog/NXP/S32DS_ARM_v2.0/S32DS/arm_ewl2/lib/armv7e-m/fpu/libc99.a(strncpy.o)
 .ARM.attributes
                0x00000bec       0x39 /home/houxd/prog/NXP/S32DS_ARM_v2.0/S32DS/arm_ewl2/lib/armv7e-m/fpu/libc99.a(math_ARM.o)
 .ARM.attributes
                0x00000c25       0x39 /home/houxd/prog/NXP/S32DS_ARM_v2.0/S32DS/arm_ewl2/lib/armv7e-m/fpu/libc99.a(raise.o)
 .ARM.attributes
                0x00000c5e       0x39 /home/houxd/prog/NXP/S32DS_ARM_v2.0/S32DS/arm_ewl2/lib/armv7e-m/fpu/libc99.a(signal.o)
 .ARM.attributes
                0x00000c97       0x39 /home/houxd/prog/NXP/S32DS_ARM_v2.0/S32DS/arm_ewl2/lib/armv7e-m/fpu/libm.a(ansi_fp.o)
 .ARM.attributes
                0x00000cd0       0x39 /home/houxd/prog/NXP/S32DS_ARM_v2.0/S32DS/arm_ewl2/lib/armv7e-m/fpu/libm.a(float.o)
 .ARM.attributes
                0x00000d09       0x39 /home/houxd/prog/NXP/S32DS_ARM_v2.0/S32DS/arm_ewl2/lib/armv7e-m/fpu/libm.a(math_api.o)
 .ARM.attributes
                0x00000d42       0x39 /home/houxd/prog/NXP/S32DS_ARM_v2.0/S32DS/arm_ewl2/lib/armv7e-m/fpu/libm.a(s_frexp.o)
 .ARM.attributes
                0x00000d7b       0x39 /home/houxd/prog/NXP/S32DS_ARM_v2.0/S32DS/arm_ewl2/lib/armv7e-m/fpu/libm.a(s_ldexp.o)
 .ARM.attributes
                0x00000db4       0x39 /home/houxd/prog/NXP/S32DS_ARM_v2.0/S32DS/arm_ewl2/lib/armv7e-m/fpu/libm.a(w_pow.o)
 .ARM.attributes
                0x00000ded       0x39 /home/houxd/prog/NXP/S32DS_ARM_v2.0/S32DS/arm_ewl2/lib/armv7e-m/fpu/libm.a(e_pow.o)
 .ARM.attributes
                0x00000e26       0x39 /home/houxd/prog/NXP/S32DS_ARM_v2.0/S32DS/arm_ewl2/lib/armv7e-m/fpu/libm.a(scalbn.o)
 .ARM.attributes
                0x00000e5f       0x39 /home/houxd/prog/NXP/S32DS_ARM_v2.0/S32DS/arm_ewl2/lib/armv7e-m/fpu/libm.a(w_sqrt.o)
 .ARM.attributes
                0x00000e98       0x39 /home/houxd/prog/NXP/S32DS_ARM_v2.0/S32DS/arm_ewl2/lib/armv7e-m/fpu/libm.a(e_sqrt.o)
 .ARM.attributes
                0x00000ed1       0x22 /home/houxd/prog/NXP/S32DS_ARM_v2.0/Cross_Tools/gcc-arm-none-eabi-4_9/bin/../lib/gcc/arm-none-eabi/4.9.3/armv7e-m/fpu/libgcc.a(_arm_addsubdf3.o)
 .ARM.attributes
                0x00000ef3       0x22 /home/houxd/prog/NXP/S32DS_ARM_v2.0/Cross_Tools/gcc-arm-none-eabi-4_9/bin/../lib/gcc/arm-none-eabi/4.9.3/armv7e-m/fpu/libgcc.a(_arm_muldivdf3.o)
 .ARM.attributes
                0x00000f15       0x22 /home/houxd/prog/NXP/S32DS_ARM_v2.0/Cross_Tools/gcc-arm-none-eabi-4_9/bin/../lib/gcc/arm-none-eabi/4.9.3/armv7e-m/fpu/libgcc.a(_arm_cmpdf2.o)
 .ARM.attributes
                0x00000f37       0x22 /home/houxd/prog/NXP/S32DS_ARM_v2.0/Cross_Tools/gcc-arm-none-eabi-4_9/bin/../lib/gcc/arm-none-eabi/4.9.3/armv7e-m/fpu/libgcc.a(_arm_fixdfsi.o)
 .ARM.attributes
                0x00000f59       0x22 /home/houxd/prog/NXP/S32DS_ARM_v2.0/Cross_Tools/gcc-arm-none-eabi-4_9/bin/../lib/gcc/arm-none-eabi/4.9.3/armv7e-m/fpu/libgcc.a(_arm_truncdfsf2.o)
 .ARM.attributes
                0x00000f7b       0x22 /home/houxd/prog/NXP/S32DS_ARM_v2.0/Cross_Tools/gcc-arm-none-eabi-4_9/bin/../lib/gcc/arm-none-eabi/4.9.3/armv7e-m/fpu/libgcc.a(_aeabi_uldivmod.o)
 .ARM.attributes
                0x00000f9d       0x34 /home/houxd/prog/NXP/S32DS_ARM_v2.0/Cross_Tools/gcc-arm-none-eabi-4_9/bin/../lib/gcc/arm-none-eabi/4.9.3/armv7e-m/fpu/libgcc.a(_clear_cache.o)
 .ARM.attributes
                0x00000fd1       0x34 /home/houxd/prog/NXP/S32DS_ARM_v2.0/Cross_Tools/gcc-arm-none-eabi-4_9/bin/../lib/gcc/arm-none-eabi/4.9.3/armv7e-m/fpu/libgcc.a(bpabi.o)
 .ARM.attributes
                0x00001005       0x22 /home/houxd/prog/NXP/S32DS_ARM_v2.0/Cross_Tools/gcc-arm-none-eabi-4_9/bin/../lib/gcc/arm-none-eabi/4.9.3/armv7e-m/fpu/libgcc.a(_dvmd_tls.o)
 .ARM.attributes
                0x00001027       0x34 /home/houxd/prog/NXP/S32DS_ARM_v2.0/Cross_Tools/gcc-arm-none-eabi-4_9/bin/../lib/gcc/arm-none-eabi/4.9.3/armv7e-m/fpu/libgcc.a(_divdi3.o)
 .ARM.attributes
                0x0000105b       0x34 /home/houxd/prog/NXP/S32DS_ARM_v2.0/Cross_Tools/gcc-arm-none-eabi-4_9/bin/../lib/gcc/arm-none-eabi/4.9.3/armv7e-m/fpu/libgcc.a(_udivdi3.o)
 .ARM.attributes
                0x0000108f       0x39 /home/houxd/prog/NXP/S32DS_ARM_v2.0/S32DS/arm_ewl2/lib/armv7e-m/fpu/librt.a(gcc_ctor_dtor.o)
 .ARM.attributes
                0x000010c8       0x39 /home/houxd/prog/NXP/S32DS_ARM_v2.0/S32DS/arm_ewl2/lib/armv7e-m/fpu/librt.a(__arm_eabi_init.o)
 .ARM.attributes
                0x00001101       0x39 /home/houxd/prog/NXP/S32DS_ARM_v2.0/S32DS/arm_ewl2/lib/armv7e-m/fpu/librt.a(cxxabi_terminate_override.o)
                0x00000001                ASSERT ((__StackLimit >= __HeapLimit), region m_data_2 overflowed with stack and heap)
OUTPUT(dp1000.elf elf32-littlearm)

.debug_info     0x00000000    0x14c30
 .debug_info    0x00000000      0x471 ./src/timelib.o
 .debug_info    0x00000471      0x2ff ./src/oswrapper.o
 .debug_info    0x00000770     0x17b2 ./src/main.o
 .debug_info    0x00001f22      0xc93 ./src/convert.o
 .debug_info    0x00002bb5     0x2010 ./fatfs/ff.o
 .debug_info    0x00004bc5      0x602 ./fatfs/diskio.o
 .debug_info    0x000051c7      0x160 ./fatfs/ccsbcs.o
 .debug_info    0x00005327      0x3b9 ./bl/softonewire.o
 .debug_info    0x000056e0      0x35f ./bl/softi2c.o
 .debug_info    0x00005a3f      0x397 ./bl/ds3231.o
 .debug_info    0x00005dd6      0x2c7 ./bl/ds2411.o
 .debug_info    0x0000609d      0x269 ./bl/clocks_and_modes.o
 .debug_info    0x00006306      0x888 ./bl/bl.o
 .debug_info    0x00006b8e      0xaba ./bl/SPI_MSD0_Driver.o
 .debug_info    0x00007648      0x2fe ./bl/LPUART.o
 .debug_info    0x00007946      0x575 ./bl/FlexCAN.o
 .debug_info    0x00007ebb      0x500 ./Project_Settings/Startup_Code/system_S32K144.o
 .debug_info    0x000083bb       0x8b ./Project_Settings/Startup_Code/startup_S32K144.o
 .debug_info    0x00008446      0x3eb ./Project_Settings/Startup_Code/startup.o
 .debug_info    0x00008831      0x2d4 ./FreeRTOS/portable/MemMang/heap_2.o
 .debug_info    0x00008b05      0x512 ./FreeRTOS/portable/GCC/ARM_CM4F/port.o
 .debug_info    0x00009017      0xb3c ./FreeRTOS/timers.o
 .debug_info    0x00009b53     0x1a87 ./FreeRTOS/tasks.o
 .debug_info    0x0000b5da      0xf95 ./FreeRTOS/queue.o
 .debug_info    0x0000c56f      0x28f ./FreeRTOS/list.o
 .debug_info    0x0000c7fe      0x3fc /home/houxd/prog/NXP/S32DS_ARM_v2.0/S32DS/arm_ewl2/lib/armv7e-m/fpu/libc99.a(snprintf.o)
 .debug_info    0x0000cbfa      0x118 /home/houxd/prog/NXP/S32DS_ARM_v2.0/S32DS/arm_ewl2/lib/armv7e-m/fpu/libc99.a(sscanf.o)
 .debug_info    0x0000cd12      0x4cb /home/houxd/prog/NXP/S32DS_ARM_v2.0/S32DS/arm_ewl2/lib/armv7e-m/fpu/libc99.a(vsnprintf.o)
 .debug_info    0x0000d1dd      0x250 /home/houxd/prog/NXP/S32DS_ARM_v2.0/S32DS/arm_ewl2/lib/armv7e-m/fpu/libc99.a(vsscanf.o)
 .debug_info    0x0000d42d      0x111 /home/houxd/prog/NXP/S32DS_ARM_v2.0/S32DS/arm_ewl2/lib/armv7e-m/fpu/libc99.a(exit.o)
 .debug_info    0x0000d53e      0x696 /home/houxd/prog/NXP/S32DS_ARM_v2.0/S32DS/arm_ewl2/lib/armv7e-m/fpu/libc99.a(strtoul.o)
 .debug_info    0x0000dbd4      0x111 /home/houxd/prog/NXP/S32DS_ARM_v2.0/S32DS/arm_ewl2/lib/armv7e-m/fpu/libc99.a(memcpy.o)
 .debug_info    0x0000dce5       0xec /home/houxd/prog/NXP/S32DS_ARM_v2.0/S32DS/arm_ewl2/lib/armv7e-m/fpu/libc99.a(memset.o)
 .debug_info    0x0000ddd1      0x106 /home/houxd/prog/NXP/S32DS_ARM_v2.0/S32DS/arm_ewl2/lib/armv7e-m/fpu/libc99.a(strchr.o)
 .debug_info    0x0000ded7      0x115 /home/houxd/prog/NXP/S32DS_ARM_v2.0/S32DS/arm_ewl2/lib/armv7e-m/fpu/libc99.a(strcmp.o)
 .debug_info    0x0000dfec      0x10e /home/houxd/prog/NXP/S32DS_ARM_v2.0/S32DS/arm_ewl2/lib/armv7e-m/fpu/libc99.a(strcpy.o)
 .debug_info    0x0000e0fa       0xeb /home/houxd/prog/NXP/S32DS_ARM_v2.0/S32DS/arm_ewl2/lib/armv7e-m/fpu/libc99.a(strlen.o)
 .debug_info    0x0000e1e5      0x143 /home/houxd/prog/NXP/S32DS_ARM_v2.0/S32DS/arm_ewl2/lib/armv7e-m/fpu/libc99.a(strncmp.o)
 .debug_info    0x0000e328      0x13d /home/houxd/prog/NXP/S32DS_ARM_v2.0/S32DS/arm_ewl2/lib/armv7e-m/fpu/libc99.a(strspn.o)
 .debug_info    0x0000e465      0xe0e /home/houxd/prog/NXP/S32DS_ARM_v2.0/S32DS/arm_ewl2/lib/armv7e-m/fpu/libc99.a(__printformat.o)
 .debug_info    0x0000f273      0x92f /home/houxd/prog/NXP/S32DS_ARM_v2.0/S32DS/arm_ewl2/lib/armv7e-m/fpu/libc99.a(__scanformat.o)
 .debug_info    0x0000fba2      0x306 /home/houxd/prog/NXP/S32DS_ARM_v2.0/S32DS/arm_ewl2/lib/armv7e-m/fpu/libc99.a(ctype_aeabi.o)
 .debug_info    0x0000fea8       0x9d /home/houxd/prog/NXP/S32DS_ARM_v2.0/S32DS/arm_ewl2/lib/armv7e-m/fpu/libc99.a(errno.o)
 .debug_info    0x0000ff45      0x248 /home/houxd/prog/NXP/S32DS_ARM_v2.0/S32DS/arm_ewl2/lib/armv7e-m/fpu/libc99.a(secure_error.o)
 .debug_info    0x0001018d      0x894 /home/houxd/prog/NXP/S32DS_ARM_v2.0/S32DS/arm_ewl2/lib/armv7e-m/fpu/libc99.a(__strtold.o)
 .debug_info    0x00010a21       0xb2 /home/houxd/prog/NXP/S32DS_ARM_v2.0/S32DS/arm_ewl2/lib/armv7e-m/fpu/libc99.a(abort.o)
 .debug_info    0x00010ad3      0x570 /home/houxd/prog/NXP/S32DS_ARM_v2.0/S32DS/arm_ewl2/lib/armv7e-m/fpu/libc99.a(mbstowcs_s.o)
 .debug_info    0x00011043      0x415 /home/houxd/prog/NXP/S32DS_ARM_v2.0/S32DS/arm_ewl2/lib/armv7e-m/fpu/libc99.a(mbtowc.o)
 .debug_info    0x00011458      0x6de /home/houxd/prog/NXP/S32DS_ARM_v2.0/S32DS/arm_ewl2/lib/armv7e-m/fpu/libc99.a(__strtoul.o)
 .debug_info    0x00011b36      0x6db /home/houxd/prog/NXP/S32DS_ARM_v2.0/S32DS/arm_ewl2/lib/armv7e-m/fpu/libc99.a(__strtoull.o)
 .debug_info    0x00012211      0x3e5 /home/houxd/prog/NXP/S32DS_ARM_v2.0/S32DS/arm_ewl2/lib/armv7e-m/fpu/libc99.a(wctomb.o)
 .debug_info    0x000125f6      0x137 /home/houxd/prog/NXP/S32DS_ARM_v2.0/S32DS/arm_ewl2/lib/armv7e-m/fpu/libc99.a(__filll_mem.o)
 .debug_info    0x0001272d      0x121 /home/houxd/prog/NXP/S32DS_ARM_v2.0/S32DS/arm_ewl2/lib/armv7e-m/fpu/libc99.a(memchr.o)
 .debug_info    0x0001284e      0x108 /home/houxd/prog/NXP/S32DS_ARM_v2.0/S32DS/arm_ewl2/lib/armv7e-m/fpu/libc99.a(strncpy.o)
 .debug_info    0x00012956      0x407 /home/houxd/prog/NXP/S32DS_ARM_v2.0/S32DS/arm_ewl2/lib/armv7e-m/fpu/libc99.a(math_ARM.o)
 .debug_info    0x00012d5d      0x108 /home/houxd/prog/NXP/S32DS_ARM_v2.0/S32DS/arm_ewl2/lib/armv7e-m/fpu/libc99.a(raise.o)
 .debug_info    0x00012e65      0x124 /home/houxd/prog/NXP/S32DS_ARM_v2.0/S32DS/arm_ewl2/lib/armv7e-m/fpu/libc99.a(signal.o)
 .debug_info    0x00012f89      0x51d /home/houxd/prog/NXP/S32DS_ARM_v2.0/S32DS/arm_ewl2/lib/armv7e-m/fpu/libm.a(ansi_fp.o)
 .debug_info    0x000134a6      0x1e4 /home/houxd/prog/NXP/S32DS_ARM_v2.0/S32DS/arm_ewl2/lib/armv7e-m/fpu/libm.a(float.o)
 .debug_info    0x0001368a      0x30c /home/houxd/prog/NXP/S32DS_ARM_v2.0/S32DS/arm_ewl2/lib/armv7e-m/fpu/libm.a(math_api.o)
 .debug_info    0x00013996      0x1a1 /home/houxd/prog/NXP/S32DS_ARM_v2.0/S32DS/arm_ewl2/lib/armv7e-m/fpu/libm.a(s_frexp.o)
 .debug_info    0x00013b37      0x1e2 /home/houxd/prog/NXP/S32DS_ARM_v2.0/S32DS/arm_ewl2/lib/armv7e-m/fpu/libm.a(s_ldexp.o)
 .debug_info    0x00013d19       0xbf /home/houxd/prog/NXP/S32DS_ARM_v2.0/S32DS/arm_ewl2/lib/armv7e-m/fpu/libm.a(w_pow.o)
 .debug_info    0x00013dd8      0x5c6 /home/houxd/prog/NXP/S32DS_ARM_v2.0/S32DS/arm_ewl2/lib/armv7e-m/fpu/libm.a(e_pow.o)
 .debug_info    0x0001439e       0xf2 /home/houxd/prog/NXP/S32DS_ARM_v2.0/S32DS/arm_ewl2/lib/armv7e-m/fpu/libm.a(scalbn.o)
 .debug_info    0x00014490       0xb2 /home/houxd/prog/NXP/S32DS_ARM_v2.0/S32DS/arm_ewl2/lib/armv7e-m/fpu/libm.a(w_sqrt.o)
 .debug_info    0x00014542      0x266 /home/houxd/prog/NXP/S32DS_ARM_v2.0/S32DS/arm_ewl2/lib/armv7e-m/fpu/libm.a(e_sqrt.o)
 .debug_info    0x000147a8      0x14a /home/houxd/prog/NXP/S32DS_ARM_v2.0/S32DS/arm_ewl2/lib/armv7e-m/fpu/librt.a(gcc_ctor_dtor.o)
 .debug_info    0x000148f2      0x2dc /home/houxd/prog/NXP/S32DS_ARM_v2.0/S32DS/arm_ewl2/lib/armv7e-m/fpu/librt.a(__arm_eabi_init.o)
 .debug_info    0x00014bce       0x62 /home/houxd/prog/NXP/S32DS_ARM_v2.0/S32DS/arm_ewl2/lib/armv7e-m/fpu/librt.a(cxxabi_terminate_override.o)

.debug_abbrev   0x00000000     0x4d6f
 .debug_abbrev  0x00000000      0x120 ./src/timelib.o
 .debug_abbrev  0x00000120      0x11b ./src/oswrapper.o
 .debug_abbrev  0x0000023b      0x380 ./src/main.o
 .debug_abbrev  0x000005bb      0x173 ./src/convert.o
 .debug_abbrev  0x0000072e      0x1f0 ./fatfs/ff.o
 .debug_abbrev  0x0000091e      0x143 ./fatfs/diskio.o
 .debug_abbrev  0x00000a61       0xab ./fatfs/ccsbcs.o
 .debug_abbrev  0x00000b0c      0x167 ./bl/softonewire.o
 .debug_abbrev  0x00000c73      0x140 ./bl/softi2c.o
 .debug_abbrev  0x00000db3      0x184 ./bl/ds3231.o
 .debug_abbrev  0x00000f37      0x150 ./bl/ds2411.o
 .debug_abbrev  0x00001087       0xc2 ./bl/clocks_and_modes.o
 .debug_abbrev  0x00001149      0x1a3 ./bl/bl.o
 .debug_abbrev  0x000012ec      0x230 ./bl/SPI_MSD0_Driver.o
 .debug_abbrev  0x0000151c      0x11f ./bl/LPUART.o
 .debug_abbrev  0x0000163b      0x186 ./bl/FlexCAN.o
 .debug_abbrev  0x000017c1      0x118 ./Project_Settings/Startup_Code/system_S32K144.o
 .debug_abbrev  0x000018d9       0x14 ./Project_Settings/Startup_Code/startup_S32K144.o
 .debug_abbrev  0x000018ed      0x101 ./Project_Settings/Startup_Code/startup.o
 .debug_abbrev  0x000019ee      0x171 ./FreeRTOS/portable/MemMang/heap_2.o
 .debug_abbrev  0x00001b5f      0x1c0 ./FreeRTOS/portable/GCC/ARM_CM4F/port.o
 .debug_abbrev  0x00001d1f      0x1ea ./FreeRTOS/timers.o
 .debug_abbrev  0x00001f09      0x276 ./FreeRTOS/tasks.o
 .debug_abbrev  0x0000217f      0x1d7 ./FreeRTOS/queue.o
 .debug_abbrev  0x00002356       0xc1 ./FreeRTOS/list.o
 .debug_abbrev  0x00002417      0x12d /home/houxd/prog/NXP/S32DS_ARM_v2.0/S32DS/arm_ewl2/lib/armv7e-m/fpu/libc99.a(snprintf.o)
 .debug_abbrev  0x00002544       0xb1 /home/houxd/prog/NXP/S32DS_ARM_v2.0/S32DS/arm_ewl2/lib/armv7e-m/fpu/libc99.a(sscanf.o)
 .debug_abbrev  0x000025f5      0x150 /home/houxd/prog/NXP/S32DS_ARM_v2.0/S32DS/arm_ewl2/lib/armv7e-m/fpu/libc99.a(vsnprintf.o)
 .debug_abbrev  0x00002745      0x15d /home/houxd/prog/NXP/S32DS_ARM_v2.0/S32DS/arm_ewl2/lib/armv7e-m/fpu/libc99.a(vsscanf.o)
 .debug_abbrev  0x000028a2       0x91 /home/houxd/prog/NXP/S32DS_ARM_v2.0/S32DS/arm_ewl2/lib/armv7e-m/fpu/libc99.a(exit.o)
 .debug_abbrev  0x00002933      0x191 /home/houxd/prog/NXP/S32DS_ARM_v2.0/S32DS/arm_ewl2/lib/armv7e-m/fpu/libc99.a(strtoul.o)
 .debug_abbrev  0x00002ac4       0x95 /home/houxd/prog/NXP/S32DS_ARM_v2.0/S32DS/arm_ewl2/lib/armv7e-m/fpu/libc99.a(memcpy.o)
 .debug_abbrev  0x00002b59       0x62 /home/houxd/prog/NXP/S32DS_ARM_v2.0/S32DS/arm_ewl2/lib/armv7e-m/fpu/libc99.a(memset.o)
 .debug_abbrev  0x00002bbb       0x89 /home/houxd/prog/NXP/S32DS_ARM_v2.0/S32DS/arm_ewl2/lib/armv7e-m/fpu/libc99.a(strchr.o)
 .debug_abbrev  0x00002c44       0x7a /home/houxd/prog/NXP/S32DS_ARM_v2.0/S32DS/arm_ewl2/lib/armv7e-m/fpu/libc99.a(strcmp.o)
 .debug_abbrev  0x00002cbe       0x96 /home/houxd/prog/NXP/S32DS_ARM_v2.0/S32DS/arm_ewl2/lib/armv7e-m/fpu/libc99.a(strcpy.o)
 .debug_abbrev  0x00002d54       0x7a /home/houxd/prog/NXP/S32DS_ARM_v2.0/S32DS/arm_ewl2/lib/armv7e-m/fpu/libc99.a(strlen.o)
 .debug_abbrev  0x00002dce       0x89 /home/houxd/prog/NXP/S32DS_ARM_v2.0/S32DS/arm_ewl2/lib/armv7e-m/fpu/libc99.a(strncmp.o)
 .debug_abbrev  0x00002e57       0x9b /home/houxd/prog/NXP/S32DS_ARM_v2.0/S32DS/arm_ewl2/lib/armv7e-m/fpu/libc99.a(strspn.o)
 .debug_abbrev  0x00002ef2      0x28e /home/houxd/prog/NXP/S32DS_ARM_v2.0/S32DS/arm_ewl2/lib/armv7e-m/fpu/libc99.a(__printformat.o)
 .debug_abbrev  0x00003180      0x237 /home/houxd/prog/NXP/S32DS_ARM_v2.0/S32DS/arm_ewl2/lib/armv7e-m/fpu/libc99.a(__scanformat.o)
 .debug_abbrev  0x000033b7       0x85 /home/houxd/prog/NXP/S32DS_ARM_v2.0/S32DS/arm_ewl2/lib/armv7e-m/fpu/libc99.a(ctype_aeabi.o)
 .debug_abbrev  0x0000343c       0x44 /home/houxd/prog/NXP/S32DS_ARM_v2.0/S32DS/arm_ewl2/lib/armv7e-m/fpu/libc99.a(errno.o)
 .debug_abbrev  0x00003480      0x140 /home/houxd/prog/NXP/S32DS_ARM_v2.0/S32DS/arm_ewl2/lib/armv7e-m/fpu/libc99.a(secure_error.o)
 .debug_abbrev  0x000035c0      0x1bb /home/houxd/prog/NXP/S32DS_ARM_v2.0/S32DS/arm_ewl2/lib/armv7e-m/fpu/libc99.a(__strtold.o)
 .debug_abbrev  0x0000377b       0x5c /home/houxd/prog/NXP/S32DS_ARM_v2.0/S32DS/arm_ewl2/lib/armv7e-m/fpu/libc99.a(abort.o)
 .debug_abbrev  0x000037d7      0x132 /home/houxd/prog/NXP/S32DS_ARM_v2.0/S32DS/arm_ewl2/lib/armv7e-m/fpu/libc99.a(mbstowcs_s.o)
 .debug_abbrev  0x00003909      0x11e /home/houxd/prog/NXP/S32DS_ARM_v2.0/S32DS/arm_ewl2/lib/armv7e-m/fpu/libc99.a(mbtowc.o)
 .debug_abbrev  0x00003a27      0x1a1 /home/houxd/prog/NXP/S32DS_ARM_v2.0/S32DS/arm_ewl2/lib/armv7e-m/fpu/libc99.a(__strtoul.o)
 .debug_abbrev  0x00003bc8      0x1bd /home/houxd/prog/NXP/S32DS_ARM_v2.0/S32DS/arm_ewl2/lib/armv7e-m/fpu/libc99.a(__strtoull.o)
 .debug_abbrev  0x00003d85      0x126 /home/houxd/prog/NXP/S32DS_ARM_v2.0/S32DS/arm_ewl2/lib/armv7e-m/fpu/libc99.a(wctomb.o)
 .debug_abbrev  0x00003eab       0x78 /home/houxd/prog/NXP/S32DS_ARM_v2.0/S32DS/arm_ewl2/lib/armv7e-m/fpu/libc99.a(__filll_mem.o)
 .debug_abbrev  0x00003f23       0x95 /home/houxd/prog/NXP/S32DS_ARM_v2.0/S32DS/arm_ewl2/lib/armv7e-m/fpu/libc99.a(memchr.o)